homicidal is a 1961 american horror-thriller film produced and directed by william castle , and starring glenn corbett , patricia breslin , eugenie leontovich , alan bunce , and jean arless . the film follows a murderous woman in a small california town whose presence unearths secrets concerning a prominent local family . as with many of castle 's films , the film was released with a promotional gimmick — in this case , a " fright break , " that allowed patrons to receive a refund if they were too scared to stay for the climax of the film .