unfinished business is a 2015 american comedy film directed by ken scott and written by steven conrad . the film stars vince vaughn , tom wilkinson , dave franco , sienna miller , nick frost , and james marsden . it was released on march 6 , 2015 . the film received negative reviews and was a box office bomb .