ammavin kaipesi ( english : mother 's cell phone ) is a tamil drama film directed and cinematographed by thangar bachchan . shanthnoo bhagyaraj , iniya form the cast . director thangar bachan who gave the most memorable films like azhagi , solla marandha kadhai , pallikoodam and onbadhu roobai nottu , is coming with a new directorial and production venture ammavin kaipesi . the film is based on a novel of the same name written by the director . shanthanu and iniya play the lead role while thangar bachan plays a pivotal role . ammavin kaipesi was among 2012 deepavali releases and was released along with podaa podi and thuppakki receiving mixed to positive reviews .