the strength and agility of insects is a 1911 british short silent documentary film , directed by f. percy smith , featuring close-ups of a houseflies and other insects secured and juggling various objects with its feet . the films in this series , which included the acrobatic fly ( 1910 ) , " caused an absolute furore when they were first shown to the public , " and , according to jenny hammerton of the bfi , smith , whose stated intention " was of course to entertain the public , but also to demonstrate the strength and agility of those insects we might unthinkingly squash or swat when they settle on our lunch , " " was forced to justify his methods in the press , guaranteeing that there was no trickery involved and certainly no cruelty . "