the attic door is a 2009 dramatic psychological thriller and the first feature-length film by director/writer danny daneau , from a script he co-wrote with eric ernst . produced by erica harrell , the film stars madison davenport and jake johnson . the film was acquired by new video and is now available for rent or download through various streaming sites . set in the turn of the century american west , a young brother and sister must confront their greatest fear in a haunting and romantic story about growing up .