those who make revolution halfway only dig their own graves ( french : ceux qui font les révolutions à moitié n'ont fait que se creuser un tombeau ) is a 2016 canadian drama film directed by mathieu denis and simon lavoie . it stars charlotte aubin , laurent bélanger , emmanuelle lussier-martinez and gabrielle tremblay as four young people , veterans of the 2012 quebec student protests , who have been disillusioned by the failure of their past activism to effect meaningful social change and now engage in small-scale public vandalism . the film competed in the platform program at the 2016 toronto international film festival , where it won for best canadian film . it was also nominated for three canadian screen awards , including best motion picture .