conversations with mother ( spanish : conversaciones con mamá ) is a 2004 argentine comedy-drama film directed and written by santiago carlos oves . the film stars eduardo blanco as a middle-aged man who has just lost his job and who has about to lose his home , his wife and his entire argentinian-bourgeois world and china zorrilla as his octogenarian mother . the film was nominated for three awards and won two awards with actress china zorilla winning at the 26th moscow international film festival and nominated for a silver condor best actress award at the argentine film critics association awards in 2005 . the film premiered on 15 april 2004 in argentina and appeared in over ten countries worldwide .