tom dick & harry 2 is an upcoming bollywood comedy film directed by deepak tijori , starring jimmy shergill , aftab shivdasani , sharman joshi , sana khan , pooja chopra and nazia hussain in the lead roles . the film is a sequel to the 2006 film tom dick and harry , a story about three deaf , dumb and blind men .