naked lunch is a 1991 science fiction drama film co-written and directed by david cronenberg and starring peter weller , judy davis , ian holm , and roy scheider . it is an adaptation of william s. burroughs ' 1959 novel of the same name , and an international co-production of canada , britain and japan . the film was released on december 27 , 1991 in the united states and april 24 , 1992 in the united kingdom by 20th century fox . it received positive reviews from critics , but was a box office bomb , garnering only $ 2.6 million out of a $ 17 – 18 million budget due to a limited release . it won numerous honours , including the national society of film critics award for best director and seven genie awards , notably best motion picture . naked lunch has since become a cult film .