max headroom : 20 minutes into the future is a 1985 cyberpunk television film created by chrysalis visual programming ltd. for channel 4 in the uk to provide a back story for max headroom , a computer generated tv host . a british produced , yet american broadcast , television series , max headroom , was later developed from the original film . hbo provided some of the original funding .