something to hide ( in the u.s. also reissued as shattered ) , is a 1972 british thriller film , written and directed by alastair reid , based on a 1963 novel by nicholas monsarrat . the film stars peter finch , shelley winters , colin blakely , linda hayden and graham crowden . finch plays a man harassed by his shrewish wife ( winters ) who , after picking up a pregnant teenage hitchhiker ( hayden ) is driven to murder and madness . the film was not released commercially in the united states until 1976 .