matthew joseph " matt " cohen ( born september 28 , 1982 ) is an american film and television actor best known for playing young john winchester and the archangel michael in supernatural , aiden dennison on the teen drama series south of nowhere , and his current role as griffin munro on the abc daytime soap general hospital .