rajmata jijau ( marathi : राजमाता जिजाऊ ) is a 2011 marathi language film based upon the life of jijabai , mother of the 17th century maratha king shivaji , as told in madan patil 's historical novel jijausaheb . the film was directed by yashwant bhalkar and produced by mandatai and sharadrao nimse from the studio jijai chitra in shirdi .