lowlife is a 2012 canadian psychological horror film directed by seth smith . it was first shown at the 2012 fantasia international film festival , then the atlantic film festival where it won the audience award for best feature . in november 2012 , the filmmakers organized a diy canada-wide theatrical release in 25 cities reaching every province and territory , screening in independent theaters and alternative venues .