the quiet earth is a 1985 new zealand science fiction post-apocalyptic film directed by geoff murphy and starring bruno lawrence , alison routledge and pete smith as three survivors of a cataclysmic disaster . it is loosely based on the 1981 science fiction novel of the same name by craig harrison . its other sources of inspiration have been listed as the 1954 novel i am legend , dawn of the dead , and especially the 1959 film the world , the flesh and the devil , of which it has been called an unofficial remake .