harlot ( 1964 ) is a feature-length underground film directed by andy warhol , written by ronald tavel , and featuring mario montez lounging on a sofa , eating bananas , with gerard malanga in a tuxedo , and with tavel , billy name , and harry fainlight having an off-screen discussion . this was warhol 's first sync-sound movie , filmed in december 1964 with his new auricon camera .