the power of good : nicholas winton ( czech : síla lidskosti : nicholas winton ) is a 2002 documentary about nicholas winton , the man who organized the kindertransport rescue mission of 669 children from german-occupied czechoslovakia on the eve of the second world war . director matej mináč decided to make the documentary after meeting winton while developing the film treatment for all my loved ones .