jackson records is a film and music publishing label based in india . the label and its sub-labels / imprints are owned and administered by jackson records digital entertainment llp ( formerly known as digisys media network until july 2014 ) . jackson records as a label started functioning from december , 2011 .