chaalbaaz ( english : trickster ) is a 1989 indian hindi language comedy film directed by pankaj parashar . the film is the remake of 1973 indian movie seeta aur geeta . starring sridevi in a double role , the film tells the story of two separated twin sisters anju who is badly treated and abused by her uncle while manju a street smart girl . the movie is regarded as an all-time classic comedy film of hindi cinema and is also regarded as one of sridevi 's finest performances till date . the film also starred rajinikanth , sunny deol , anupam kher , shakti kapoor , rohini hattangadi , anu kapoor . the film was one of the biggest commercial and critical success of the year and also the film 's music became a big hit especially ' naa jaane kaha se aye hain ' .