the beast ( also known as the beast of war ) is a 1988 american war film directed by kevin reynolds and written by william mastrosimone , based on his play nanawatai . the film follows the crew of a soviet t-55 tank which was lost during the soviet invasion of afghanistan . the film has enjoyed a cult-favorite status in spite of its low box office statistics .