dream on silly dreamer is a 2005 american documentary film directed by dan lund and produced by tony west . lund and west were both special effects animators at walt disney feature animation , and the film chronicles the rise and fall of traditional animation at the walt disney company from 1980 to 2005 .