chattakaari ( english : the anglo indian girl ) is a 2012 malayalam romantic drama film written by thoppil bhasi based on pamman 's famous novel of the same name and directed by santosh sethumadhavan . it is the remake of the 1974 film of the same name , directed by k. s. sethumadhavan , the father of santhosh . the film was produced by suresh kumar under the banner of revathy kalamandir . it stars shamna kasim in the title roles .