dia sokol savage is an american film and television producer , director and writer . she is best known as the executive producer of mtv ’s hit series 16 & pregnant and teen mom franchise and as a producer on andrew bujalski ’s films “ mutual appreciation ” and “ beeswax . ” she currently runs 11th street productions with her producing partner morgan j. freeman .