uma shivakumar ( c. 1941 – 25 june 2013 ) was an indian film and theatre character actress , who career included role in more than 170 kannada language films and more than 30 plays . she was nicknamed " baddi bangaramma " by audiences , after the popular 1984 film of the same name , in which she portrayed a moneylender .