the dead pool is a 1988 american action film directed by buddy van horn , written by steve sharon , and starring clint eastwood as inspector " dirty " harry callahan . it is the fifth and final film in the dirty harry film series , set in san francisco , california . the story concerns the manipulation of a dead pool game by a serial killer , whose efforts are confronted by the hardened detective callahan . it co-stars liam neeson , patricia clarkson and jim carrey ( in his first action dramatic role ) , each of whom eventually went on to greater film fame . it is the only film in the series to not feature albert popwell , an actor who had played a different character in each of the previous four films . at 91 minutes , it is the shortest of the five dirty harry film series . like those films , the dead pool is notable for coining catchphrases uttered by clint eastwood 's gun-wielding character , one of which is : " opinions are like assholes , everybody has one " .