hell and back again is a 2011 american-british-afghan documentary film produced , shot , and directed by danfung dennis , about a sergeant in the united states marines corps who returns from the afghanistan conflict with a badly broken leg and post-traumatic stress disorder . on january 24 , 2012 , the film was announced as one of the five nominees for the academy award for best documentary feature .