the son of the sheik is a 1926 american silent adventure/drama film directed by george fitzmaurice and starring rudolph valentino and vilma bánky . the film is based on the 1925 romance novel of the same name by edith maude hull , and is a sequel to the 1921 hit film the sheik , which also stars rudolph valentino . the son of the sheik is valentino 's final film and was released nearly two weeks after his death from peritonitis at the age of 31 . in 2003 , the film was selected for preservation in the united states national film registry by the library of congress as being " culturally , historically , or aesthetically significant " .