dear ruth is a 1947 romantic comedy film starring joan caulfield , william holden , mona freeman , and edward arnold . it was based on the broadway play of the same name by norman krasna . a teenage girl has a soldier for a pen pal , but uses her older sister 's name and photograph . then the man shows up while on a two-day leave .