wild boys of the road is a 1933 pre-code depression-era american film telling the story of several teens forced into becoming hobos . the film was directed by william wellman from a screenplay by earl baldwin based on the story desperate youth by daniel ahern . the film stars frankie darro . in 2013 the film was selected for preservation in the united states national film registry by the library of congress as being " culturally , historically , or aesthetically significant " .