nightwalking ( also known as night walking ) is a 2008 british comedy horror short film directed by daniel cormack , starring raquel cassidy and lloyd woolf . in 2010 , nightwalking was selected for preservation by the british film institute 's national archive and was archived by the british universities film and video council as part of their television and radio index for learning and teaching ( trilt ) . in 2012 , the film was acquired by the british library 's moving image collection .