la anam listen ( arabic : لا أنام , sleepless ) is a 1957 egyptian melodrama film . the film follows the intricate story of nadia lutfi , a daughter of divorced parents who suffers from electra complex , which drives her to intervene in her father 's relationships . directed by the egyptian film director salah abu seif , this film is based on a novel with the same name written by the egyptian novelist ihsan abdel quddous . the film , which is currently ranked the 29th best egyptian film by the cinema committee of the supreme council of culture in cairo , starred faten hamama and yehia chahine , along with five other prominent egyptian actors . it was released on dvd as part of the egyptian cinema classics film collection . la anam is one of the ten first egyptian colored films .