jalsa ( english : fun ) is an upcoming marathi comedy film directed by ashutosh raj . the film stars bharat ganeshpure , sagar karande , abhijit chavan , ashutosh raj , nikhil wairagar , girija joshi and shital ahirrao in pivotal roles . story of the film is written by ashutosh raj and abhiram bhadkamkar . the film is produced by studio 9 entertainment and ashutosh raj . in this film , mansi naik will be seen performing on song " bai vadyavar ya " as tribute to legendary marathi actor nilu phule . this song is composed by sameer saptiskar , choreographed by rajesh bidve and sung by anand shinde .