the purple vigilantes is a 1938 american western film directed by george sherman and starring robert livingston , ray corrigan , and max terhune . written by betty burbridge and oliver drake , the film is about a rancher who organizes other ranchers to form a vigilante group in order to rid their town of outlaws . after the outlaws are defeated , some of the men , posing as the vigilant group , go on a crime spree . the purple vigilantes is the 12th entry in the three mesquiteers series of b-movies produced by republic pictures . the film was released in the united kingdom as purple riders .