fort tilden is a 2014 american independent , comedy film , written and directed by sarah-violet bliss and charles rogers , starring bridey elliot , claire mcnulty , neil casey , alysia reiner , and peter vack . the film had its world premiere at sxsw on march 8 , 2014 , where it won that year 's grand jury award . the film was acquired by revived orion pictures and was released on august 14 , 2015 , in a limited release , and through video on demand .