ninja iii : the domination is a 1984 american martial arts action horror film directed by sam firstenberg , and stars sho kosugi , lucinda dickey , jordan bennett , and james hong . it is the third film in cannon films ' ninja trilogy anthology series , the first being enter the ninja , and the second being revenge of the ninja .