decampitated is a 1998 independent american horror comedy film . it was directed by matt cunningham and stars mike hart , jonathon scott , thomas martwick , steve ladden , and cristina patterson ceret . it was distributed on video by troma entertainment . decampitated was filmed in colorado and finishing funds were provided by troma entertainment .