a trip to chinatown is a 1926 silent film produced and distributed by the fox film corporation and starring margaret livingston . the supporting cast includes anna may wong and charles farrell . the movie was scripted by beatrice van from charles hale hoyt 's hit broadway musical of the same name and directed by robert p. kerr . livingston played the " woman from the city " the following year in f. w. murnau 's sunrise , the rival to farrell 's future screen partner janet gaynor . this film is considered by historians to be lost .