villain ( 悪人 akunin ) is a 2010 japanese film directed by lee sang-il , based on shuichi yoshida 's crime noir novel of the same name . it was nominated for numerous awards at the 2011 japan academy prize , including best film and best director ( which was director lee 's second nomination , after his 2006 win for hula girls ) , and won five , which included all four acting awards and for the score by joe hisaishi .