nasha ( english : intoxication ) is 2013 indian teen coming-of-age film directed by amit saxena . the film is the bollywood debut of shivam patil and model poonam pandey . upon release , nasha gained mixed critical response . it cost approximately ₹ 40 million ( us$ 590,000 ) , and grossed a little over ₹ 80 million ( us$ 1.2 million ) at the box office .