the hills have eyes 2 is a 2007 american horror film , and the sequel to the 2006 film which was a remake of the 1977 horror film . the film follows several u.s. army national guardsmen as they fight for survival against the mutant people living in a military base in the new mexico desert . the hills have eyes 2 was directed by german film director martin weisz and written by father and son team wes and jonathan craven . a graphic novel titled the hills have eyes : the beginning was published by fox atomic comics to accompany the release of the film ; it was released july 3 , 2007 . the film stars michael mcmillian , jacob vargas , flex alexander , and jessica stroup .