the devil 's double is a 2011 belgian-dutch biographical film directed by lee tamahori , written by michael thomas , and starring dominic cooper in the dual role of uday hussein and latif yahia . it was released on january 22 , 2011 at the 2011 sundance film festival and was released in limited theaters on july 29 , 2011 by lionsgate and herrick entertainment .