sri lanka : the search for justice is an investigative documentary about the final weeks of the sri lankan civil war by callum macrae.the documentary is about the search for justice for thousands of sri lankan tamils and supports international justice rather than a domestic process.it is being released under a slogan #letthem be heard .