neranja manasu is a 2004 tamil action drama film written and directed by samuthirakani . it stars vijayakanth , susan , sampath raj , manorama , vinu chakravarthy in lead . the film score is composed by karthik raja , while cinematography is by v. prathap and editing handled by anil malnad . neranja manasu opened to mixed reviews but the movie is success in box office .