saved ! is a 2004 american teen comedy-drama film involving elements of religious satire . it was directed by brian dannelly and written by dannelly and michael urban . it stars jena malone , mandy moore , macaulay culkin , patrick fugit , eva amurri , martin donovan , and mary-louise parker . the film touches on the issues of religion , ostracism , homophobia , teen pregnancy , divorce , and disabilities .