hysteria is a 2011 british period romantic comedy film directed by tanya wexler . it stars hugh dancy and maggie gyllenhaal , with felicity jones , jonathan pryce , and rupert everett appearing in key supporting roles . the film , set in the victorian era , shows how the medical management of hysteria led to the invention of the vibrator . the film 's title refers to the once-common medical diagnosis of female hysteria .