no man 's land is a 1987 american crime film written by dick wolf directed by peter werner , and stars charlie sheen , d. b. sweeney and randy quaid . the basic plotline ( undercover policeman falls in love with prime suspect 's sister and can not bring himself to make an arrest ) is frequently cited as inspiring the film the fast and the furious .