priyatama ( matathi : प्रियतमा ... . खडकाळ माळराणावर फुललेलं एक हळवं प्रीतस्वप्न ) is a 2014 marathi film . the film is the story of parsha and gauri in a small village of maharashtra in 1951 , who fall in love despite belonging to different social classes and opposite lifestyles . priyatama was released in theaters on 14 february 2014 .