the cremaster cycle is a series of five feature-length films , together with related sculptures , photographs , drawings , and artist 's books , created by american visual artist and filmmaker matthew barney . the cremaster cycle was made over a period of eight years ( 1994 – 2002 ) and culminated in a major museum exhibition organized by nancy spector of the solomon r. guggenheim museum in new york city , which traveled to the museum ludwig in cologne and the musée d'art moderne in paris from 2002-03 . barney 's longtime collaborator jonathan bepler composed and arranged the soundtracks for the films .