cold war 2 is a 2016 hong kong-chinese crime thriller film written and directed by longman leung and sunny luk . the film is a sequel to the 2012 box office hit , cold war , and stars returning cast members aaron kwok , tony leung , charlie young , eddie peng , aarif rahman , ma yili and alex tsui , joined by new cast members chow yun-fat , janice man , tony yang and bibi zhou . cold war 2 was released on 8 july 2016 in 2d , 3d and imax 3d .