beyond the lights is a 2014 american romantic drama film directed and written by gina prince-bythewood . the film stars gugu mbatha-raw , minnie driver , nate parker , danny glover , and rapper machine gun kelly . the film premiered at the 2014 toronto international film festival on september 7 , 2014 and was released theatrically in the united states on november 14 , 2014 . in 2015 , the song " grateful " , written by diane warren for the film , was nominated for the academy award for best original song .