chauranga ( hindi चौरंगा ) is a 2016 hindi film . it is the debut feature film of indian writer-director bikas ranjan mishra , produced by onir and sanjay suri . the film was developed at the screenwriters ' lab organized by national film development corporation of india in collaboration with locarno film festival and the scriptstation of berlinale talent campus , a part of berlin international film festival . the film won golden gateway of india award for best film ( india gold 2014 ) at the 16th mumbai film festival . the film was released worldwide on 8 january 2016 .