sugar is a 2008 sports drama film directed by anna boden and ryan fleck . it follows the story of miguel santos , a. k. a. sugar ( algenis perez soto ) , a dominican pitcher from san pedro de macorís , struggling to make it to the big leagues and pull himself and his family out of poverty . playing professionally at a baseball academy in the dominican republic , miguel finally gets his break at age 19 when he advances to the united states ' minor league system ; but when his play on the mound falters , he begins to question the single-mindedness of his life 's ambition .