the ninth circle ( croatian : deveti krug / девети круг ) is a 1960 yugoslavian film directed by france štiglic . the story revolves around the croatian ustasha concentration camp named the ninth circle , based on the infamous jasenovac concentration camp . it was nominated for the academy award for best foreign language film . it was also entered into the 1960 cannes film festival .