anuraga aralithu is a 1986 kannada film based on a kannada novel anuragada anthapura written by h. g. radhadevi . the film starred actor rajkumar along with madhavi , geetha and pandari bai . it was directed by : m.s. rajashekhar . the music director and composer was upendra kumar . song lyrics were by chi . udaya shankar . the film was highly successful at the box office . it was later remade in tamil as mannan , in telugu as gharana mogudu which is a bigger hit than original version and in hindi as laadla .