the memory of water ( spanish : la memoria del agua ) is a 2015 chilean drama film written and directed by matías bize . it was screened in the venice days section at the 72nd venice international film festival . it won the colón de oro for best director at the 2015 festival de cine iberoamericano de huelva .