the minder ( spanish : el custodio ) is a 2006 argentine drama film directed by rodrigo moreno . it was co-produced by argentina , uruguay , france and germany . ( in english the title literally means : " the bodyguard . " ) the motion picture features julio chávez as the bodyguard , and osmar núñez as the man he protects for a living . the film tells of bodyguard rubén , who is in charge of protecting artemio , the argentine 's minister of planification .