teri meri love story ( or tmls for short ) is a 2016 pakistani romantic-comedy , action film directed by jawad bashir . it is also written by jawad bashir and co-written by ahmed abdul rehman . it was co-produced and distributed by summit entertainment , hum films . the film has mohib mirza , ushna shah , omar shahzad , uzma khan , mohsin abbas haider and salman shahid in lead roles .