the amorous prawn or the amorous mr. prawn is a 1962 british comedy film directed by anthony kimmins and starring ian carmichael , joan greenwood and cecil parker . the film was based on a farcical play by kimmins . in the united states the film was retitled the playgirl and the war minister to exploit the profumo affair .