japanese devils ( or riben guizi 日本鬼子 ) is a japanese documentary about the war crimes committed by the imperial japanese army between 1931 and 1945 . the documentary is a series of interviews with 14 japanese veterans of the second sino-japanese war who recount rape , massacres , bio-experiments , and cannibalism . the accuracy of these interviews is contested by japanese nationalist critics . minoru matsui 's inspiration for the film came after one of his original interviewees died . feeling that it was his last chance to document the stories , he began the process of creating the documentary . initial support was minimal , with all production companies showing no interest . the film did not gain any traction until it was entered into the berlin film festival . the original title , riben guizi , is a chinese phrase popular in the 1930s and 1940s used to express hatred for japanese invaders .