panchamirtham is 2008 tamil-language fantasy comedy film scripted and directed by raju eswaran , it stars jayaram , prakash raj and " raju eswaran " in the lead roles , while aravind akash , nassar , samiksha and saranya mohan play other prominent roles . produced by abhirami ramanathan , the film was released on 25 december 2008 .