the cult of sincerity is an independent film about hipster culture and postmodernist irony set in williamsburg in brooklyn , new york . it was released in its entirety on youtube on april 8 , 2008 , making it the first time that youtube had partnered with filmmakers for a film premiere . the film was later released as a digital download , with some of the proceeds going to the charity fount of mercy . the filmmakers collaborated with amie street , a digital music site for indie musicians , to help pay for the production .