blood ties is a 2013 franco – american crime thriller film directed by guillaume canet . it is a remake of 2008 french thriller les liens du sang by jacques maillot , an adaptation of the french novel deux frères : flic & truand by bruno and michel papet . the screenplay was written by canet and james gray and stars clive owen , billy crudup , marion cotillard , mila kunis and matthias schoenaerts . the film was selected to be screened out of competition at the 2013 cannes film festival . it received a limited release on march 21 , 2014 in the united states .