stuck on you is a 2003 comedy film directed by the farrelly brothers and starring matt damon and greg kinnear as conjoined twins , whose conflicting aspirations provide both conflict and humorous situations , in particular when one of them wishes to move to hollywood to pursue a career as an actor .