listen to britain is a 1942 british propaganda short film by humphrey jennings and stewart mcallister . the film was produced during world war ii by the crown film unit , an organisation within the british government 's ministry of information to support the allied war effort . the film was nominated for the inaugural academy award for documentary feature in 1943 , but lost against four other allied propaganda films . it is noted for its nonlinear structure and its use of sound .