chaudhvin ka chand is a 1960 urdu/hindi feature film directed by mohammed sadiq . a production of guru dutt , the film centers on a love triangle between guru dutt , rehman and waheeda rehman , and features music by ravi . farida jalal makes a guest appearance in the film , her debut . after the disastrous box-office performance of kaagaz ke phool , this was a highly commercially successful comeback film for guru dutt which saved guru dutt 's production studio from ruins .