letter from an unknown woman is a 1948 american drama romance film directed by max ophüls . it was based on the novella of the same name by stefan zweig . the film stars joan fontaine , louis jourdan , mady christians and marcel journet . in 1992 , letter from an unknown woman was selected for preservation in the united states national film registry by the library of congress as being " culturally , historically , or aesthetically significant " .