nashville girl is a 1976 film from new world pictures about an aspiring country and western singer . it was also known as new girl in town and country music daughter to capitalize on the success of the similar film coal miner 's daughter . roger corman says the film was very popular in the south and also in europe , which surprised him .