monalisa ( kannada : ಮೊನಾಲಿಸ ) is a 2004 indian kannada romance film written and directed by indrajit lankesh . the film stars dhyan and sadha in lead roles and prominent actors such as darshan and rekha vedavyas have done cameo appearances . the film is produced by k. s. dushyanth and k. santhosh kumar . the film was a blockbuster success upon release and also received critical appreciation . it went on to win numerous awards at the filmfare awards south and karnataka state film awards for the year 2004 . it was also dubbed into telugu with the same title with a reshot comedy track involving brahmanandam and kovai sarala .