prey is a 2009 australian supernatural horror film directed by george t. miller ( though credited to oscar d'roccster ) , written by miller and starring former neighbours actress and rogue traders lead singer natalie bassingthwaighte , and american jesse johnson . it grossed $ 744 at the box office .