the river pirate is a 1928 american drama film directed by william k. howard and written by malcolm stuart boylan , ben markson and john reinhardt . the film stars victor mclaglen , lois moran , nick stuart , earle foxe , donald crisp and bob perry . the film was released on august 26 , 1928 , by fox film corporation .