escaflowne ( japanese : エスカフローネ hepburn : esukafurōne ) , also released under the title escaflowne : a girl in gaea , is a 2000 anime fantasy film produced by sunrise and animated by studio bones . directed by kazuki akane , the film is a re-telling of the 26-episode anime television series the vision of escaflowne . while the plot of the film has some similar elements to the original television series , the characters differ in varying degrees from the television counterparts , with many completely redesigned and bearing little resemblance to the originals . the world of gaea has a more asian design than the heavily european influenced television series . the film was licensed for region 1 release by bandai entertainment , which gave the film a theatrical release on january 25 , 2002 . a soundtrack and two drama cds have also been released in japan by victor entertainment in relation to the series .