birdemic 2 : the resurrection is a 2013 american romantic thriller-horror film written and directed by james nguyen . it is the sequel to the 2008 film birdemic : shock and terror . the film , as with its predecessor , has been considered one of the worst films of all time and features mainly self-referential humor about the reception of the previous film . taking place two years after birdemic , the film follows another mass bird attack caused by global warming , this time in hollywood .