horror express , a.k.a pánico en el transiberiano in spain ( panic on the trans-siberian express ) , is a 1972 spanish-british science fiction-horror film produced by bernard gordon and gregorio sacristan , directed by eugenio martín , that stars christopher lee , peter cushing , alberto de mendoza , silvia tortosa and telly savalas . the screenplay was written by arnaud d'usseau and julian zimet ( credited as julian halevy ) .