iraq in fragments is a documentary film directed by james longley . longley shot the film in digital video on a panasonic dvx100 minidv camcorder . the film premiered at the 2006 sundance film festival where it won three awards : " directing award documentary " , " editing award documentary " and " excellence in cinematography award documentary " . the film is also a part of the iraq media action project film collection . it was nominated for an academy award for best documentary feature . the film was shot in iraq and edited at 911 media arts center in seattle . this film has three parts to it which describe the viewpoints of sunni , shi'ite , and kurdish residents .