chatrapathy ( tamil : சத்திரபதி ) is a 2004 tamil language indian film directed by srimahesh . the film features r. sarathkumar and nikita thukral in lead roles whilst vadivelu , mahadevan and rajesh play supporting roles . the film was released in february 2004 and later re-released in hindi under the dubbed title of the great chatrapathy .