the necessities of life ( french : ce qu'il faut pour vivre ) is a 2008 canadian drama film directed by benoît pilon and starring natar ungalaaq , éveline gélinas and paul-andré brasseur . told in both french and inuktitut , the film is about an inuit man who seeks treatment for tuberculosis in quebec . the film was shot in iqaluit , nunavut and quebec city . it received positive reviews and won four genie awards , including best direction for pilon , and the special grand prize of the jury of the montreal world film festival .