the kid , also known as kid cheung and my son a-chang , is a 1950 hong kong drama film starring the then 10-year-old bruce lee in his first leading role in the title role of " kid cheung " , based on a comic book character written by yuen bou-wan , who also has a role in the film . co-starring lee 's father , lee hoi-chuen , this is the second film in which the father and son worked together on , the other being the birth of mankind in 1946 .