taxi zum klo is a 1981 film written by , directed by , and starring frank ripploh . the story of a schoolteacher and the contrasts between his public and private lives , the film documents pre-aids gay culture in west berlin in the early 1980s . ripploh has stated that much of the film was autobiographical . the name literally means taxi to the toilet ( or " taxi to the john " , etc. ) , that being a place for casual gay sex .