christmas , again is a 2014 drama romance written , directed , and produced by charles poekel . the film features kentucker audley in the lead role as a christmas-tree salesman returning to new york city . the film had its premiere at the 2014 locarno international film festival in switzerland and the 2015 sundance film festival in the united states .