neil young : heart of gold is a 2006 documentary and concert film by jonathan demme , featuring neil young . the film was made in the summer of 2005 in nashville , tennessee , premiered at the sundance film festival , and was released to theaters on february 10 , 2006 . the film documents young 's premiere of his songs from his album prairie wind at the ryman auditorium .