godspell ( also known as godspell : a musical based on the gospel according to st. matthew ) is the 1973 musical film of the off-broadway musical godspell created by john-michael tebelak with music and lyrics by stephen schwartz . directed by david greene with stars victor garber as jesus and david haskell as judas/john the baptist , the film is set in contemporary new york city . john-michael tebelak is credited as co-writer of the screenplay and served as the creative consultant , although director david greene said tebelak did not write the screenplay .