phir bhi apna hai ( even then he 's ours ) is a bollywood film . it was released in 1946 . the film was directed by raja nene for venus pictures under the charolia productions banner and was produced by a. v. charolia . music was composed by ramchandra pal with lyrics by mukhram sharma ashant . the cast included nalini jaywant , karan dewan , jagdish sethi , saroj borkar , kusum deshpande and vasant thengdi . following her marriage to virendra desai , son of chimanbhai desai of sagar movietone in 1945 , nalini jaywant had a hiatus of nearly three years from films . phir bhi apna hai was the only jaywant film released as it was in making over a long period of time .