bandhukkal sathrukkal is a 1993 indian malayalam film , written , directed and produced by sreekumaran thampi , who also wrote and composed the songs . the film stars jayaram , rohini , mukesh and rupini in lead roles . the film had musical score by sreekumaran thampi . the songs of this film were declared blockbusters .