hidalgo is a 2004 biographical western film based on the legend of the american distance rider frank hopkins and his mustang hidalgo . it recounts hopkins ' racing his horse in arabia in 1891 against bedouins riding pure-blooded arabian horses . the movie was written by john fusco and directed by joe johnston . it stars viggo mortensen , zuleikha robinson , and omar sharif .