eddystone is a bluetooth low energy beacon profile released by google in july 2015 . the apache 2.0-licensed , cross-platform , and versioned profile contains several frame types , including eddystone-uid , eddystone-url , and eddystone-tlm . eddystone-url is used by the physical web project , whereas eddystone-uid is typically used by native apps on a user 's device , including google 's first party apps such as google maps .