the place beyond the pines is a 2012 american crime drama film directed by derek cianfrance and written by cianfrance , ben coccio , and darius marder . it stars ryan gosling , bradley cooper , eva mendes , emory cohen and dane dehaan , with ben mendelsohn , rose byrne , mahershala ali , bruce greenwood , harris yulin , and ray liotta in supporting roles . the film reunites cianfrance and gosling , who worked together on 2010 's blue valentine . the film was scored by mike patton and also featured previously written music by estonian composer arvo pärt . the title is the english meaning of the city of schenectady , new york , which is derived loosely from a mohawk word for " place beyond the pine plains . "