midnight in the garden of good and evil is a 1997 american crime drama film based on john berendt 's 1994 novel of the same name . the film is directed by clint eastwood , and stars kevin spacey and john cusack . the film follows a historic preservationist and a magazine writer , on a trail for murder at savannah , georgia .