the return of cagliostro ( italian : il ritorno di cagliostro ) is a 2003 italian mockumentary-comedy film directed by daniele ciprì and franco maresco . for his performance in this film and in break free luigi maria burruano received a special mention from the pasinetti award jury at the 2003 venice film festival .