a touch of the sun is a 1979 british-american comedy film directed by peter curran and starring oliver reed , sylvaine charlet , peter cushing and wilfrid hyde-white . it was also released as no secrets ! . an american space capsule has crashed into an african dictatorship , whose ruler refuses to return it unless he is paid a large ransom . in response the americans send in a secret agent to recover it .