dark house is a 2014 horror film directed by victor salva and starring tobin bell , lesley-anne down and luke kleintank . the film follows a man named nick di santo , who discovers that not only is his long-lost father alive , but that he may be able to explain the source of his son 's telekinetic abilities .