pale blood is a 1990 direct-to-video vampire film directed by v.v. dachin hsu and michael w. leighton . it was written by hsu an takashi matsuoka , and produced by omar kaczmarczyk and leighton . the film starred george chakiris , wings hauser and pamela ludwig , and featured music and performance by the punk rock band agent orange .