kavin dave ( born 12 november 1984 ) is an indian film and television actor . dave made his big screen debut in the movie mumbai meri jaan in 2008 . this was followed by further successful films including my name is khan , i hate luv storys , crook , shirin farhad ki toh nikal padi and kick . dave recently played the lead role in the film bumboo . after featuring in several television commercials for popular brands including sprite , vodafone , dish tv , fortune oil , sil jam and center shock , he landed the lead role in the television sitcom rishta.com . dave made his tollywood debut with the telugu film money money , more money .