charles bronson ( born charles dennis buchinsky ; lithuanian : karolis dionyzas bučinskis ; november 3 , 1921 – august 30 , 2003 ) was an american actor . he starred in films such as once upon a time in the west , the magnificent seven , the dirty dozen , the great escape , rider on the rain , the mechanic , and the death wish series . he was often cast in the role of a police officer , gunfighter , or vigilante in revenge-oriented plot lines . he had long collaborations with film directors michael winner and j. lee thompson . in 1965 , he was featured as major wolenski in battle of the bulge .