the cruise is a 76-minute documentary released in 1998 . it was the debut film of bennett miller , who became prominent after directing capote ( 2005 ) . the film records the worldview and personality of timothy " speed " levitch , who was then a guide for bus tours of new york city . levitch had become popular for his unconventional narrative about the city that he delivered at a frenetic pace .