the postman always rings twice is a 1946 film noir based on the 1934 novel of the same name by james m. cain . this adaptation of the novel features lana turner , john garfield , cecil kellaway , hume cronyn , leon ames , and audrey totter . it was directed by tay garnett . the musical score was written by george bassman and erich zeisl ( the latter uncredited ) . this version was the third filming of the postman always rings twice , but the first under the novel 's original title and the first in english . previously , the novel had been filmed as le dernier tournant ( the last turning ) in france in 1939 and as ossessione ( obsession ) in italy in 1943 .