shrek 4-d ( also known as shrek 3-d for the dvd release , and the ghost of lord farquaad for the netflix release ) is a 4d film at various theme parks around the world . universal parks & resorts is the main licensee of the film which is currently shown at their parks in hollywood , florida , japan , and singapore . outside of the universal parks , the movie was shown at movie park germany in germany from may 2008 until july 2011 , and warner bros . movie world in australia from september 2005 until august 2010 . a spin-off attraction titled donkey 's photo finish is located at the florida venue while meet shrek and donkey is located at the hollywood venue . in universal studios japan , the attraction is shown in the same theater as sesame street 4-d movie magic , with the shrek 4-d film shown for the first half of the day , and the sesame street film shown for the second half of the day .