the bunny game is a 2010 low budget exploitation horror film directed by adam rehmeier and is loosely based upon the exploits of serial killer , robert ben rhoades . set in the desert , the film is about a prostitute who is abducted by a truck driver and subjected to extreme and abusive sex . the screenplay was co-written by rehmeier and the film 's lead female actress , rodleen getsic in the united states , the film had a limited theatrical release ; it was later released on dvd and blu-ray disc on july 31 , 2012 by autonomy pictures .