anandhapurathu veedu is a 2010 indian tamil supernatural mystery film co written and directed by tamil television director naga , who has directed serials like marmadesam , vidathu karuppu and chidambara rahasiyam . this film , naga 's feature film debut , stars nandha and chaya singh in lead roles along with child artist aryan , making his debut . written by naga , sharath haridasan and indra soundar rajan and produced by director s. shankar 's s pictures , anandhapurathu veedu was released on 9 july 2010 . the film was commercial success at the box office .