the scarlet letter is a 1995 american romantic drama film . it is a film adaptation of the nathaniel hawthorne novel of the same name . it was directed by roland joffé and stars demi moore , gary oldman , and robert duvall . this version was " freely adapted " from hawthorne and deviated from the original story . it was nominated for seven golden raspberry awards at the 1995 ceremony , winning " worst remake or sequel . "