18.11 a code of secrecy is a 2014 indian hindi action film written and directed by mohibul haque and produced by merina hauque . under the banner of ultimate pictures , the film stars rehal khan , gulshan grover and mukesh tiwari in the lead roles . the movie has been listed as one of the worst hindi movies ever by many critics .