the postmodern life of my aunt ( simplified chinese : 姨妈的后现代生活 ; traditional chinese : 姨媽的後現代生活 ; pinyin : yimā de hòuxiàndài shēnghúo ) is a 2006 hong kong serio-comedy film , directed by ann hui , starring siqin gaowa and chow yun-fat . the film also guest-stars chinese actresses zhao wei and lisa lu . its executive producer was yuan mei ; another producer was er yong . the film was based on a novel of the same title written by yan yan ( 燕燕 ) , while the film 's screenplay was by li qiang , a chinese scriptwriter , who had written the script of the 2005 film peacock , directed by gu changwei .