we ca n't make the same mistake twice is a 2016 canadian documentary film by alanis obomsawin about the first nations activist cindy blackstock and her court case against the federal government of canada for underfunding social services to children living on first nations reserves . the film details how the federal government has resisted applying jordan 's principle to restitution efforts . also appearing in the film is assembly of first nations lawyer david nahwegahbow , who describes the government 's efforts to avoid living up to its agreements with indigenous peoples . to make the film , obomsawin followed the case for six years , recording testimony from all sides . we ca n't make the same mistake twice is the 49th film that obomsawin has directed for the national film board of canada — with her 50th , norway house , in production .