boogie-woogie dream ( 1944 ) is an independently made short film musical , directed by hanus burger , starring lena horne , albert ammons , pete johnson and teddy wilson and his orchestra . it is a significant film in the history of jazz for its early glimpse of lena horne ( in her second film ) and as the only film of boogie-woogie piano masters albert ammons and pete johnson .