vipra narayana ( telugu : విప్రనారాయణ ) is a telugu devotional & biographical film , based on the life of thondaradippodi alvar , also called vipranarayanar or bhaktanghri renu swamy was a tamil vaishnava saint . he led his life in devotion to lord narayana and worked for the perumal ( lord ) by dedicating him with garlands . he is one of the 12 alvars . the film produced and directed by p. s. ramakrishna rao on bharani studios banner . starring akkineni nageswara rao , bhanumathi ramakrishna in the lead roles and music composed by s. rajeswara rao . the film was dubbed in tamil with the same title and released in 1955 .