merrin dungey ( born august 6 , 1971 ) is an american film and television actress , known for her roles on the television series the king of queens , alias , and summerland . she also appeared as ursula on the abc series once upon a time . most recently , dungey starred on the abc legal drama conviction .