the shell seekers ( german : die muschelsucher ) is a 2006 mini-series starring academy award-winners , vanessa redgrave and maximilian schell . the british-german co-production was directed by piers haggard . it is an adaptation of rosamunde pilcher 's 1987 novel of the same name and premiered on germany 's zdf on december 25 , 2006 . it was screened in the united states on the hallmark channel on 3 may 2008 .