stuart little is a live-action/computer-animated film series , based on the 1945 children 's novel by e. b. white . the films are produced by franklin/waterman productions and released by columbia pictures . live-action roles include jonathan lipnicki , geena davis and hugh laurie , while the voice-over roles include michael j. fox and nathan lane .