surviving : a family in crisis ( also known simply as surviving , and later released on vhs as tragedy ) is a 1985 abc television movie . directed by warris hussein and starring zach galligan , molly ringwald , and river phoenix , the film is described as a modern-day romeo & juliet story that examines the tragedy of teen suicide , and the loved ones left behind to pick up the pieces .