bollywood diaries is a 2016 indian hindi-language drama film written and directed by k. d. satyam . it features raima sen , salim diwan , and ashish vidyarthi in lead roles , along with karuna pandey and vineet kumar singh . produced by dr. sattar diwan under the banner of rehab pictures private limited , the film was released worldwide on 26 february 2016 .