return to sleepaway camp is a 2008 slasher film written and directed by robert hiltzik . this film takes place after 1983 's sleepaway camp , and ignores the events of previous sequels sleepaway camp ii : unhappy campers ( 1988 ) and sleepaway camp iii : teenage wasteland ( 1989 ) . sleepaway camp iv : the survivor ( 2012 ) ignores this film , and resumes where the third movie left off .