frost/nixon is a 2008 british-american historical drama film based on the 2006 play of the same name by peter morgan , who also adapted the screenplay . the film tells the story behind the frost/nixon interviews of 1977 . the film was directed by ron howard and produced for universal pictures by howard , brian grazer of imagine entertainment and tim bevan and eric fellner of working title films , and received five academy award nominations , including best picture , best actor and best director . the film reunites its original two stars from the west end and broadway productions of the play : michael sheen as british television broadcaster david frost and frank langella as former united states president richard nixon .