phineas and ferb the movie : across the 2nd dimension is a 2011 disney channel original movie based on the tv series phineas and ferb .   the film premiered august 5 , 2011 in the united states .   it was first announced by jeff " swampy " marsh during a january 2010 interview with the daily telegraph .   it is the first feature-length film of the phineas and ferb series , and the third animated disney channel original movie , following kim possible movie : so the drama and the proud family movie .   the film premiere averaged 7.6 million viewers , making it one of the highest-rated animated programs on cable in more than three years .   it later gained over 3 million viewers to become the second best animated basic cable telecast ever in kids 6 – 11 and tweens 9 – 14 and cable 's fifth best movie ever in total viewers .