captain phillips is a 2013 american biographical survival thriller film directed by paul greengrass and starring tom hanks and barkhad abdi .   the film is inspired by the true story of the 2009 maersk alabama hijacking , an incident during which merchant mariner captain richard phillips was taken hostage by pirates in the indian ocean led by abduwali muse .   the screenplay by billy ray is based on the 2010 book a captain 's duty : somali pirates , navy seals , and dangerous days at sea by richard phillips with stephan talty .   scott rudin , dana brunetti and michael de luca served as producers on the project .   it premiered at the 2013 new york film festival , and was theatrically released on october 11 , 2013 .   the film emerged as a box office success grossing over $ 218 million against a budget of $ 55 million .   in 2014 , captain phillips received six academy award nominations , including best picture , best adapted screenplay and best supporting actor for abdi .