pride is a 2007 biopic drama feature film released by lionsgate entertainment on march 23 , 2007 .   loosely based upon the true story of philadelphia swim coach james " jim " ellis , pride stars terrence howard , bernie mac , and kimberly elise .   the film was directed by sunu gonera .   the film centers on jim ellis ( terrence howard ) and grouchy but caring janitor elston ( bernie mac ) .   the two have a short-lived rivalry before becoming good friends .