the poseidon project is a 2013 documentary film about the search for the lost royal navy submarine hms poseidon .   the submarine sank after a collision off the coast of china in 1931 .   it was widely assumed to be still present in the bohai sea , 20 miles off the city of weihai in china 's shandong province until american author and scuba diver steven schwankert discovered that she had been salvaged by a chinese salvage team in 1972 .   schwankert 's work and the history of the submarine and its crew is the subject of the poseidon project .   the film was directed by british brothers arthur jones and luther jones .