lugongbagi ahing ( english : marriage night ) is a 2011 manipur film directed by bijgupta laishram and produced by t. baruni devi , under the banner of baruni films .   the film features gokul athokpam , bala hijam and ashok in the lead roles .   ghanashyam , narendra ningomba , sonia hijam , lalitabi , geeta , purneshori , lalit and sp ingocha are playing supporting roles .   the film was released at classic hotel , imphal on 3 june 2011 .   it is a 2011 blockbuster film .