the ticket of leave man is a 1937 british thriller film directed by george king and starring tod slaughter , john warwick and marjorie taylor , based on the ticket-of-leave man , an 1863 melodrama by tom taylor which introduced the character hawkshaw the detective .   it takes its name from the ticket of leave which was issued to convicts when they were released .