house arrest is a 1996 american comedy film starring jamie lee curtis and kevin pollak .   the film was directed by harry winer who has directed other films but is more prolific as a television series director .   the film boasts a very thorough supporting cast in christopher mcdonald , wallace shawn , jennifer tilly and an up-and-coming jennifer love hewitt .   house arrest was released on august 14 , 1996 and went on to gross just over $ 7 million at the box office .   it was widely panned by critics , particularly chicago critic gene siskel , who loathed the film and gave it zero stars out of 4 .   house arrest was shot at various locations in the u.s. states of california and ohio .   monrovia , california was the location for several exterior house scenes while most interior shots were done at the cbs/radford lot in studio city , california .   the story was set in defiance , ohio , although another town , chagrin falls , ohio , actually doubled for it .