blessed is a 2009 drama film . it was released in australia on 10 september 2009 .   it stars miranda otto and frances o'connor .   it is a film adaptation of the play who 's afraid of the working class ? .   it is directed by ana kokkinos and written by andrew bovell , patricia cornelius , melissa reeves and christos tsiolkas .   the film is 113 minutes in length and was filmed in melbourne , victoria , australia .