this movie is the debut to anupama parameswaran and aishwarya rajesh with dulquer salman .   jomonte suvisheshangal ( english : jomon 's gospels ) is an indian malayalam family drama film directed by sathyan anthikkad and written by iqbal kuttippuram .   the film stars dulquer salmaan , mukesh and aishwarya rajesh , in the lead roles .