the coast of folly is a 1925 american silent drama film directed by allan dwan and starring gloria swanson in a dual role as mother and daughter .   richard arlen had a small part in the film but his scenes were cut before release .   the film was based on the novel of the same name by conninsby william dawson , and adapted for the screen by james ashmore creelman .   the film is one of eight films that swanson and dwan worked on together ( four of which are now lost ) .   the coast of folly is now presumed lost though stills exist .