porkalathil oru poo ( english : flower on the battleground ) is a film about based on the real life of isaipriya a television journalist raped and murdered by the sri lankan army during the final stages of the sri lankan civil war .   the film has been banned by censor board due to its controversial content and remains unreleased as of now .