my sister , the pig lady ( hangul : 돼지 같은 여자 ; rr : dwaeji gateun yeoja ; lit . " a pig like woman " ) is a 2015 south korean romantic comedy film directed by jang moon-il .   it was invited to the 39th montreal world film festival as part of their world greats selection .   the film also won grand prize at the osaka asian film festival .