jil jung juk ( english : the good , the average , the unworthy ) is a 2016 indian neo-noir post-apocalyptic black comedy film co-written and directed by deeraj vaidy , starring siddharth , avinash raghudevan and sananth reddy in the lead roles .   the film , which had cinematography by shreyaas krishna and music by vishal chandrashekhar , was produced by siddharth and had a theatrical release on 12 february 2016 .