messiah of evil ( later also shown under the title dead people ) is a 1973 american horror film co-written , co-produced , and co-directed by willard huyck and gloria katz , the husband and wife team behind the film version of howard the duck as well as the screenplays for american graffiti and indiana jones and the temple of doom .