metro inox ( earlier metro big cinema ( 2008-2016 ) , metro adlabs ( 2006 – 2008 ) and metro cinema ( 1938 – 2006 ) ) is an art deco heritage grade iia multiplex movie theatre in mumbai , india built in 1938 .   it was built and originally run by metro-goldwyn-mayer ( mgm ) , the hollywood studio .   the main architect of the cinema was thomas w. lamb of new york city , and d. w. ditchburn ( senior partner of the architectural firm ditchburn mistry and bhedwar ) of mumbai was the associate architect .