captive is a 2012 french-filipino drama film directed by brillante mendoza and starring isabelle huppert .   the film was screened in competition at the 62nd berlin international film festival in february 2012 .   the plot focuses on describing the torturous life of the hostages of the dos palmas kidnappings , whose survivors were freed after a year in captivity .