outlaw blues is a 1977 american drama film directed by richard t. heffron and starring peter fonda and susan saint james .   written by bill l. norton , the film is about an ex-convict and songwriter trying to break into the music business in austin , texas .   when a famous country singer steals one of his songs and turns it into a hit , the songwriter confronts him , and in a struggle the country singer accidentally shoots himself .   once again running from the law , the songwriter , with the help of a savvy backup singer , records his stolen song himself , and his version becomes an even bigger hit .   some of the songs were sung by peter fonda , and three of the songs were written by hoyt axton .