the three faces of eve is a 1957 american mystery drama film presented in cinemascope , based on a book by psychiatrists corbett h. thigpen and hervey m. cleckley , who also helped write the screenplay .   it was based on their case of chris costner sizemore , also known as eve white , a woman they suggested might suffer from dissociative identity disorder ( multiple personality disorder ) .   sizemore 's identity was concealed in interviews and this film , and was not revealed to the public until 1975 .   the film is directed by nunnally johnson .   joanne woodward won the academy award for best actress , making her the first actress to win an oscar for portraying three different personalities ( eve white , eve black and jane ) .   the three faces of eve also became the first film since 1936 to win the best actress award without getting nominated in another category after bette davis won for dangerous .