ulysses is a 1967 british-american drama film loosely based on james joyce 's novel ulysses .   it concerns the meeting of two irishmen , leopold bloom and stephen dedalus , in the dublin of 1904 .   starring milo o'shea as leopold bloom , barbara jefford as molly bloom , maurice roëves as stephen dedalus , t. p. mckenna as buck mulligan and sheila o'sullivan as may golding dedalus , it was adapted by fred haines and joseph strick , and directed by strick .   haines and strick shared an oscar nomination for the screenplay .