chal mere bhai ( hindi : चल मेरे भाई , urdu : چل میرے بھائی , translated : come on , my brother ) is a bollywood comedy film released in 2000 .   the film is produced by nitin manmohan and directed by david dhawan .   it stars sanjay dutt , salman khan and karisma kapoor in the lead roles .   this was karisma 's fourth time in a row playing a character with the name sapna .