johny mera naam ( hindi : जानी मेरा नाम , english : johny , my name ) is a 1970 bollywood crime action film directed by vijay anand .   the film stars the director 's brother , dev anand and pran in the roles of brothers separated in childhood .   hema malini , jeevan , premnath , i. s. johar and iftekhar also star in pivotal roles .   at the 18th filmfare awards , vijay anand won the filmfare best screenplay award , while actor i. s.johar received his first best performance in a comic role for his triple roles : a steward in aeroplane , an associate of criminals , and a police officer .   the film was remade in kannada as apoorva sangama with dr.rajkumar , in telugu as eduruleni manishi with n. t. rama rao and in tamil as raja with sivaji ganesan .