zeta one is a 1970 british comedy science fiction film directed by michael cort and starring james robertson justice , charles hawtrey and robin hawdon .   it was made for a budget of £ 60,000 .   the movie has developed a cult following for its absurd and slow-moving plot line , and partial nudity .