soul diaspora is a 2009 film written and directed by odera ozoka .   the film received 3 nominations at the 6th african movie academy awards in 2010 for best actor in a leading role , best film by an african filmmaker in diaspora , and amaa achievement in sound , winning the award for best film by an african filmmaker in diaspora .   in addition , the film won the audience favorite award at the 2010 pan african film festival in los angeles , usa .