let her cry ( sinhala : ඇගේ ඇස අග ) is a 2016 sri lankan sinhala romantic drama film directed by asoka handagama and produced by asoka jagath wijenayake .   it stars swarna mallawarachchi , dritimen chaterji , sandali ash and rithika kodithuvakku .   music for the film is done by chitral somapala .   the movie was screened in november 2015 at the kolkata international film festival .