endrendrum ( tamil : என்றென்றும் ; english : forever ) is a 2014 tamil thriller movie written , directed , and produced by sinish sreedharan , and edited by tirupattur sathyanarayan suresh .   the film stars sathish krishnan and priyanka reddy in the lead roles , and theepetti ganesan , meera krishnan , nisha goshal , and bala in other roles .   the film was released on 7 march 2014 to negative reviews .   this film plot is loosely based on '' just like heaven .