dil ka rishta ( hindi : दिल का रिश्ता , urdu : دل کا رشتہ , english : relationship of the heart ) is an indian hindi romance film , directed by naresh malhotra and produced by aditya rai , aishwarya rai 's brother .   it was produced and distributed under aishwarya 's own target films banner and tips industries limited .   the film was released on 17 january 2003 .   the film stars arjun rampal and aishwarya rai in the lead roles with isha koppikar , rakhee , paresh rawal and priyanshu chatterjee in supporting roles .   it had a very good opening in england and it was the only indian film at 12th position that time .