paradise for two is a 1937 british comedy film directed by thornton freeland and starring jack hulbert , patricia ellis and arthur riscoe .   it is also known by the alternative title gaiety girls .   a chorus girl is mistaken for a millionaire 's girlfriend .   it was made at denham studios .   the film 's sets were designed by vincent korda .   it was a loose remake of the 1933 german film and who is kissing me ?