a handful of dust is a 1988 british film directed by charles sturridge , based on the 1934 novel of the same name by evelyn waugh .   it stars james wilby and kristin scott thomas .   it was nominated at the 61st academy awards for best costume ( jane robinson ) , losing to dangerous liaisons .   judi dench won the bafta award for best supporting actress .