an inchoate offense , preliminary crime , or inchoate crime , incomplete crime is a crime of preparing for or seeking to commit another crime .   the most common example of an inchoate offense is " attempt " .   " inchoate offense " has been defined as : " conduct deemed criminal without actual harm being done , provided that the harm that would have occurred is one the law tries to prevent . "