giulietta masina ( 22 february 1921 – 23 march 1994 ) was an italian film and stage actress .   she starred in la strada and nights of cabiria , both winners of the academy award for best foreign language film , in 1954 and 1957 , respectively .   masina won the best actress award at the 1957 cannes film festival for the latter film .   she was the wife and muse of the italian film director federico fellini , in whom she found an artistic equal and collaborator .   owing to her intense performances of naïve characters dealing with cruel circumstances , masina is sometimes called the " female chaplin " .