the flaming forest is a 1926 american silent drama film directed by reginald barker and starring antonio moreno and renée adorée .   the film is based on the novel of the same name by james oliver curwood , and was produced by cosmopolitan productions and distributed by metro-goldwyn-mayer .   a two-color technicolor sequence was shot for a climactic blaze sequence featured in the film .   this is a preserved film at the library of congress .