beautiful is a 2011 indian malayalam musical drama thriller film written by anoop menon and directed by v. k. prakash .   the film stars jayasurya , anoop menon and meghana raj in the lead roles .   the cinematography was by jomon t. john and the music was composed by ratheesh vegha .   it tells the story about the intense bonding of two friends , one quadriplegic and the other a musician .   the film released on 2 december 2011 to predominantly positive reviews and was a commercial success .