the royal road is a 2015 documentary film directed by jenni olson .   the film premiered in the new frontier section of the 2015 sundance film festival .   in the film 's voiceover , olson reflects on her butch identity and experiences of unrequited love .   the film went on to earn the award for best lgbtq film at the 2015 ann arbor film festival .   consisting entirely of 16 mm urban landscape shots and a lyrical stream of consciousness voiceover , the film touches on a wide range of topics from reflections on classic hollywood film to the history of the spanish colonization of california and the mexican american war .   a voiceover cameo appearance by pulitzer prize-winning playwright tony kushner serves as the centerpiece for the film 's focal point segment entitled , " in defense of nostalgia . "