meet the blacks is a 2016 american comedy horror film directed by deon taylor , written by taylor and nicole demasi , and is a parody of the 2013 film the purge .   it stars mike epps , gary owen , zulay henao , lil duval , bresha webb , george lopez and mike tyson , and was released on april 1 , 2016 , by freestyle releasing .