lucky miles is a 2007 australian drama feature film based on several true stories involving people entering western australia by boat in order to seek asylum ( please note that seeking asylum is not and never has been illegal in australia ) .   its director was michael james rowland and its producers were jo dyer and lesley dyer .