kanni paruvathile is a 1979 tamil film directed by b. v. balaguru starring k. bhagyaraj , rajesh and vadivukarasi .   the screenplay and dialogue were written by k. bhagyaraj .   the film is about an impotent husband ( rajesh ) - who got injured by a bull in a village jallikattu event - and his wife ( vadivukarasi ) .   the story revolves around how they deal with the daily pressures of society and another man ( k. bhagyaraj ) , who wants to have extra-marital relationship with the woman .   the film was a blockbuster and completed a 224-day run at the box office .