a house divided : denmark vesey 's rebellion is a 1982 television film about denmark vesey , a literate skilled carpenter and former slave who planned a slave rebellion in 1822 in charleston , south carolina .   denmark vesey 's rebellion was produced by wpbt and pbs , and yaphet kotto played vesey .