hawaiian nights is a 1939 american film directed by albert s. rogell .   produced by universal pictures , the film was written by charles grayson and lee loeb .   it stars johnny downs , constance moore and mary carlisle .   a sneak preview of gone with the wind was shown during a double-bill with this film and beau geste .