fasten your seatbelt ( hangul : 롤러코스터 ; rr : rolleo koseuteo ; lit . " rollercoaster " ) is a 2013 south korean comedy film written and directed by actor ha jung-woo , in his directorial debut .   the film made its world premiere at the 18th busan international film festival , and was released in theaters on october 17 , 2013 .