come what may is an american direct-to-video drama film released on march 17 , 2009 by advent film group .   the filmmakers intentionally released it on dvd and not to theaters .   george escobar said , " going straight to dvd will allow church groups to become the distributor . "   the film tells the story of caleb hogan who tries to overturn roe v. wade in a moot court championship .