dandy dick is an 1887 comedy by british writer arthur wing pinero .   it is a farce about an impecunious clergyman ( partly as a result of two extravagant daughters ) who , having taken a strong line against gambling , meets his sister after many years , a woman steeped in horse-racing who has a half share in a race horse .   he uncharacteristically places a bet on the horse , to pay for an extravagant promise he has made to contribute to a church reparation fund .   he subsequently finds himself in the local police cell for administering , or trying to administer , substances to his sister 's horse , substances ( unknown to him ) adulterated with poison by his butler .   he is accused by the local police constanble of alienating his wife 's affections .   in the event , as in most good farces , matters are cheerfully resolved .