saanghuro ( nepali : साँघुरो ) is a nepali film .   it involves the psycho-social conflict of characters that leads to unusual circumstances and raises unsolved questions .   the story is built around members of a lower-middle-class family living in an urban slum .   poverty is the part of their lives , and the insecurity that comes with having to worry about whether their house might collapse is ever-present .   the film was directed by joes pandey and produced by sameer mainal .