dancing with maria is a 2014 italian documentary film directed by ivan gergolet .   it was presented at the international critics ' week of 71th venice international film festival .   the film is about maría fux , a 90 years old argentinian dancer , choreographer , and dance therapist .   the film shows the activities carried out by maria in the studio arranged in her home in buenos aires , with people with different extraction and disabilities .   it was in the nominations for the documentary category of 28th european film awards in 2015 .