bangaru kutumbam ( english : golden family ) is a 1994 telugu drama film , produced by kaikala nageswara rao on ramaa films banner , presented by kaikala satyanayana and directed by dasari narayana rao .   starring akkineni nageswara rao , jayasudha , vikram , harish , rambha in the lead roles and music composed by raj-koti .   the film won the nandi award for best feature film , while akkineni nageswara rao received the nandi award for best actor for his performance .   the film was recorded as super hit at the box office .