once upon a time in anatolia ( turkish : bir zamanlar anadolu ’ da ) is a 2011 turkish drama film , co-written and directed by nuri bilge ceylan based on the true experience of one of the film 's writers , telling the story of a group of men who search for a dead body on the anatolian steppe .   the film , which went on nationwide general release across turkey on september 23 , 2011 , premiered at the 2011 cannes film festival where it was a co-winner of the grand prix .