the women house of brescia ( german : das frauenhaus von brescia ) is a 1920 german-language silent film directed by hubert moest .   the film 's alternative name was the house of pillory .   the film was considered highly controversial for the depiction of prostitution .   the film 's story was set in medieval europe during the fourteenth century .   the film was based on karl hans strobl 's novel das frauenhaus von brescia .   the pillory houses were the places where enemy women captured during wartime were imprisoned so that the people could exploit them as they wished .   the depiction of prostitution was the basis for the picture 's rejection by the british board of film classification in 1921 and its being banned in germany .