starz distribution ( previously idt entertainment and starz media ) is the motion picture , animation , television , and home video operating unit of lionsgate .   starz distribution develops , produces , and acquires original programming content ( starz and amc ) , feature films ( anchor bay films ) , anime ( manga entertainment ) and other filmed entertainment .   distribution methods include dvd , digital formats and traditional television .