jawbreaker is a 1999 american black comedy film written and directed by darren stein .   the film stars rose mcgowan , rebecca gayheart , julie benz , and judy greer as girls in an exclusive clique in their high school .   charlotte ayanna has a non-speaking cameo role as a murdered prom queen .   the film was inspired by the film heathers , and is often compared to it , particularly the plot involving a popular female clique , and the ostensibly accidental killing of one of its members .   of his concept for the film , stein has stated " the jawbreaker just came to represent the duality of the poppy sweetness of the girls , of high school and of youth , versus the whole idea that this thing could break your jaw " .   the film was released on february 19 , 1999 and was a critical and financial failure , although it has come to gain a cult following .   similarities have been drawn between jawbreaker and the 2004 film mean girls .