demolition man is a 1993 american science fiction action film directed by marco brambilla in his directorial debut .   the film stars sylvester stallone and wesley snipes .   the film was released in the united states on october 8 , 1993 .   the film tells the story of two men : an evil crime lord and a risk-taking police officer .   cryogenically frozen in 1996 , they are restored to life in the year 2032 to find mainstream society changed and all crime seemingly eliminated .   some aspects of the film allude to aldous huxley 's dystopian novel , brave new world .