laurene landon ( born laurene landon coughlin ) is an american film and television actress .   laurene first began appearing in movies in the 1980s .   she is best known for her roles in maniac cop and maniac cop 2 , hundra , airplane ii : the sequel , and ... all the marbles with peter falk .   she is half irish and half polish and describes herself as being " bi-polish " .