a chronicle of tahrir square is a 2014 american-egyptian independent historic short film written and directed by nour zaki .   the film won at the 2014 women ’s voices now film festival and was screened at the chinese theater in hollywood as a part of the holly-shorts film festival .   the movie sheds the light on the events that occurred in tahrir square on the 2nd february 2011 and the clashes between the anti and pro mubarak crowd .