economic botany is the study of the relationship between people ( individuals and cultures ) and plants .   economic botany intersects many fields including established disciplines such as agronomy , anthropology , archaeology , chemistry , economics , ethnobotany , ethnology , forestry , genetic resources , geography , geology , horticulture , medicine , microbiology , nutrition , pharmacognosy , and pharmacology .   this link between botany and anthropology explores the ways humans use plants for food , shelter , medicines , textiles , and more .