the supergrass is a 1985 british comedy film written and directed by peter richardson .   the film starred richardson , adrian edmondson , jennifer saunders , dawn french , keith allen , nigel planer , alexei sayle , ronald allen and robbie coltrane .   the supergrass was the first feature-length film by the 1980s alternative comedy group the comic strip .   the soundtrack to the film featured original music from keith tippett , plus music from p.p. arnold , grace jones and bob marley , among others .