down on abby : tales from bottomley manor is a 2014 pornographic comedy film that parodies the british television series downton abbey .   the film is the first porn parody produced by british studio harmony films and directed by gazzman .   the film includes an all-british cast , including ben dover and lexi lowe as the title character " abby " , and was filmed in a castle near birmingham .   gazzman states that the local town council tried to get the shoot closed down when villagers realized what was going on at their castle , but the production wrapped successfully .