the broken melody is a 1929 british romance film directed by fred paul and starring georges galli , andrée sacré and enid stamp-taylor .   it was originally made as a silent film , with sound added later .   the film was shot at cricklewood studios and distributed by paramount pictures .   it was based on a play by herbert keith and james leader .   an exiled prince living in paris , begins a daliance with an opera singer before returning to his wife .