sad vacation ( サッド ヴァケイション saddo vakeishon ) is a 2007 japanese drama film written and directed by shinji aoyama , adapted from his novel .   being third and last of aoyama 's " kitakyushu saga " , sad vacation brings together several characters from his previous films helpless and eureka and continues to explore their lives , all the while being a separate story that does n't require watching previous films .   it was named after the johnny thunders song .