ghost fever is a 1987 american comedy film directed by lee madden and written by oscar brodney .   the film stars sherman hemsley , luis ávalos , jennifer rhodes , deborah benson , diana brookes and myron healey .   the film was released on march 27 , 1987 , by miramax films .   the plot concerns detectives buford and benny being sent to a haunted house .   during the night they spend there , the duo encounter ghosts , vampires and zombies .