fleet of time ( chinese : 匆匆那年 ; pinyin : cōngcōng nà nián ) , also known as back in time is an 2014 chinese coming-of-age film directed by zhang yibai and starring eddie peng , ni ni , zheng kai , vision wei and zhang zixuan .   the film is adapted from the popular novel of the same name by chinese writer jiu yehui ( 九夜茴 ) .