she 's on duty ( hangul : 잠복근무 ; rr : jambokgeunmu ; lit . " stakeout " or " undercover " ) is a 2005 south korean film about a police detective ( kim sun-a ) who goes undercover in a high school to befriend the daughter ( nam sang-mi ) of an elusive gangster .   despite being heavily marketed , the film was generally considered a box office disappointment .