the chronicles of riddick , also simply called riddick , is a science fiction action media franchise created in 2000 by david twohy spanning three live-action feature films , a direct-to-dvd animated film , two video games for pc and consoles , one motion comic , one mobile game , and two novelizations .   the series follows the adventures of antihero character riddick ( either portrayed or voiced by vin diesel ) in the 28th century .   the chronicles of riddick fictional universe was initially created with the release of pitch black , which was written by director twohy , ken wheat , and his brother jim wheat .   since then twohy has written and directed the two live action sequels and was involved in the development of the storyline of a number of the franchise 's offshoots .