three cheers for the irish is a 1940 comedy film directed by lloyd bacon and written by richard macaulay and jerry wald .   the film stars priscilla lane , thomas mitchell and dennis morgan .   the supporting cast features virginia grey , alan hale , sr. and william lundigan .   the plot involves a veteran police officer ( mitchell ) forced into retirement only to learn that his replacement ( morgan ) , whom he detests , is romancing his daughter ( lane ) .   the film was released by warner bros. on march 16 , 1940 .