kick-heart is a 2013 japanese anime short film that uses surreal animation and storytelling to tell a love story between a professional wrestler and a nun .   the film was directed by masaaki yuasa through production i.g studios , who ran a successful kickstarter campaign to fund the short .   the short screened on toonami in 2013 and has screened at several festivals such as the bfi london film festival .   of the film 's production , yuasa stated that he completed kick-heart 's script and story before beginning work on the storyboards .