mama is a 2013 english-language spanish supernatural horror film directed and co-written by andrés muschietti and based on his 2008 argentine short film mamá .   the film stars jessica chastain and nikolaj coster-waldau , and is produced by zandy federico and co-writer bárbara muschietti , with guillermo del toro serving as executive producer .   the film deals with the story of two young girls abandoned in a forest cabin , fostered by an unknown entity that they fondly call " mama " , which eventually follows them to their new suburban home after their uncle retrieves them .   originally set for an october 2012 release , it was released in theaters on 18 january 2013 .   the movie was remade in tamil under the title mooch .