love is a 2012 taiwanese-chinese romance film directed and co-written by doze niu .   it stars zhao wei , shu qi , mark chao , ethan juan , eddie peng , amber kuo , ivy chen and doze niu .   love premiered in the panorama section of the 62nd berlin international film festival .   the film features an ensemble cast , with the stories revealed to be interwoven as the plot progresses .