hunger ( danish : sult , swedish : svält ) is a 1966 black-and-white drama film directed by denmark 's henning carlsen , starring swedish actor per oscarsson , and based upon the novel hunger by norwegian nobel prize-winning author knut hamsun .   filmed on location in oslo , it was the first film produced as a cooperative effort among the three scandinavian countries .   with its stark focus on a life of poverty and desperation , the film is considered a masterpiece of social realism .   film historians suggest it is the first danish film to gain serious international attention since the work of carl theodor dreyer .   it is one of the ten films listed in denmark 's cultural canon by the danish ministry of culture .