risen is a 2016 american biblical drama film directed by kevin reynolds ; it was conceived from a screenplay written by reynolds and paul aiello .   the film stars joseph fiennes , tom felton , peter firth , and cliff curtis , and details a roman soldier 's search for jesus ' body following his resurrection .   columbia pictures released the film to theaters nationwide in the united states on february 19 , 2016 .