the nutty professor is a 1963 american science fiction-romantic comedy film produced , directed , co-written ( with bill richmond ) and starring jerry lewis .   the score was composed by walter scharf .   the film is a parody of robert louis stevenson 's dr. jekyll and mr. hyde .   in 2004 , the nutty professor was selected for preservation in the united states national film registry by the library of congress as being " culturally , historically , or aesthetically significant " .   in 1996 , a remake starring eddie murphy and jada pinkett-smith was released , directed by tom shadyac .