battle of the v-1 ( also known as battle of the v. 1 , battle of the v1 , missiles from hell and unseen heroes ) is a british war film from 1958 , starring michael rennie , patricia medina , milly vitale , david knight and christopher lee .   it is based on the novel they saved london ( 1955 ) , by bernard newman .