jimmy 's winnin ' matches is an hour-long documentary which followed the success of the donegal senior football team that won the 2012 all-ireland senior football championship final under the guidance of jim mcguinness .   it take its name from " jimmy 's winning matches " , the anthem of donegal 's 2012 championship success .   it first aired on rté one on 3 january 2013 at 9.35 pm .   coco television were responsible for putting it together .   the documentary featured an exclusive interview with mcguinness filmed at his glenties home , while rory gallagher , who penned the famous song , also featured , with alan foley doing the research .