atlantic ( 1929 ) ( also known as titanic : disaster in the atlantic for its home video release ) is a british black-and-white film , directed and produced by ewald andré dupont and starring franklin dyall and madeleine carroll .   originally , two versions were made , the english and german-language version atlantik were shot simultaneously .   subsequently , the production of a french version ( atlantis ) began in spring 1930 using different footage and partially an altered storyline .   the fourth version was released as a silent film .