lawnmower man 2 : beyond cyberspace ( also subtitled jobe 's war ) is a 1996 science fiction action film written and directed by farhad mann and starring matt frewer , patrick bergin , austin o'brien , and ely pouget .   it is a sequel to the 1992 film the lawnmower man , which in turn was a loose adaptation of a stephen king short story of the same title .   the film was panned by both critics and fans of the original film , and with a 2.4 audience score on imdb , it currently holds a place on the ' bottom 100 , ' a list of the worst rated films on the website .   it is considered by some to be among the worst movies ever made .