behind the headlines is a 1956 british crime film directed by charles saunders and starring paul carpenter , adrienne corri , hazel court and alfie bass .   the plot revolves around a male and female journalist joining forces to hunt down a murderer .   it was made at southall studios .   the film was based on the novel behind the headlines by robert chapman .