the inner chamber is a 1921 american silent romantic drama film produced and distributed by the vitagraph company of america .   it was based on the novel the blood red dawn by charles caldwell dobie .   the film was directed by edward josé and starred alice joyce .   the film is now considered lost .