sportloto-82 ( russian : спортлото-82 ) is a comedy film , directed by leonid gaidai and released in 1982 .   the film stars algis arlauskas , svetlana amanova , mikhail pugovkin , mikhail kokshenov and nina grebeshkova .   it was filmed in soviet union .   it was also one of the all-time leaders at the soviet box office with over 55,000,000 theatre admissions in the soviet era .