a hard day 's night is a 1964 british musical comedy film directed by richard lester and starring the beatles — john lennon , paul mccartney , george harrison , and ringo starr — during the height of beatlemania .   it was written by alun owen and originally released by united artists .   the film portrays several days in the lives of the group .   the film was a financial and critical success .   time magazine rated it as one of the all-time great 100 films .   british critic leslie halliwell described it as a " comic fantasia with music ; an enormous commercial success with the director trying every cinematic gag in the book " and awarded it a full four stars .   the film is credited as being one of the most influential of all musical films , inspiring numerous spy films , the monkees ' television show and pop music videos .