altar boyz is a musical comedy with music and lyrics by gary adler and michael patrick walker and book by kevin del aguila ( based on an idea by marc j. kessler and ken davenport ) .   centering on a fictitious christian boy band from ohio , the show satirizes , among other things , the phenomenon of boy bands and the popularity of christian-themed music in contemporary american culture .   it began an off broadway run on march 1 , 2005 and closed on january 10 , 2010 , having played 16 previews and 2,032 regular performances making it the 9th longest-running off-broadway musical of all time .