all that i love ( polish : wszystko , co kocham ) is a 2009 polish film directed by jacek borcuch .   the film has been selected for competition in the word cinema dramatic competition at the sundance film festival 2010 .   it was also selected as the polish entry for the best foreign language film at the 83rd academy awards but it did n't make the final shortlist .