britne oldford ( born july 23 , 1992 ) is a canadian film and television actress .   britne oldford was born and raised in toronto , ontario , canada .   oldford is of african american , native american , irish , english , and french ancestry .   she now lives in new york city .   she has dual citizenship between the us and canada .