joe 's violin is a 2016 american short documentary film directed by kahane cooperman and produced by kahane cooperman and raphaela neihausen that follows a moment in the life of a polish survivor of the holocaust from the time he decides to drop off his 70-year old violin during a local instrument drive through the violin 's acquisition by a new owner , a 12-year-old girl from the bronx , and recounts how the experience changes both their lives .