fatal attraction is a 1987 american psychological thriller film directed by adrian lyne and written by james dearden .   it is based on dearden 's 1980 short film diversion .   featuring a cast of michael douglas , glenn close , anne archer , and ellen hamilton latzen , the film centers on a married man who has a weekend affair with a woman who refuses to allow it to end and becomes obsessed with him .   the film was a massive box office hit , finishing as the second highest-grossing film of 1987 in the united states and the highest-grossing film of the year worldwide .   critics were enthusiastic about the film , and it received six academy award nominations , including best picture ( which it lost to the last emperor ) , best actress for close , and best supporting actress for archer .   both lost to cher and olympia dukakis , respectively , for moonstruck .