sian breckin ( born 1982 ) is a british film , television and theatre actress .   donkey punch directed by olly blackburn was breckin 's feature film debut ; she starred alongside jaime winstone , nichola burley , tom burke and julian morris .   subsequent television appearances included roles on series the bill , inspector george gently , the royal and heartbeat .   breckin acted in the film tender directed by deborah haywood , and in alice by filmmaker marianne elliott .   she had guest starring roles on the television series doctors and casualty , and appeared as pc janet taylor in dci banks .   she starred as kelly in the 2011 film tyrannosaur directed by paddy considine .