the st. francisville experiment is a 2000 low-budget found footage horror film directed by ted nicolaou .   the film was released direct to dvd on april 15 , 2000 , and centers upon a small group of paranormal investigators who spend a night in an old haunted mansion located in st. francisville , louisiana .   the haunted mansion 's back story was loosely based upon the true story of delphine lalaurie , a new orleans socialite believed to have tortured and perhaps killed slaves in the early 1800s .