aami sei meye is a 1998 bengali film directed by prosenjit chatterjee this is 2nd directorial film of prosenjit chatterjee under the banner of dhanuka brothers pvt. ltd . the film features actors prosenjit chatterjee , rituparna sengupta , ranjit mallick , jaya prada , abhishek chatterjee , alamgir in the lead roles .   music of the film has been composed by tabun sutradhar .