the hoax is a 2006 american drama film starring richard gere , directed by swedish filmmaker lasse hallström .   the screenplay by william wheeler is based on the book of the same title by clifford irving .   it recounts irving 's elaborate hoax of publishing an autobiography of howard hughes that he purportedly helped write , without ever having talked with hughes .   the film was ranked as one of the top 10 of the year by the los angeles times and newsweek .   the screenplay was considerably different from the book .   hired as a technical adviser to the film , irving was displeased with the product and later asked to have his name removed from the credits .