dreamers is a bosnian short documentary film produced by the east west theatre company and directed by nermin hamzagic .   the film follows the story of samir karić and amir muminović , young hip-hop artists from the village of hajvazi , near the north-eastern bosnian town of kalesija .   the mayor 's son gave the hip-hop duo a bad beating because of their song which criticized municipal authorities .   a newspaper report on the incident intrigues east west theatre company , a theatre and film production company from sarajevo .   shortly after the incident , samir and amir become part of the cast of class enemy a play about disenfranchised youth in a violent secondary school in bosnia and herzegovina .   samir and amir eventually end up touring the world with the east west theatre company 's production .   the film dreamers is devised as a road movie .