raiders of the lost ark : the adaptation is a 1989 american fan film , made as a shot-for-shot remake of the 1981 indiana jones adventure film raiders of the lost ark .   using the original film 's screenplay and score , it principally starred and was filmed , directed , and produced over a seven-year period by three mississippi teenagers ( chris strompolos , eric zala , and jayson lamb ) .