the little traitor is an independent family drama film written and directed by lynn roth .   based on the novel panther in the basement by author , amos oz , the movie takes place in palestine in 1947 , just a few months before israel becomes a state .   starring alfred molina and featuring theodore bikel , this is a coming of age tale of the unlikely bond between a kind british soldier and a spirited jewish boy set against the backdrop of the birth of the state of israel .