no , no , nanette is a 1930 american pre-code musical comedy film with technicolor sequences produced and released by first national pictures .   it was adapted from the play of the same title by otto a. harbach and frank mandel .   no , no , nanette was a popular show on broadway , running for 321 performances , and was produced and directed by harry frazee .