ladybug ladybug is a 1963 american motion picture directed by academy award-nominated filmmaker frank perry .   the film is a commentary on the psychological effects of the cold war , the title deriving from the classic nursery rhyme .   it was the motion picture debut of william daniels , estelle parsons and jane connell .   the film was inspired by a mccall 's magazine story about an actual incident at an elementary school .