the lesser blessed is a canadian drama film , released in 2012 .   the film was written and directed by anita doron based on the novel of the same name by richard van camp , the film stars joel evans as larry sole , a young tłı̨chǫ teenager living in the northwest territories .   the film 's cast also includes chloe rose , kiowa gordon , benjamin bratt , dylan cook and tamara podemski .   despite being set in the northwest territories , the film was shot in sudbury , ontario .   the film premiered at the imaginenative film + media arts festival in 2012 to critical acclaim .   doron garnered a canadian screen award nomination for best adapted screenplay at the 1st canadian screen awards .   the film later screened at the toronto international film festival in 2012 .