bait is a 1950 british crime film directed , produced and co-written by frank richardson from his own stage play .   an adelphi feature film , bait stars diana napier , john bentley , willoughby goddard and john oxford .   a gang steal some diamonds , sell them on the black market to a buyer and then plan to steal them back again .