the strange love of martha ivers is a film noir released in the united states in 1946 , starring barbara stanwyck , van heflin , lizabeth scott and featuring kirk douglas in his film debut .   the movie is based on the short story " love lies bleeding " by playwright john patrick – using the pseudonym jack patrick – and was produced by hal b. wallis .   the film was directed by lewis milestone from a screenplay written by robert rossen and robert riskin , who was not credited .   the film was entered into the 1947 cannes film festival .   in 1974 , it fell into the public domain in the united states due to the copyright owner 's failure to renew the copyright registration in the 28th year after publication .