subramaniapuram is a 2008 tamil-language period drama film produced , written , and directed by m. sasikumar .   the low-budget film received critical acclaim for its original script , expert direction , screenplay , editing , accurate sets and costumes to resurrect madurai from the 1980s .   sasikumar cast then relatively new actors jai , swathi , ganja karuppu and himself in pivotal roles .   shot in 85 days , it became one of the biggest commercial successes of the year .   the movie was remade in kannada in 2012 as prem adda .