decay is a 2012 horror film by luke thompson ( of the university of manchester ) , set at the large hadron collider in switzerland .   the movie was created on a budget of $ 3,225 and was filmed over a period of two years by thompson and his fellow physicists .   the film was released online for free under the creative commons cc by-nc license , shareable and remixable .   decay was premiered on 29 november 2012 and centres on the idea of the large hadron collider transforming scientists into zombies .   thompson , a physics doctoral student , came up with the idea of the film while he was walking through the maintenance tunnels at cern and began thinking that it would be a good location for a horror movie .   in an interview with wired , he stated that the film was initially started for fun , but that it was also an opportunity to " do some satirical commentary on various aspects of people ’s perceptions of science " .