the confusion of tongues is a 2014 multi-narrative comedy film written and directed by james fair . the film stars an ensemble cast , which includes sadie frost , gemma atkinson , ewen macintosh , kate o'toole , paul henshall and katie sheridan . the story follows a group of birmingham residents who &lt;&lt;unk&gt;&gt; upon a local pub in order to win a lucrative pub quiz .