nasser 56 is a 1996 egyptian historical film directed by mohamed &lt;&lt;unk&gt;&gt; , starring ahmed zaki . the film focuses on the &lt;&lt;unk&gt;&gt; of the suez canal by egypt 's second president , &lt;&lt;unk&gt;&gt; abdel nasser , and the subsequent invasion of egypt by israel , the united kingdom , and france . throughout the film , events are depicted from an egyptian nationalist viewpoint . the film 's star , ahmed zaki , subsequently portrayed nasser 's successor as president , anwar &lt;&lt;unk&gt;&gt; , in the 2001 film days of sadat .