the &lt;&lt;unk&gt;&gt; is a canadian drama film , written and directed by &lt;&lt;unk&gt;&gt; von &lt;&lt;unk&gt;&gt; and released in 2015 . based on a novel by &lt;&lt;unk&gt;&gt; ravel , the film stars &lt;&lt;unk&gt;&gt; cardinal as &lt;&lt;unk&gt;&gt; , a young girl who is determined to assert her independence after the death of her mother . taking over her mother 's work as a house cleaner , she finds a book on how to become a millionaire , and resolves to start saving her money . the film 's cast also includes pascale bussières , alexandre landry , &lt;&lt;unk&gt;&gt; &lt;&lt;unk&gt;&gt; , pascale &lt;&lt;unk&gt;&gt; , brandon oakes and &lt;&lt;unk&gt;&gt; &lt;&lt;unk&gt;&gt; . von &lt;&lt;unk&gt;&gt; garnered a canadian screen award nomination for best adapted screenplay at the 4th canadian screen awards in 2016 .