&lt;&lt;unk&gt;&gt; , or madame butterfly , is a 1919 silent film directed in germany by fritz lang . it was one of the first &lt;&lt;unk&gt;&gt; films depicting japanese culture . the film was originally released in the united states and other countries as madame butterfly because of the source material on which it is based and which also inspired giacomo puccini 's eponymous opera . the film starred lil dagover as &lt;&lt;unk&gt;&gt; .