drop dead fred is a 1991 british-american black comedy fantasy film directed by ate de jong , produced by polygram filmed entertainment and working title films and released and distributed by new line cinema . the film was promoted as a lighthearted children 's film , but there are notable adult themes and gags , and some elements of black comedy , emotional abuse , mental illness , bizarre visual and make-up effects , and profanity . rik mayall starred as the title character : a happy , anarchic , and mischievous imaginary friend of a young girl named elizabeth ( phoebe cates ) and nemesis of her overbearing mother , polly ( marsha mason ) . he causes chaos around the home and neighborhood , but nobody can see him except her . when she grows up and has an emotional crisis , he returns to " cheer her up " in his own unique way , causing more chaos than ever before . the supporting cast included carrie fisher , ron eldard , tim matheson , and bridget fonda .