gracie films is a &lt;&lt;unk&gt;&gt; film and television production company , created by james l. brooks in 1986 . the company has produced many award-winning films and television series , including big , broadcast news , jerry maguire , and most notably the simpsons . the company is primarily associated with film studio and distributor sony pictures entertainment , but it still has an office at the 20th century fox lot as the simpsons is still produced there .