a perfect man ( french : un homme &lt;&lt;unk&gt;&gt; ) is a 2015 french thriller film directed by yann &lt;&lt;unk&gt;&gt; . the film tells the story of a struggling author who steals the text of a manuscript originally belonging to a reclusive man who recently died . the film stars pierre niney and ana girardot .