cyrano agency ( hangul : &lt;&lt;unk&gt;&gt; ; &lt;&lt;unk&gt;&gt; ; rr : &lt;&lt;unk&gt;&gt; ; &lt;&lt;unk&gt;&gt; ; lit . " cyrano dating agency " ) is a 2010 south korean romantic comedy starring uhm &lt;&lt;unk&gt;&gt; , lee &lt;&lt;unk&gt;&gt; , choi daniel and park shin-hye . it is a modern take on edmond rostand 's 1897 play cyrano de bergerac , which focuses on a dating agency that helps its customers win the hearts of the people they desire . produced by &lt;&lt;unk&gt;&gt; films and distributed by lotte entertainment , the film was released on september 16 , 2010 and ran for 121 minutes . the film was later remade into the tamil-language as idhu enna maayam .