mighty joe young is a 1998 american adventure film based on the 1949 film of the same name . it was directed by ron underwood and stars bill paxton and charlize theron . in the newer film 's version , the ape is much larger than in the original . the film grossed $ &lt;&lt;unk&gt;&gt; million in the united states against a production budget of $ 90 million .