dans les &lt;&lt;unk&gt;&gt; ( english : on the streets ) , is a french crime drama romance film from 1933 , directed by victor &lt;&lt;unk&gt;&gt; , written by &lt;&lt;unk&gt;&gt; . &lt;&lt;unk&gt;&gt; &lt;&lt;unk&gt;&gt; and alexandre &lt;&lt;unk&gt;&gt; , starring vladimir sokoloff and jean marais . the film was based on novel of &lt;&lt;unk&gt;&gt; . &lt;&lt;unk&gt;&gt; &lt;&lt;unk&gt;&gt; . the film is also known under the title song of the streets , and was the first film of french actor jean marais .