the hour of the &lt;&lt;unk&gt;&gt; ( spanish : la hora de los &lt;&lt;unk&gt;&gt; ) is a 1968 film directed by &lt;&lt;unk&gt;&gt; &lt;&lt;unk&gt;&gt; and fernando solanas . ' the paradigm of revolutionary activist cinema ' , it addresses the politics of the ' third &lt;&lt;unk&gt;&gt; ' films and &lt;&lt;unk&gt;&gt; manifesto of the late 1960s .