saving mes &lt;&lt;unk&gt;&gt; is a 2014 independent documentary film , directed , produced , shot and edited by brent e. huffman . it focuses on afghan archaeologist qadir &lt;&lt;unk&gt;&gt; and his struggle to save mes &lt;&lt;unk&gt;&gt; , a &lt;&lt;unk&gt;&gt; archaeological site in afghanistan which faces demolition . saving mes &lt;&lt;unk&gt;&gt; was the 2014 recipient of a macarthur foundation grant in 2014 . saving mes &lt;&lt;unk&gt;&gt; premiered at the international documentary film festival amsterdam in november 2014 . it later aired on al jazeera america and al jazeera english networks in july 2015 and was also broadcast on multiple other networks in various countries . the film was directed by brent e. huffman . he was awarded the the international academic forum documentary film award in 2015 in part for his work on the film .