damn yankees is a musical comedy with a book by george abbott and douglass wallop , music and lyrics by richard adler and jerry ross . the story is a modern retelling of the faust legend set during the 1950s in washington , d.c. , during a time when the new york yankees dominated major league baseball . it is based on wallop 's novel the year the yankees lost the pennant . the show ran for &lt;&lt;unk&gt;&gt; performances in its original 1955 broadway production . adler and ross 's success with it and the pajama game seemed to point to a bright future for them , but ross suddenly died of chronic &lt;&lt;unk&gt;&gt; at age 29 several months after it opened .