&lt;&lt;unk&gt;&gt; ( kannada : &lt;&lt;unk&gt;&gt; &lt;&lt;unk&gt;&gt; ) is a 1962 kannada language film directed by &lt;&lt;unk&gt;&gt; mahesh . the film starred rajkumar , leelavathi , k. s. ashwath in lead roles . the film is based on the story of a king who confronts destiny ( fate ) which appears to him in the form of a young lady , by challenging it on how he would die . the king tries in vain all means at his disposal to prevent events that destiny &lt;&lt;unk&gt;&gt; would happen . finally , destiny wins employing a twisted turn of events .