the cohens and kellys in hollywood is a 1932 american comedy film directed by john francis dillon and written by howard j. green . the film stars george sidney , charles murray , june clyde , norman foster , esther howard and emma dunn . the film was released on march 28 , 1932 , by universal pictures .