as summers die is a 1986 american made-for-television drama film starring scott glenn , jamie lee curtis , bette davis and &lt;&lt;unk&gt;&gt; richards , directed by jean-claude &lt;&lt;unk&gt;&gt; . the film is loosely based on winston groom 's 1980 novel of the same name about greed , bigotry and justice in late 1950s &lt;&lt;unk&gt;&gt; southern louisiana . it was filmed in &lt;&lt;unk&gt;&gt; , georgia and premiered on hbo on may 18 , 1986 . it was later released on vhs .