&lt;&lt;unk&gt;&gt; vettai ( chess hunt ) is a 2014 tamil-language heist-thriller film written and directed by debutant h. vinoth , starring natarajan subramaniam and ishaara nair . produced by manobala , it features music by sean roldan and cinematography by k. g. venkatesh . the film , touted to be an " &lt;&lt;unk&gt;&gt; con movie " , was released by thiruppathi brothers film media on 18 july 2014 and received positive reviews from critics . a sequel is currently under development titled &lt;&lt;unk&gt;&gt; vettai 2 starring arvind swamy and trisha krishnan . it is being remade in kannada as &lt;&lt;unk&gt;&gt; khiladi .