the &lt;&lt;unk&gt;&gt; was a tv docudrama about &lt;&lt;unk&gt;&gt; made in 1959 by producer roger &lt;&lt;unk&gt;&gt; for pacific films . it starred ken &lt;&lt;unk&gt;&gt; and kevin colson and was written by john sherman and directed by &lt;&lt;unk&gt;&gt; . it was the pilot for a tv series that did not &lt;&lt;unk&gt;&gt; . however &lt;&lt;unk&gt;&gt; later used the ideas for the series in &lt;&lt;unk&gt;&gt; ( 1971 – 72 ) . the pilot was entitled " operation plum &lt;&lt;unk&gt;&gt; " .