school days ( simplified chinese : &lt;&lt;unk&gt;&gt; ; traditional chinese : &lt;&lt;unk&gt;&gt; ; pinyin : &lt;&lt;unk&gt;&gt; &lt;&lt;unk&gt;&gt; ) is a 1995 taiwan teen drama film distributed for hong kong . starring jimmy lin , takeshi kaneshiro and ruby lin . directed by kevin chu . the original taiwan release title of the film was " campus squad " ( &lt;&lt;unk&gt;&gt; , &lt;&lt;unk&gt;&gt; &lt;&lt;unk&gt;&gt; ) , the title was renamed for its hong kong release and dubbed in cantonese to appeal to the hong kong audience .