chloe is a 2009 erotic thriller film directed by atom egoyan , a remake of the 2003 french film nathalie ... . it stars julianne moore , liam neeson , and amanda seyfried in the title role . its screenplay was written by erin cressida wilson , based on the earlier french film , written by anne fontaine . despite its mixed critical reception , chloe made more money than any of atom egoyan 's previous films .