&lt;&lt;unk&gt;&gt; &lt;&lt;unk&gt;&gt; ( marathi : &lt;&lt;unk&gt;&gt; &lt;&lt;unk&gt;&gt; ) is a 2011 marathi language film based upon the life of &lt;&lt;unk&gt;&gt; , mother of the 17th century maratha king shivaji , as told in madan patil 's historical novel &lt;&lt;unk&gt;&gt; . the film was directed by &lt;&lt;unk&gt;&gt; &lt;&lt;unk&gt;&gt; and produced by &lt;&lt;unk&gt;&gt; and &lt;&lt;unk&gt;&gt; &lt;&lt;unk&gt;&gt; from the studio &lt;&lt;unk&gt;&gt; chitra in shirdi .