the call of the &lt;&lt;unk&gt;&gt; is a 1916 american silent drama film directed by frank lloyd and written by julia crawford ivers based upon the novel of the same name by charles neville buck . the film stars dustin farnum , winifred kingston , herbert standing , page peters , howard davies , and richard &lt;&lt;unk&gt;&gt; . the film was released on january 23 , 1916 , by paramount pictures .