leon the pig farmer is a 1992 british comedy about a jewish estate agent in london who discovers that thanks to an artificial &lt;&lt;unk&gt;&gt; &lt;&lt;unk&gt;&gt; , his real father owns a pig farm in yorkshire . it was directed by vadim jean and gary &lt;&lt;unk&gt;&gt; , and starred mark frankel in the title role . the film won the fipresci international critics ' prize at the 1992 venice film festival , while its directors won the best newcomer award from the london critics ' circle , the most promising newcomer at the evening standard british film awards , and the chaplin award for the best first feature from the edinburgh international film festival .