the &lt;&lt;unk&gt;&gt; ( french : les grandes &lt;&lt;unk&gt;&gt; ) is a 1958 french drama film directed by denys de la &lt;&lt;unk&gt;&gt; , starring jean gabin , pierre brasseur , bernard blier , jean &lt;&lt;unk&gt;&gt; , françoise christophe and annie &lt;&lt;unk&gt;&gt; . it tells the story of an industrial and newspaper tycoon and his sons . the screenplay is based on the novel les grandes &lt;&lt;unk&gt;&gt; by maurice &lt;&lt;unk&gt;&gt; , which won the prix &lt;&lt;unk&gt;&gt; in 1948 . the film recorded &lt;&lt;unk&gt;&gt; admissions in france . gabin received the 1959 david di donatello for best foreign actor .