ten days in paris is a 1940 british spy film directed by tim whelan and starring rex harrison , &lt;&lt;unk&gt;&gt; verne and c.v. france . the film is also known as missing ten days and spy in the pantry . a man in paris turns out to be a &lt;&lt;unk&gt;&gt; of a spy operating in the french capital .