dekalog : nine ( polish : dekalog , &lt;&lt;unk&gt;&gt; ) is the ninth part of the television series dekalog by polish director krzysztof kieślowski , connected to the ninth imperative of the ten commandments : " thou shalt not covet thy neighbor 's wife " . a man who has become &lt;&lt;unk&gt;&gt; ( piotr &lt;&lt;unk&gt;&gt; ) discovers that his wife ( ewa &lt;&lt;unk&gt;&gt; ) has a lover . ( a minor character in this film , a young singer with a heart condition , inspired kieślowski 's and piesiewicz 's next film , the double life of véronique . )