all in is a 1936 british sports comedy film directed by marcel varnel and starring ralph lynn , gina malo and garry marsh . the owner of a racing &lt;&lt;unk&gt;&gt; has high hopes of winning the derby , but fate &lt;&lt;unk&gt;&gt; . it is also known by the alternative title &lt;&lt;unk&gt;&gt; corner . the film was made at islington studios by gainsborough pictures and based on a play by philip &lt;&lt;unk&gt;&gt; and brandon fleming .