the power of good : nicholas winton ( czech : &lt;&lt;unk&gt;&gt; &lt;&lt;unk&gt;&gt; : nicholas winton ) is a 2002 documentary about nicholas winton , the man who organized the &lt;&lt;unk&gt;&gt; rescue mission of &lt;&lt;unk&gt;&gt; children from german-occupied czechoslovakia on the eve of the second world war . director &lt;&lt;unk&gt;&gt; &lt;&lt;unk&gt;&gt; decided to make the documentary after meeting winton while developing the film treatment for all my loved ones .