jackson records is a film and music publishing label based in india . the label and its &lt;&lt;unk&gt;&gt; / &lt;&lt;unk&gt;&gt; are owned and administered by jackson records digital entertainment &lt;&lt;unk&gt;&gt; ( formerly known as &lt;&lt;unk&gt;&gt; media network until july 2014 ) . jackson records as a label started functioning from december , 2011 .