highlander : the search for vengeance is an animated film and an anime installment of the cult highlander franchise . the film was directed by yoshiaki kawajiri ( ninja scroll , vampire hunter d : &lt;&lt;unk&gt;&gt; ) and was written by david &lt;&lt;unk&gt;&gt; , also the writer for highlander : the series , highlander : the raven and highlander : the source . the film was a joint venture between imagi animation studios and madhouse studio , with imagi providing the script and the soundtrack , while madhouse produced the animation . it was produced in association with &lt;&lt;unk&gt;&gt; productions and distributed by manga entertainment on june 5 , 2007 . it aired july 30 , 2007 on sci fi 's &lt;&lt;unk&gt;&gt; block .