five hours from paris ( hebrew : &lt;&lt;unk&gt;&gt; &lt;&lt;unk&gt;&gt; &lt;&lt;unk&gt;&gt; ) is a 2009 israeli comedy film by leonid &lt;&lt;unk&gt;&gt; . it premiered as an official selection at the toronto international film festival on 12 september 2009 . a french cinema chain caused controversy when they cancelled its release following the gaza &lt;&lt;unk&gt;&gt; raid and instead screened a french documentary about rachel corrie , an american &lt;&lt;unk&gt;&gt; killed by an israeli &lt;&lt;unk&gt;&gt; in 2004 .