&lt;&lt;unk&gt;&gt; roy ( bengali : &lt;&lt;unk&gt;&gt; &lt;&lt;unk&gt;&gt; ) is a bengali film and television actor . he played the role of tintin in serial gaaner &lt;&lt;unk&gt;&gt; . later he played the lead role of &lt;&lt;unk&gt;&gt; chowdhury , the male protagonist of serial &lt;&lt;unk&gt;&gt; . he debuted with kaushik ganguly 's rang &lt;&lt;unk&gt;&gt; .