sayonara jupiter ( &lt;&lt;unk&gt;&gt; sayonara &lt;&lt;unk&gt;&gt; , english release : bye bye jupiter ) is a 1984 japanese science fiction film directed by koji hashimoto and produced by toho . the script was adapted by pioneering science-fiction author &lt;&lt;unk&gt;&gt; komatsu from his novel of the same name . the special effects were directed by koichi &lt;&lt;unk&gt;&gt; . cast with a mix of actors speaking english , french and japanese , the film was conceived by toho as a rival to the forthcoming box office blockbuster hit 2010 . the two films bear comparison of plot elements . this was actor akihiko hirata 's final film role . he was set to star in the return of godzilla ( 1984 ) , but died of throat cancer before he was cast . in one scene , captain &lt;&lt;unk&gt;&gt; &lt;&lt;unk&gt;&gt; watches ghidorah , the &lt;&lt;unk&gt;&gt; monster , which featured a much younger akihiko hirata .