the burning season is a documentary about the burning of &lt;&lt;unk&gt;&gt; in indonesia which premiered at the tribeca film festival in 2008 . the main characters featured in the film are : &lt;&lt;unk&gt;&gt; sun from australia ; &lt;&lt;unk&gt;&gt; , a small-scale palm oil farmer from &lt;&lt;unk&gt;&gt; province in indonesia ; and lone &lt;&lt;unk&gt;&gt; nielsen , a danish &lt;&lt;unk&gt;&gt; based in &lt;&lt;unk&gt;&gt; , indonesia .