ondu &lt;&lt;unk&gt;&gt; ( kannada : ಒಂದು ಕ &lt;&lt;unk&gt;&gt; ಲಿ ) is a 2012 indian kannada romantic drama film starring tarun chandra , sanjjanaa and bhama in the lead roles . the story , screenplay , dialogues and direction is by dinesh babu . &lt;&lt;unk&gt;&gt; diwan has composed music for the soundtrack , while &lt;&lt;unk&gt;&gt; shrivastav has done the background score . actor-producer jai jagadish has produced the venture . the film made its theatrical release on 5 october 2012 across karnataka cinema halls .