&lt;&lt;unk&gt;&gt; &lt;&lt;unk&gt;&gt; is a 2009 crime thriller based on the novel of same name by sharadindu bandyopadhyay . it was directed by swapan ghosal and produced by new wave communications . this is the third byomkesh bakshi film adaptation . &lt;&lt;unk&gt;&gt; dutta played byomkesh while &lt;&lt;unk&gt;&gt; mukherjee played ajit . &lt;&lt;unk&gt;&gt; &lt;&lt;unk&gt;&gt; , &lt;&lt;unk&gt;&gt; mitra , gargi roychowdhury and biplab chatterjee acted in other roles .