the great &lt;&lt;unk&gt;&gt; ( russian : &lt;&lt;unk&gt;&gt; &lt;&lt;unk&gt;&gt; , translit . &lt;&lt;unk&gt;&gt; &lt;&lt;unk&gt;&gt; ) is a 1933 soviet drama film directed by lev kuleshov and starring konstantin &lt;&lt;unk&gt;&gt; . the film is based on the facts from the biography of the american writer o. henry and on his two novels .