geronimo is a 1939 western and adventure film released in the united states starring chief &lt;&lt;unk&gt;&gt; as geronimo , the famous leader of indian warriors who fought against " american " &lt;&lt;unk&gt;&gt; . it was directed by western director paul sloane . this is the first adaptation of geronimo 's lifetime .