go is a 2001 coming-of-age movie , directed by isao &lt;&lt;unk&gt;&gt; , based on kazuki kaneshiro 's novel of the same title , which tells the story of a &lt;&lt;unk&gt;&gt; north korean teenager &lt;&lt;unk&gt;&gt; ( &lt;&lt;unk&gt;&gt; &lt;&lt;unk&gt;&gt; ) and a prejudiced japanese girl &lt;&lt;unk&gt;&gt; &lt;&lt;unk&gt;&gt; ( &lt;&lt;unk&gt;&gt; &lt;&lt;unk&gt;&gt; ) whom he falls for .