sacred and profane love is a 1921 american silent drama film produced by famous players-lasky and distributed by paramount pictures . this film was directed by william desmond taylor and starred elsie ferguson with conrad nagel . it is based on a book the book of carlotta by arnold bennett and was turned into a 1920 broadway play which also starred elsie ferguson . writer/director julia crawford ivers adapted the book and play to the screen while her son james van trees served as one of the film 's cinematographers . all known copies of this film are lost .