&lt;&lt;unk&gt;&gt; ( தமிழ் : &lt;&lt;unk&gt;&gt; , english : the ten &lt;&lt;unk&gt;&gt; ) is a 1976 tamil hindu - devotional mythology film was directed and script were written by k. s. gopalakrishnan . music by s. rajeswara rao assets to the film . it stars ravikumar played titular role with &lt;&lt;unk&gt;&gt; govindarajan , jayachitra , gemini ganesan , m. r. radha , p. s. veerappa , sowcar janaki and k. r. vijaya other actor and actress played portraying supporting role .