the master plan is a 1954 british film noir drama film directed by cy endfield and starring norman wooland , tilda &lt;&lt;unk&gt;&gt; and real-life war hero wayne morris . it is set at the headquarters of nato . it is based on a teleplay operation north star by harald bratt . it was made at southall studios .