the adventures of quentin &lt;&lt;unk&gt;&gt; , known also as quentin &lt;&lt;unk&gt;&gt; , is a 1955 historical film released by mgm . it was directed by richard thorpe and produced by pandro s. berman . the screenplay was by robert ardrey , adapted by george froeschel from the novel quentin &lt;&lt;unk&gt;&gt; by sir walter scott . it was the third in an unofficial trilogy made by the same director and producer and starring robert taylor . the first two were ivanhoe ( 1952 ) and knights of the round table ( 1953 ) . all three were made at mgm 's british studios at elstree , near london . the film had the distinction of a soundtrack composed by studio music mainstay bronislau kaper rather than &lt;&lt;unk&gt;&gt; &lt;&lt;unk&gt;&gt; , who was busy on other projects at the time the film was ready for scoring . it was the first big-budget film for the british actress kay kendall , and it featured a large &lt;&lt;unk&gt;&gt; of distinguished british players , including robert morley .