the green slime ( &lt;&lt;unk&gt;&gt; &lt;&lt;unk&gt;&gt; &lt;&lt;unk&gt;&gt; &lt;&lt;unk&gt;&gt; gō : uchū &lt;&lt;unk&gt;&gt; ) is a 1968 science fiction film directed by kinji fukasaku and produced by walter manley and ivan reiner . it was written by william finger , tom rowe and charles sinclair from a story by reiner . the film was shot in japan with a japanese director and film crew , but with the non-japanese starring cast of robert horton , richard jaeckel and luciana paluzzi . after destroying a huge asteroid that was on a rapid collision course with earth , a group of astronauts discover they have accidentally returned to their space station with an alien slime creature that feeds on radiation and can reproduce rapidly from its own blood .