neon city ( also known as anno &lt;&lt;unk&gt;&gt; in italy , &lt;&lt;unk&gt;&gt; grad in serbia ) is a 1991 canadian post-apocalyptic science fiction film directed by monte markham and written by jeff begun and ann lewis hamilton , under the pseudonym buck finch . the cast includes michael ironside , vanity , lyle &lt;&lt;unk&gt;&gt; , valerie wildman , nick &lt;&lt;unk&gt;&gt; , juliet landau , richard sanders and markham .