the magic shoes is a 1935 australian short film based on the fairy tale cinderella . it features the first screen performance by peter finch and helen hughes , daughter of former prime minister william hughes and was the first dramatised movie to be shot at the national studios , built to make the flying doctor ( 1936 ) . today the magic shoes is considered a lost film . however 33 production and publicity stills relating to the film were discovered in 2006 .