maggie is a 2015 post-apocalyptic horror drama film directed by henry hobson , in his directorial debut , written by john scott 3 , and starring arnold schwarzenegger , abigail breslin and joely richardson . maggie is a dramatic departure for schwarzenegger , who is better known for his action film roles . the film was originally set to have its world premiere at the 2014 toronto international film festival , but lionsgate bought the american distribution rights and pulled the film out of the festival 's roster . it instead premiered at the 2015 tribeca film festival on april 23 , 2015 , as part of their lineup , followed by a limited theatrical release and simultaneous vod release on may 8 , 2015 .