the dancing boys of afghanistan is a 2010 documentary film produced by clover films and directed by afghan journalist &lt;&lt;unk&gt;&gt; &lt;&lt;unk&gt;&gt; about the practice of bacha bazi in afghanistan . the 52-minute documentary premiered in the uk at the royal society of arts on march 29 , 2010 and aired on pbs frontline in the united states on april 20 . bacha bazi , also known as &lt;&lt;unk&gt;&gt; ( from the persian &lt;&lt;unk&gt;&gt; &lt;&lt;unk&gt;&gt; ) , literally " playing with boys " in persian , pashto and &lt;&lt;unk&gt;&gt; ) , is a form of sexual slavery and child prostitution in which prepubescent and adolescent boys are sold to wealthy or powerful men for entertainment and sexual activities . this business &lt;&lt;unk&gt;&gt; in afghanistan , where many men keep dancing boys as status symbols . the practice is illegal under afghan law .