daddy 's double is a 1910 american silent short drama produced by the thanhouser film corporation . the film focuses on hal , a young man , who proposes to sue , his love interest . her father overhears and becomes furious before &lt;&lt;unk&gt;&gt; his daughter away to a boarding school . hal and sue attempt to elope , but it is foiled . hal then gets an idea to disguise himself as the father and reclaim sue . the plan works , but the father follows in pursuit . he breaks into the wedding ceremony at the parson 's house and sees his double . he then laughs and &lt;&lt;unk&gt;&gt; of the marriage . the film was the fourth release by thanhouser and it was met with favorable reviews by critics . in 2007 , a surviving print was released on dvd with a new original score composed and performed by raymond a. &lt;&lt;unk&gt;&gt; .