jane eyre is a 2006 television adaptation of charlotte brontë 's 1847 novel of the same name . the story , which has been the subject of numerous television and film adaptations , is based on the life of the orphaned title character . this four-part bbc television drama serial adaptation was broadcast in the united kingdom on bbc one . the mini-series is generally considered a successful adaptation , garnering critical acclaim and a number of prestigious nominations from various award bodies .