foreign &lt;&lt;unk&gt;&gt; is a 1935 british comedy film directed by and starring tom walls . it also features ralph lynn , robertson hare , norma varden and cecil parker . the screenplay is by ben travers , and the cast included cast members from the walls and travers aldwych farces . the film is set on the french riviera where two &lt;&lt;unk&gt;&gt; british spongers become mixed up in illegal gambling .