the &lt;&lt;unk&gt;&gt; ( hangul : &lt;&lt;unk&gt;&gt; : &lt;&lt;unk&gt;&gt; &lt;&lt;unk&gt;&gt; ; rr : &lt;&lt;unk&gt;&gt; &lt;&lt;unk&gt;&gt; : &lt;&lt;unk&gt;&gt; &lt;&lt;unk&gt;&gt; ; lit . " &lt;&lt;unk&gt;&gt; school : the lost girls " ) is a 2015 south korean mystery-thriller film written and directed by lee &lt;&lt;unk&gt;&gt; , starring park bo-young and uhm ji-won .