sunil barve ( marathi : &lt;&lt;unk&gt;&gt; &lt;&lt;unk&gt;&gt; ) is an indian film , television and theatre actor , singer and producer . predominantly working in marathi , he has also worked in hindi and gujarati entertainment industry . he is also a radio jockey . he started doing small roles for serials and theatres and starred in several marathi films and serials . after 25 years in the industry , he launched an initiative named &lt;&lt;unk&gt;&gt; through his production company &lt;&lt;unk&gt;&gt; to " bring back the lost glory of marathi musical plays " .