demolition is a 2015 american drama film directed by jean-marc vallée and written by bryan &lt;&lt;unk&gt;&gt; . the film stars jake gyllenhaal , naomi watts , chris cooper , and judah lewis . the film opened the 2015 toronto international film festival and was theatrically released on april 8 , 2016 , by fox searchlight pictures .