225 is the north american telephone area code for part of southern louisiana , including the entire &lt;&lt;unk&gt;&gt; baton rouge metropolitan area . the area code was louisiana 's third area code , and the first new area code in the state in &lt;&lt;unk&gt;&gt; years . area code 225 split from area code &lt;&lt;unk&gt;&gt; during &lt;&lt;unk&gt;&gt; . the numbers &lt;&lt;unk&gt;&gt; &lt;&lt;unk&gt;&gt; on the &lt;&lt;unk&gt;&gt; keyboard to the letters &lt;&lt;unk&gt;&gt; ; a nod to the area 's cajun heritage . the area code has become part of the regional identity for the baton rouge metropolitan area , to the extent that there is a local news magazine named 225 magazine published by louisiana business inc . the area code covers the &lt;&lt;unk&gt;&gt; of &lt;&lt;unk&gt;&gt; , east baton rouge , east &lt;&lt;unk&gt;&gt; , &lt;&lt;unk&gt;&gt; , livingston , pointe &lt;&lt;unk&gt;&gt; , st. helena , st. james , west baton rouge and west &lt;&lt;unk&gt;&gt; .