hidden in america is a 1996 american television film about poverty in the united states . the film is directed by martin bell and stars beau bridges , bruce davison , and alice krige . bridges plays bill &lt;&lt;unk&gt;&gt; , a father struggling to support his family and whose pride and optimism prevent him from seeking help until it is too late . he was nominated for many awards including a screen actors guild award and an emmy award . the film aired on december 1 , 1996 on showtime and was released to dvd on february 8 , 2005 .