the rebel is a 1993 italian drama film , originally released as based on the novel ' storia di &lt;&lt;unk&gt;&gt; ' , which was written and adapted by the film 's director , &lt;&lt;unk&gt;&gt; grimaldi . it stars spanish actress penélope cruz . it also features stefano &lt;&lt;unk&gt;&gt; , &lt;&lt;unk&gt;&gt; &lt;&lt;unk&gt;&gt; and marco &lt;&lt;unk&gt;&gt; . in italian , the language the film was originally released in , the film is titled la &lt;&lt;unk&gt;&gt; .