the grace card is a 2010 christian drama film directed by david g. evans . it intends to illustrate the everyday opportunities that people have to rebuild relationships and heal deep wounds by extending and receiving god ’s grace . the film stars louis gossett , jr. , michael &lt;&lt;unk&gt;&gt; and michael &lt;&lt;unk&gt;&gt; . it was released on february 25 , 2011 to &lt;&lt;unk&gt;&gt; theaters , grossing $ &lt;&lt;unk&gt;&gt; on opening weekend .