hot coffee is a 2011 documentary film that analyzes and discusses the impact of &lt;&lt;unk&gt;&gt; reform on the united states judicial system . it is directed by susan &lt;&lt;unk&gt;&gt; , who has practiced as a medical malpractice attorney for at least 26 years . the film premiered at the 2011 sundance film festival on january 24 , 2011 , and later aired on hbo on june 27 , 2011 , as a part of hbo films documentary summer series . the title is derived from the &lt;&lt;unk&gt;&gt; v. mcdonald 's restaurants lawsuit , in which the &lt;&lt;unk&gt;&gt; &lt;&lt;unk&gt;&gt; was severely burned after &lt;&lt;unk&gt;&gt; into her lap hot coffee purchased from a mcdonald 's .