contraband is a lost 1925 silent film produced by famous players-lasky and distributed by paramount pictures . alan crosland directed and lois wilson stars . the film is taken from a novel , contraband , by charles &lt;&lt;unk&gt;&gt; &lt;&lt;unk&gt;&gt; . the last film directed by alan crosland the cooperation with distributor paramount pictures .