the resident is a 2011 british thriller film directed by antti &lt;&lt;unk&gt;&gt; and starring hilary swank and jeffrey dean morgan . swank stars as a recently single woman who rents an apartment in new york city and comes to suspect that someone is stalking her . the film also features a cameo from hammer films star christopher lee , in his first collaboration with the studio since 1976 's to the devil a daughter and his last before his death in 2015 .