&lt;&lt;unk&gt;&gt; is a 2015 italian french neo-noir film directed by stefano sollima , based on the 2013 novel of the same name by carlo &lt;&lt;unk&gt;&gt; and giancarlo de &lt;&lt;unk&gt;&gt; . the movie was financed by netflix and rai . it stars &lt;&lt;unk&gt;&gt; &lt;&lt;unk&gt;&gt; , elio germano and claudio &lt;&lt;unk&gt;&gt; , and focuses on the connections between organized crime and politics in rome in 2011 . &lt;&lt;unk&gt;&gt; was the name of a suburb of ancient rome .