&lt;&lt;unk&gt;&gt; is 2008 tamil-language fantasy comedy film scripted and directed by raju &lt;&lt;unk&gt;&gt; , it stars jayaram , prakash raj and " raju &lt;&lt;unk&gt;&gt; " in the lead roles , while aravind akash , nassar , &lt;&lt;unk&gt;&gt; and saranya mohan play other prominent roles . produced by abhirami ramanathan , the film was released on 25 december 2008 .