thanks a million is a 1935 musical film produced and released by 20th century fox and directed by roy del ruth . it stars dick powell , ann dvorak and fred allen , and features patsy kelly , david &lt;&lt;unk&gt;&gt; and paul whiteman and his band with &lt;&lt;unk&gt;&gt; ramona . the script by nunnally johnson was based on a story by producer darryl f. zanuck ( writing as melville &lt;&lt;unk&gt;&gt; ) and contained uncredited additional dialogue by fred allen , james &lt;&lt;unk&gt;&gt; , edmund gross and harry tugend . thanks a million was nominated for the academy award for sound ( e. h. hansen ) in 1935 . it was remade in 1946 as if i 'm lucky , with perry como and phil silvers in the powell and allen roles .