beyond is a 2014 british science fiction romantic drama written and directed by joseph baker and tom large . it stars richard j. &lt;&lt;unk&gt;&gt; and gillian macgregor as a married couple who attempt to make their relationship work during the approach of a potentially catastrophic asteroid . it premiered at the &lt;&lt;unk&gt;&gt; film festival on 24 april 2014 .