baby boom is a 1987 romantic comedy film directed by charles shyer , written by nancy meyers and shyer , and produced by meyers and bruce a. block for united artists . it stars diane keaton as a &lt;&lt;unk&gt;&gt; who discovers that a long-lost cousin has died , leaving her a &lt;&lt;unk&gt;&gt; baby girl as inheritance . the film received generally favorable reviews and was a modest box-office success during its original run , eventually grossing $ 26 million . the film launched a subsequent television show , running from 1988 to 1989 , and was nominated for two golden globe awards .