kasthuri maan is a 2005 tamil film directed by malayalam director a. k. lohithadas . the film , a remake of the director 's own malayalam film of same name , and his only tamil project till date , stars prasanna and meera jasmine , who reprised her role from the original . it also features shammi thilakan , sarath babu , v. m. c. haneefa , bharathi kannan , pawan , vinodini and suja . kasthuri maan 's story revolves around a young college girl who helps her lover realize his dream of becoming an ias officer amidst her own problems . the film released during diwali 2005 and was positively received .