sadhu sundar singh ( punjabi : &lt;&lt;unk&gt;&gt; &lt;&lt;unk&gt;&gt; &lt;&lt;unk&gt;&gt; ( gurmukhi ) ; &lt;&lt;unk&gt;&gt; &lt;&lt;unk&gt;&gt; &lt;&lt;unk&gt;&gt; ( &lt;&lt;unk&gt;&gt; ) ; born 3 september 1889 ) was an indian christian missionary . he is believed to have died in the foothills of the himalayas in 1929 .