ara &lt;&lt;unk&gt;&gt; neram ( half an hour only ) is a 1970 malayalam film directed by k. s. sethumadhavan and written by &lt;&lt;unk&gt;&gt; based on his own novel of the same name . &lt;&lt;unk&gt;&gt; also played a minor role in the film . the story of the film revolves around an orthodox christian family headed by &lt;&lt;unk&gt;&gt; ( kottarakkara sreedharan nair ) , a &lt;&lt;unk&gt;&gt; patriarch who lives his life by the book . the film also features prem nazir , sathyan , ragini , sheela , k. p. ummer , adoor bhasi and ambika sukumaran .