cyril chamberlain ( 8 march 1909 – 5 december 1974 ) was an english film and television actor . he appeared in a number of the early carry on , doctor and st. trinian 's films . he was born on 8 march 1909 in london and died in &lt;&lt;unk&gt;&gt; wells in wales on 5 december 1974 aged 65 . he spent his final five years in retirement restoring antique furniture . he was married to actress lisa lee and they had one child . he appeared in 139 films between 1938 and 1966 . his first film appearance was in the 1939 will hay comedy film ask a policeman ; his role was uncredited .