&lt;&lt;unk&gt;&gt; ( english : uneducated man ) is a 2009 indian tamil-language action-comedy film written and directed by &lt;&lt;unk&gt;&gt; . it stars dhanush , tamannaah bhatia , vivek , sayaji shinde , pratap pothan , suman and atul kulkarni in the lead roles and features a huge supporting cast in small pivotal and cameo roles . the film released on 14 january 2009 during pongal receiving huge positive response . the film was successful grossing ₹ 17 crore in tamil nadu and established dhanush as one of top five &lt;&lt;unk&gt;&gt; heroes of tamil cinema then . later the film was dubbed in hindi as meri &lt;&lt;unk&gt;&gt; mera faisla 2 .