men without women is an american 1930 pre-code drama film directed and written by john ford , from the script by james kevin mcguinness . the film also starred kenneth mackenna , frank albertson , and j. farrell macdonald . the sound version is now lost . only a print of the " international sound version " , held by the museum of modern art , survives .