strange gamble is a 1948 american western film directed by george archainbaud and written by doris schroeder , bennett cohen and &lt;&lt;unk&gt;&gt; lamb . the film stars william boyd , andy clyde , rand brooks , elaine riley , james craven and robert williams . the film was released on october 8 , 1948 , by united artists .