the &lt;&lt;unk&gt;&gt; is a 1979 american western television film directed by robert &lt;&lt;unk&gt;&gt; and starring sam elliott , tom selleck , jeff &lt;&lt;unk&gt;&gt; , and glenn ford . based on the novels the &lt;&lt;unk&gt;&gt; and sackett by louis l'amour , the film recounts the story of the sackett brothers in 1869 who leave their tennessee home and start a new life together in santa fe .