wearing velvet slippers under a golden umbrella ( burmese : &lt;&lt;unk&gt;&gt; &lt;&lt;unk&gt;&gt; &lt;&lt;unk&gt;&gt; &lt;&lt;unk&gt;&gt; &lt;&lt;unk&gt;&gt; &lt;&lt;unk&gt;&gt; , pronounced as &lt;&lt;unk&gt;&gt; &lt;&lt;unk&gt;&gt; see &lt;&lt;unk&gt;&gt; &lt;&lt;unk&gt;&gt; &lt;&lt;unk&gt;&gt; ) is a 1970 burmese film directed by &lt;&lt;unk&gt;&gt; &lt;&lt;unk&gt;&gt; starring &lt;&lt;unk&gt;&gt; mon , &lt;&lt;unk&gt;&gt; lay and &lt;&lt;unk&gt;&gt; &lt;&lt;unk&gt;&gt; . the film was &lt;&lt;unk&gt;&gt; &lt;&lt;unk&gt;&gt; 's first feature as director and he also wrote the screenplay , based on the novel of the same name by &lt;&lt;unk&gt;&gt; thara .