&lt;&lt;unk&gt;&gt; &lt;&lt;unk&gt;&gt; ( english : &lt;&lt;unk&gt;&gt; and a lamb ) is a 2013 malayalam comedy film directed by lal jose . it has kunchacko boban and namitha pramod in lead roles . &lt;&lt;unk&gt;&gt; &lt;&lt;unk&gt;&gt; , scripted by m. &lt;&lt;unk&gt;&gt; , was produced under the banner of balcony 6 entertainments . the cinematographer is s. kumar and the music director is vidyasagar . the film tackles social issues in &lt;&lt;unk&gt;&gt; , through the tale of a hapless youth . &lt;&lt;unk&gt;&gt; &lt;&lt;unk&gt;&gt; is regarded as the best comedy entertainer of 2013 .