family gathering is a 1988 american short documentary film by lise &lt;&lt;unk&gt;&gt; , exploring three generations of her japanese-american family , from their immigration to oregon in the early 20th century through their imprisonment in internment camps during world war ii . it was nominated for an academy award for best documentary short .