marjorie prime is an american science-fiction film written and directed by michael almereyda , based on jordan harrison 's pulitzer prize-nominated play of the same name . it stars jon hamm , tim robbins , geena davis , and lois smith . footage was screened for buyers at the 66th berlin international film festival . it premiered at the 2017 sundance film festival . it is scheduled to be released on august 18 , 2017 by &lt;&lt;unk&gt;&gt; .