tiger by the tail , also known as &lt;&lt;unk&gt;&gt; , is a 1955 british crime film directed by john gilling and starring larry parks , constance smith , lisa &lt;&lt;unk&gt;&gt; and donald stewart . it is an adaptation of the novel never come back by john &lt;&lt;unk&gt;&gt; . larry parks , a memorable al jolson in the jolson story , had fallen foul of america 's house un-american activities committee , and had his first film role for four years starring in this british low &lt;&lt;unk&gt;&gt; .