eyewitness is a 1999 american short documentary film directed by bert van &lt;&lt;unk&gt;&gt; . it was nominated for an academy award for best documentary short . the explored the lives of three artists forced to work in secret while living in nazi death camps : jan &lt;&lt;unk&gt;&gt; , dinah &lt;&lt;unk&gt;&gt; and felix nussbaum , and who witnessed and painted the horrors of the holocaust .