maría del pilar bardem muñoz ( born 14 march 1939 ) better known as pilar bardem is a spanish film and television actress . she is the mother of academy award-winner javier bardem . born to performers rafael bardem and &lt;&lt;unk&gt;&gt; muñoz &lt;&lt;unk&gt;&gt; in seville , bardem began her screen career in 1965 . she was a regular in the television series &lt;&lt;unk&gt;&gt; y sin &lt;&lt;unk&gt;&gt; ( 1994 ) , &lt;&lt;unk&gt;&gt; ( 1998 ) , el &lt;&lt;unk&gt;&gt; ( 2004 ) , and amar en &lt;&lt;unk&gt;&gt; &lt;&lt;unk&gt;&gt; ( 2005 – 2007 ) . bardem is the recipient of the goya award for best supporting actress , the &lt;&lt;unk&gt;&gt; ace for best supporting actress , the valladolid international film festival award for best actress , and two spanish actors union awards for her performances .