struck oil is a 1919 australian silent film directed by franklyn barrett . it is based on a play set during the american civil war whose popularity with the australian public as a stage vehicle for maggie moore was the basis for j.c. williamson 's success as a theatre entrepreneur . it is considered a lost film .