meeting venus is a 1991 british – american-japanese film directed by the hungarian director istván szabó and starring glenn close , niels arestrup , &lt;&lt;unk&gt;&gt; &lt;&lt;unk&gt;&gt; , victor &lt;&lt;unk&gt;&gt; , jay o. sanders , maria de medeiros and johanna &lt;&lt;unk&gt;&gt; &lt;&lt;unk&gt;&gt; . the movie was filmed in budapest , hungary .