&lt;&lt;unk&gt;&gt; ( &lt;&lt;unk&gt;&gt; &lt;&lt;unk&gt;&gt; , 1962 ) is a japanese jidaigeki ( &lt;&lt;unk&gt;&gt; ) film directed by masaki kobayashi . the story takes place between &lt;&lt;unk&gt;&gt; and &lt;&lt;unk&gt;&gt; during the edo period and the reign of the tokugawa shogunate . it tells the story of &lt;&lt;unk&gt;&gt; &lt;&lt;unk&gt;&gt; , a warrior without a lord . at the time , it was common for &lt;&lt;unk&gt;&gt; samurai , or &lt;&lt;unk&gt;&gt; , to request to commit &lt;&lt;unk&gt;&gt; ( hara &lt;&lt;unk&gt;&gt; ) in the palace courtyard in the hope of receiving &lt;&lt;unk&gt;&gt; from the remaining feudal lords .