&lt;&lt;unk&gt;&gt; story ( &lt;&lt;unk&gt;&gt; 、 &lt;&lt;unk&gt;&gt; &lt;&lt;unk&gt;&gt; &lt;&lt;unk&gt;&gt; &lt;&lt;unk&gt;&gt; no kane ) is a 2014 japanese romantic comedy-drama film written and directed by &lt;&lt;unk&gt;&gt; &lt;&lt;unk&gt;&gt; . &lt;&lt;unk&gt;&gt; &lt;&lt;unk&gt;&gt; , ena &lt;&lt;unk&gt;&gt; , kiki &lt;&lt;unk&gt;&gt; , &lt;&lt;unk&gt;&gt; &lt;&lt;unk&gt;&gt; , and &lt;&lt;unk&gt;&gt; fukushima star as guests whose lives intersect at a resort in &lt;&lt;unk&gt;&gt; , &lt;&lt;unk&gt;&gt; .