pedro &lt;&lt;unk&gt;&gt; : &lt;&lt;unk&gt;&gt; &lt;&lt;unk&gt;&gt; , also known as journey of a young saint is a 2013 philippine biographical film depicting the life and martyrdom of saint pedro &lt;&lt;unk&gt;&gt; . written and directed by francis o. &lt;&lt;unk&gt;&gt; and produced by &lt;&lt;unk&gt;&gt; &lt;&lt;unk&gt;&gt; group and wings entertainment , is an official entry to the 2013 metro manila film festival , and was released on december 25 , 2013 . rocco &lt;&lt;unk&gt;&gt; stars as &lt;&lt;unk&gt;&gt; , who is only the second filipino &lt;&lt;unk&gt;&gt; by the catholic church after saint lorenzo &lt;&lt;unk&gt;&gt; de manila . this film serves as a movie adaptation of the docu-drama tv special aired on gma news tv on october 21 , 2012 as the &lt;&lt;unk&gt;&gt; of the said saint where rocco &lt;&lt;unk&gt;&gt; reprises his role to the film .