snoopy , come home is a 1972 american animated musical comedy-drama film directed by bill melendez and written by charles m. schulz based on the peanuts comic strip . the film marks the on-screen debut of woodstock , who had first appeared in the strip in 1967 . the film was released in august 1972 by national general pictures , produced by lee mendelson films and cinema center films ( in their final production ) . the film was a box-office failure , however , it was well received by critics .