&lt;&lt;unk&gt;&gt; of arizona is a 1944 american western film directed by lesley selander and written by randall faye . the film stars smiley burnette , sunset carson , peggy stewart , earle hodgins , roy barcroft and leroy mason . the film was released on december 1 , 1944 , by republic pictures .