like the clouds , like the wind ( japanese : &lt;&lt;unk&gt;&gt; &lt;&lt;unk&gt;&gt; hepburn : &lt;&lt;unk&gt;&gt; no &lt;&lt;unk&gt;&gt; ni kaze no &lt;&lt;unk&gt;&gt; ni ) is an anime television film in japan produced by studio pierrot for ntv and based on the novel by ken ' ichi &lt;&lt;unk&gt;&gt; . it is often incorrectly thought to be produced by studio ghibli due to the character designs by &lt;&lt;unk&gt;&gt; kondō ( who has worked on many ghibli films ) , partially due to an error in its first fan translation that attributed the screenplay to hayao miyazaki instead of akira miyazaki , and the higher quality of the animation for a tv movie . however , studio ghibli had no involvement in the film .