naam iruvar &lt;&lt;unk&gt;&gt; iruvar ( tamil : &lt;&lt;unk&gt;&gt; &lt;&lt;unk&gt;&gt; &lt;&lt;unk&gt;&gt; &lt;&lt;unk&gt;&gt; ) ( english : we two , ours two ) is a 1998 tamil film directed by sundar c. prabhu deva and meena played the leading roles , whilst the film featured an extensive cast , along with a bevy of supporting actors . the film released on 14 january 1998 and became a big success at the box office . the film was loosely based on the 1995 hollywood movie two much .