&lt;&lt;unk&gt;&gt; ( english : presentation ) is a 1969 indian tamil-language film , directed by a. c. tirulokchandar and produced by s. &lt;&lt;unk&gt;&gt; . the film stars sivaji ganesan , b. sarojadevi , jaishankar , &lt;&lt;unk&gt;&gt; and m. n. nambiar in lead roles . the film had musical score by m. s. viswanathan .