west point of the air ( 1935 ) is a film starring wallace beery about pilot training in the u.s. army air corps in the early 1930s . the supporting cast includes robert young , lewis stone , maureen o'sullivan , rosalind russell , and robert taylor in one of his earliest roles . the movie was directed by richard rosson .