72 miles - ek &lt;&lt;unk&gt;&gt; is a marathi film directed by rajiv patil and produced under grazing goat pictures and co-produced by akshay kumar and ashwini &lt;&lt;unk&gt;&gt; film is set in the time of 50 's and 60 's about journey of a 13-year-old young boy who ran away from his hostel and how this young boy matures with time when he meets a lady and her kids . deepak rane was the line producer for this film