decoy is a 1946 american film noir . directed by jack bernhard , the film stars jean gillie , edward norris , robert armstrong , herbert &lt;&lt;unk&gt;&gt; , and sheldon leonard . the film was produced by jack bernhard and bernard brandt as a jack bernhard production , with a screenplay by ned young , based on an original story by stanley rubin decoy is a showcase of how film noir can do so much with so little . short-lived jean gillie stars as one of the film genre 's toughest femme &lt;&lt;unk&gt;&gt; . gillie was married to bernhard when this film was made .