&lt;&lt;unk&gt;&gt; sumangali &lt;&lt;unk&gt;&gt; is a 1998 telugu drama film directed by s. v. krishna reddy starring rajasekhar and &lt;&lt;unk&gt;&gt; in the lead roles . this is the story of a married woman who dumps her husband for her career in the glamour world , later realized that she has lost her good old life . s. v. krishna reddy prepared this story based on a letter received by him .