&lt;&lt;unk&gt;&gt; ( malayalam : &lt;&lt;unk&gt;&gt; &lt;&lt;unk&gt;&gt; meaning : the path ) is a well reputed indian film co-written , directed and produced by rajiv vijay raghavan under the banner of image commune . the film is an adaptation of &lt;&lt;unk&gt;&gt; , the famous story by m sukumaran . &lt;&lt;unk&gt;&gt; bagged 7 major kerala state film awards of the government of kerala and one national film award of the government of india for the year 2003 . one of the &lt;&lt;unk&gt;&gt; malayalam films that received wider critical acclaim at international level , &lt;&lt;unk&gt;&gt; exhibited in 16 international film festivals and won 6 international awards in different categories including best film and scripting . the script co-written by rajiv vijay raghavan , anvar ali and dr. s p ramesh , cinematography done by venu and the roles performed by nedumudi venu and meera krishna were also widely appreciated .