the science of sleep ( french : la science des &lt;&lt;unk&gt;&gt; , literally the science of dreams ) is a 2006 surrealistic science fantasy comedy film written and directed by michel gondry . the film stars gael garcía bernal , charlotte gainsbourg , miou-miou , and alain &lt;&lt;unk&gt;&gt; . the film stems from a &lt;&lt;unk&gt;&gt; story that was written by sam &lt;&lt;unk&gt;&gt; , then 10 years old .