king of hearts ( original french title : le roi de cœur ) is a 1966 french comedy-drama film directed by philippe de broca and starring alan bates . the film is set in a small town in france near the end of world war i . as the imperial german army retreats they booby trap the whole town to explode . the locals flee and , left to their own devices , a &lt;&lt;unk&gt;&gt; of cheerful &lt;&lt;unk&gt;&gt; escape the asylum and take over the town — thoroughly confusing the lone scottish soldier who has been dispatched to &lt;&lt;unk&gt;&gt; the bomb .