a dog of flanders is a 1935 american drama film directed by edward sloman , based on a screenplay by ainsworth morgan from the story by dorothy yost , which she adapted from the 1872 novel of the same name by ouida . the film stars frankie thomas , appearing in only his second film ( the first being wednesday 's child ) .