raising helen is a 2004 american comedy-drama film directed by garry marshall and written by jack amiel and michael &lt;&lt;unk&gt;&gt; . it stars kate hudson , john corbett , joan cusack , hayden panettiere , siblings spencer and abigail breslin , and helen mirren . it grossed $ &lt;&lt;unk&gt;&gt; at the u.s. box office .