i am a dad ( hangul : 나는 &lt;&lt;unk&gt;&gt; ; rr : &lt;&lt;unk&gt;&gt; &lt;&lt;unk&gt;&gt; ) , also known as i am father , is a 2011 south korean crime film co-directed by jeon &lt;&lt;unk&gt;&gt; and lee &lt;&lt;unk&gt;&gt; , and written by yoon &lt;&lt;unk&gt;&gt; . it stars kim seung-woo as a corrupt cop who frames innocent people . but when his daughter ( kim &lt;&lt;unk&gt;&gt; ) gets injured because of his work and needs a heart transplant , he discovers that the heart would come from the wife of a magician ( son &lt;&lt;unk&gt;&gt; ) he framed for murder .