svengali is a 1927 german silent drama film directed by &lt;&lt;unk&gt;&gt; &lt;&lt;unk&gt;&gt; and starring paul wegener , anita &lt;&lt;unk&gt;&gt; and andré &lt;&lt;unk&gt;&gt; . it is an adaptation of the novel trilby by the british writer george du maurier about an artist 's model who falls under the spell of a &lt;&lt;unk&gt;&gt; who turns her into a leading opera singer .