samurai is a 2002 tamil language film directed by balaji sakthivel and produced by s. sriram . the film featured vikram in the title role , while anita hassanandani , jaya seal and nassar played supporting roles . harris jayaraj scored the film 's music , while sethu sriram handled cinematography . originally launched in 2000 , the film went through production delays and was only released in july 2002 , when it opened to mixed reviews and an average response at the box office .