night of the quarter moon is a 1959 american drama film directed by hugo haas and written by franklin coen and frank davis . the film stars julie london , john drew barrymore , anna &lt;&lt;unk&gt;&gt; , dean jones , agnes moorehead and nat king cole . the film was released on march 4 , 1959 , by metro-goldwyn-mayer .