the appeared ( also known as &lt;&lt;unk&gt;&gt; ) is a 2007 spanish language horror film that was directed and written by paco &lt;&lt;unk&gt;&gt; . the movie had its world premiere on october 5 , 2007 at the sitges film festival and stars ruth díaz and javier pereira as two siblings caught up in a horrific series of events .