the mysterious rider is a 1933 american pre-code western film directed by fred allen and written by harvey gates and robert n. lee . the film stars kent taylor , &lt;&lt;unk&gt;&gt; andre , berton churchill , irving pichel , warren hymer , gail patrick and cora sue collins . the film was released on january 20 , 1933 , by paramount pictures .