&lt;&lt;unk&gt;&gt; nithya is a 1982 indian tamil romance film directed by tamil c. v. sridhar . it brings to the limelight the true love that blossoms between two hearts without &lt;&lt;unk&gt;&gt; against caste and/or creed . the true love even sacrifices itself for the benefit of the beloved . the true love &lt;&lt;unk&gt;&gt; the hearts unite beyond the mundane life without giving into the crazy worldly threats . this film brings out the true love beyond any &lt;&lt;unk&gt;&gt; and/or physical attractions . the lovers decide that they &lt;&lt;unk&gt;&gt; from any physical relationships until united through marriage though they live in the same place &lt;&lt;unk&gt;&gt; life of lovers ended in a sorrow phase