her hidden truth is a thriller/drama television film starring kellie martin , antonio sabato jr. and ken howard . it was directed by dan lerner and written by pamela k. long , who was also one of the film 's producers . the film first aired on november 12 , 1995 on the national broadcasting company network .