princess tyra is a 2007 ghanaian nigerian drama film directed by frank rajah &lt;&lt;unk&gt;&gt; , and starring jackie &lt;&lt;unk&gt;&gt; , van &lt;&lt;unk&gt;&gt; & yvonne nelson . the film received 12 nominations and won 2 awards at the 2008 africa movie academy awards , including the awards for best costume & best makeup .