shivashankar ( kannada : &lt;&lt;unk&gt;&gt; ) is a 1990 indian kannada film , directed by h. r. bhargava and produced by bhargava and rajaram . the film stars vishnuvardhan , shobhana , ramesh bhat and mukhyamantri chandru in lead roles . the film had musical score by rajan-nagendra . the core storyline of the movie is inspired by the 1985 &lt;&lt;unk&gt;&gt; kong film heart of dragon starring jackie chan , which was also later on used in the 1992 hindi movie jaan se &lt;&lt;unk&gt;&gt; starring govinda .