soul surfer is a 2011 american biographical drama film directed by sean mcnamara , based on the 2004 autobiography soul surfer : a true story of faith , family , and fighting to get back on the board by bethany hamilton about her life as a surfer after a horrific shark attack and her recovery . the film stars annasophia robb , helen hunt , dennis quaid , and lorraine nicholson with carrie underwood , kevin sorbo , sonya &lt;&lt;unk&gt;&gt; , &lt;&lt;unk&gt;&gt; richmond , and craig t. nelson . filming took place in hawaii in early 2010 , with additional filming taking place in tahiti in august 2010 . soul surfer was released in theaters on april 8 , 2011 in the united states and canada by a partnership between filmdistrict and tristar pictures , and was a commercial success , earning $ &lt;&lt;unk&gt;&gt; on a $ 18 million budget , but received mixed reviews from critical audiences .