&lt;&lt;unk&gt;&gt; is a 1929 american film with a synchronized score and sound effects , filmed partially in technicolor . its final six minutes were shown in &lt;&lt;unk&gt;&gt; , an &lt;&lt;unk&gt;&gt; projection novelty . the film , directed by victor schertzinger , stars richard dix and was produced and released by paramount famous lasky corp .