inu to &lt;&lt;unk&gt;&gt; no monogatari : inu no eiga ( &lt;&lt;unk&gt;&gt; &lt;&lt;unk&gt;&gt; , lit : " the story of you and the dog : a dog movie " ) is a 2011 japanese film directed by &lt;&lt;unk&gt;&gt; nagasaki and it is the sequel to the 2005 film all about my dog . it opened in japanese cinemas on 21 january 2011 .