love forecast ( hangul : &lt;&lt;unk&gt;&gt; &lt;&lt;unk&gt;&gt; ; rr : &lt;&lt;unk&gt;&gt; &lt;&lt;unk&gt;&gt; ; lit . today 's love ) is a 2015 south korean romantic comedy film co-written and directed by park jin-pyo . starring lee &lt;&lt;unk&gt;&gt; and moon &lt;&lt;unk&gt;&gt; , the film depicts the relationship between men and women as being as delicate and complex as the weather .