rocco e i &lt;&lt;unk&gt;&gt; &lt;&lt;unk&gt;&gt; ( english : rocco and his brothers ) is a 1960 italian film directed by luchino visconti , inspired by an episode from the novel il &lt;&lt;unk&gt;&gt; della &lt;&lt;unk&gt;&gt; by giovanni &lt;&lt;unk&gt;&gt; . set in milan , it tells the story of an immigrant family from the south and its disintegration in the society of the industrial north . the title is a combination of thomas mann 's joseph and his brothers and the name of rocco &lt;&lt;unk&gt;&gt; , an italian poet who described the feelings of the peasants of southern italy . the film stars alain delon , renato salvatori , annie girardot , and claudia cardinale , in one of her early roles before she became internationally known . the film 's score was composed by nino rota . parts of the movie scenes were filmed in &lt;&lt;unk&gt;&gt; , lake como .