panama &lt;&lt;unk&gt;&gt; ( english : money or affection ) is a 1968 indian tamil-language film , directed and produced by k. s. gopalakrishnan . the film stars gemini ganesan and b. saroja devi in the lead roles . the film had musical score by k. v. mahadevan . the film was remade in hindi as paisa ya pyaar .