the &lt;&lt;unk&gt;&gt; of the palace ( tunisian arabic : &lt;&lt;unk&gt;&gt; &lt;&lt;unk&gt;&gt; , &lt;&lt;unk&gt;&gt; el &lt;&lt;unk&gt;&gt; ) is a 1994 tunisian film co-written and directed by &lt;&lt;unk&gt;&gt; &lt;&lt;unk&gt;&gt; . the film investigates issues of gender , class and sexuality in the arab world through the lives of two generations of women at a prince 's palace . seen through the eyes of an attractive young wedding singer , it exposes the sexual and social servitude of a group of women in an elaborate palace during the french protectorate in tunisia . &lt;&lt;unk&gt;&gt; wrote the film in response to her own mother 's sudden severe illness and her subsequent realization of how little she knew about her life .