nee tata naa &lt;&lt;unk&gt;&gt; ( kannada : ನೀ &lt;&lt;unk&gt;&gt; &lt;&lt;unk&gt;&gt; &lt;&lt;unk&gt;&gt; &lt;&lt;unk&gt;&gt; ) is a 2008 indian kannada comedy film directed and scripted by nagendra &lt;&lt;unk&gt;&gt; . the film has an ensemble cast including v. ravichandran , jaggesh , pooja gandhi , jennifer kotwal , nikita thukral and keerthi chawla in the leading roles.it is a remake of the 1985 malayalam movie boeing boeing . the film revolves around two con men ( ravichandran and jaggesh ) who are experts at stealing from the rich and giving it to the poor . in this process , they are approached by a well known don who gives them a deal of &lt;&lt;unk&gt;&gt; two young girls , who work for the bank . the assignment is to get the code numbers from both the girls and loot the money from the bank . the film takes on the comical track about how the men succeed in their assignment and how they face their real families .