sister act 2 : back in the habit is a 1993 american musical comedy film loosely based on the life of &lt;&lt;unk&gt;&gt; high school choir instructor iris stevenson , and starring whoopi goldberg . directed by bill duke , and released by touchstone pictures , it is the sequel to the successful 1992 film sister act . most of the original cast reprise their roles in the sequel , including maggie smith , kathy najimy , wendy &lt;&lt;unk&gt;&gt; , and mary wickes . despite its moderate commercial success , grossing over $ 57 million in the united states , the film was a critical failure .