the poseidon project is a 2013 documentary film about the search for the lost royal navy submarine hms poseidon . the submarine sank after a collision off the coast of china in 1931 . it was widely assumed to be still present in the &lt;&lt;unk&gt;&gt; sea , 20 miles off the city of &lt;&lt;unk&gt;&gt; in china 's &lt;&lt;unk&gt;&gt; province until american author and scuba diver steven &lt;&lt;unk&gt;&gt; discovered that she had been salvaged by a chinese salvage team in 1972 . &lt;&lt;unk&gt;&gt; 's work and the history of the submarine and its crew is the subject of the poseidon project . the film was directed by british brothers arthur jones and luther jones .