a decent man ( original title : je ne suis pas un &lt;&lt;unk&gt;&gt; ) is a 2015 french drama film written and directed by emmanuel &lt;&lt;unk&gt;&gt; . it stars nicolas &lt;&lt;unk&gt;&gt; and mélanie thierry . after a violent street attack , eddie accuses ahmed , whom he 's seen on the street some days before . but is he guilty , and is eddie wrong … ?