&lt;&lt;unk&gt;&gt; is a 2014 american political drama film written , directed and produced by jon stewart , based on the memoir then they came for me by maziar &lt;&lt;unk&gt;&gt; and aimee molloy . it recounts &lt;&lt;unk&gt;&gt; 's 2009 imprisonment by iran , connected to an interview he participated in on the daily show that same year ; iranian authorities presented the interview as evidence that he was in communication with an american spy . due to the content of the film , stewart has been accused by iran 's state tv of being funded by &lt;&lt;unk&gt;&gt; and working with the cia . the film was released in theaters on november 14 , 2014 .