&lt;&lt;unk&gt;&gt; are for sleeping is a musical produced by david merrick with a book and lyrics by betty comden and adolph green and music by jule styne . the original broadway production played in &lt;&lt;unk&gt;&gt; . the musical was inspired by an article about subway homelessness in the march 1956 issue of harper 's and a subsequent 1957 book based on it , both by edmund g. love , who slept on subway trains throughout the 1950s and encountered many unique individuals . with the profits from his book , love then embarked on a bizarre hobby : over the course of several years , he ate dinner at every restaurant listed in the manhattan yellow pages directory , visiting them in alphabetical order . a previous adaptation of the harper 's article was aired august 3 , 1956 on cbs radio workshop .