life , above all is a 2010 south african drama film directed by oliver schmitz . it was screened in the un certain regard section of the 2010 cannes film festival . the film was selected as the south african entry for the best foreign language film at the 83rd academy awards and made the final shortlist announced in january 2011 . the film was adapted from the novel chanda 's secrets ( 2004 ) by allan stratton .