a television film ( also known as a television movie , telefilm , telemovie , made-for-television film , direct-to-tv film , movie of the week , feature-length drama , single drama or original movie ) is a feature-length motion picture that is produced for , and originally distributed by or to , a television network , in contrast to theatrical films , which are made explicitly for initial showing in movie theaters .