the taking of power by louis xiv ( french : la &lt;&lt;unk&gt;&gt; de &lt;&lt;unk&gt;&gt; par louis xiv ) , also called the rise of louis xiv , is a french television film by italian film director roberto rossellini . the film revolves around the french king louis xiv 's rise to power after the death of his powerful advisor , cardinal &lt;&lt;unk&gt;&gt; . to achieve this political autonomy , louis deals with his mother and the court &lt;&lt;unk&gt;&gt; , all of whom makes the assumption that &lt;&lt;unk&gt;&gt; 's death will give them more power .