ashwini is a 1991 telugu biographical sports drama film based on the life of ashwini &lt;&lt;unk&gt;&gt; , an indian athlete who was a national champion &lt;&lt;unk&gt;&gt; . the film was produced by ramoji rao , and directed by b. c. mouli . the film was premiered in the indian panorama section at the 1991 international film festival of india .