runway ( malayalam : &lt;&lt;unk&gt;&gt; ) is a 2004 malayalam crime film written by udayakrishna and siby k. thomas and directed by joshiy . it stars dileep , indrajith , murali , kavya madhavan and harisree ashokan . the film revolves around the unni ( dileep ) who due to financial problems becomes the renowned smuggler &lt;&lt;unk&gt;&gt; &lt;&lt;unk&gt;&gt; in the &lt;&lt;unk&gt;&gt; nadu border check post &lt;&lt;unk&gt;&gt; . the film was a box office blockbuster . in this movie dileep plays the role of a gangster , who works for a mafia king pin . murali plays the role of the kingpin , who fights against &lt;&lt;unk&gt;&gt; babu . the film was remade in telugu as nayakudu with rajasekhar