district 13 ( french title &lt;&lt;unk&gt;&gt; 13 or &lt;&lt;unk&gt;&gt; ) , is a 2004 french action film directed by pierre morel and written and produced by luc besson . the film is notable for its depiction of parkour in a number of stunt sequences that were completed without the use of wires or computer generated effects . because of this , some film critics have drawn comparisons to the popular thai film ong-bak . david belle , regarded as the founder of parkour , plays &lt;&lt;unk&gt;&gt; , one of the protagonists in the film .