ik &lt;&lt;unk&gt;&gt; ( punjabi : &lt;&lt;unk&gt;&gt; &lt;&lt;unk&gt;&gt; ) is a 1973 pakistani punjabi language family drama movie . directed by &lt;&lt;unk&gt;&gt; &lt;&lt;unk&gt;&gt; ahmad and produced by malik mohammad rafiq . film starring actor allauddin in the lead role and with naghma , habib , and then as the villain sultan rahi