swami is a 1977 hindi film directed by basu chatterjee and produced by jaya chakravarty ( mother of hema malini ) . the film stars shabana azmi , vikram , girish karnad , utpal dutt . hema malini and dharmendra make a guest appearance together in the film . the film 's music is by rajesh roshan . shot in location in &lt;&lt;unk&gt;&gt; & &lt;&lt;unk&gt;&gt; river banks