mrs. dane 's defence is a 1933 british drama film directed by a. v. bramble and starring joan barry , basil gill and francis james . it was an adaptation of the 1900 play mrs dane 's defence by henry arthur jones . the play had previously been turned into an american silent mrs. dane 's defense . it was made at wembley studios as a quota quickie for release by the british subsidiary of paramount pictures .