logan 's war : bound by honor is a 1998 made-for-tv action/drama film directed by michael &lt;&lt;unk&gt;&gt; . it was written by chuck norris and his brother aaron . chuck norris also starred in the film , with eddie &lt;&lt;unk&gt;&gt; and joe spano . despite a popular misconception , the film has no connection to either logan 's run or blood in blood out .