&lt;&lt;unk&gt;&gt; &lt;&lt;unk&gt;&gt; &lt;&lt;unk&gt;&gt; &lt;&lt;unk&gt;&gt; is a 1979 spanish comedy film written and directed by carlos &lt;&lt;unk&gt;&gt; . the film is a comedy sequel of the drama ana and the wolves directed by &lt;&lt;unk&gt;&gt; in 1973 . it was nominated for the academy award for best foreign language film at the 52nd academy awards .