helen the baby fox ( &lt;&lt;unk&gt;&gt; &lt;&lt;unk&gt;&gt; &lt;&lt;unk&gt;&gt; ) is a 2006 japanese film . it was directed by director &lt;&lt;unk&gt;&gt; kono , and stars actors takao &lt;&lt;unk&gt;&gt; , yasuko &lt;&lt;unk&gt;&gt; , arashi &lt;&lt;unk&gt;&gt; and &lt;&lt;unk&gt;&gt; kobayashi in lead roles . it was released in japanese cinemas on 18 march 2006 . helen the baby fox tells the story of &lt;&lt;unk&gt;&gt; and a fox cub , whom &lt;&lt;unk&gt;&gt; found by the side of the road . the cub is blind , deaf and mute and &lt;&lt;unk&gt;&gt; names it helen , after helen keller who suffers from similar disabilities . they faced much skepticism and criticism from the people around them , and difficulties stemming from helen 's physical disabilities .