&lt;&lt;unk&gt;&gt; oka &lt;&lt;unk&gt;&gt; ( english : he 's an army ) ( telugu : &lt;&lt;unk&gt;&gt; ఒక &lt;&lt;unk&gt;&gt; ) is a 2004 telugu film produced by k . atchi reddy on svk films banner and directed by s. v. krishna reddy . starring jagapati babu and neha in the lead roles and music also composed by s. v. krishna reddy .