jury &lt;&lt;unk&gt;&gt; is the crime of &lt;&lt;unk&gt;&gt; attempting to influence the composition and/or decisions of a jury during the course of a trial . in the united states , people have also been charged with jury &lt;&lt;unk&gt;&gt; for &lt;&lt;unk&gt;&gt; out &lt;&lt;unk&gt;&gt; and flyers indicating that &lt;&lt;unk&gt;&gt; have certain rights and obligations , including an obligation to vote their conscience notwithstanding the instructions they are given by the judge . the means by which this crime could be perpetrated can include attempting to discredit potential &lt;&lt;unk&gt;&gt; to ensure they will not be selected for duty . once selected , &lt;&lt;unk&gt;&gt; could be &lt;&lt;unk&gt;&gt; or intimidated to act in a certain manner on duty . it could also involve making unauthorized contact with them for the purpose of introducing prohibited outside information and then arguing for a &lt;&lt;unk&gt;&gt; .