till the clouds roll by is a 1946 technicolor american musical film made by mgm . it is a fictionalized biopic of composer jerome kern , portrayed by robert walker . kern was originally involved with the production of it , but died before it was completed . it has a large cast of well-known musical stars of the day who appear performing kern 's songs . it was the first in a series of mgm biopics about broadway 's composers ; it was followed by words and music ( rodgers and hart , 1948 ) , three little words ( kalmar and ruby , 1950 ) , and deep in my heart ( sigmund romberg , 1954 ) . the film is one of the mgm musicals that lapsed into the public domain on their 28th anniversary , due to mgm failing to renew its copyright .