&lt;&lt;unk&gt;&gt; ( stylized as &lt;&lt;unk&gt;&gt; ) is a 1999 canadian science fiction body horror film written , produced , and directed by canadian director david cronenberg . it stars jennifer jason leigh and jude law . as in videodrome , cronenberg gives his psychological statement about how humans react and interact with the technologies that surround them , in this case , the world of video games .