down under is an australian black comedy drama film set in the aftermath of the 2005 &lt;&lt;unk&gt;&gt; riots . it follows the story of two &lt;&lt;unk&gt;&gt; of vengeful , &lt;&lt;unk&gt;&gt; young &lt;&lt;unk&gt;&gt; from both sides of the fight , who are destined to collide . it is written and directed by abe forsythe