leave her to heaven is a 1945 american technicolor film noir starring gene tierney , cornel wilde , jeanne crain , with vincent price , darryl hickman , ray collins , and chill wills . the story was adapted for the screen by jo swerling from the best selling novel of the same name by ben ames williams and directed by john m. stahl . the story ( told in an extended flashback that constitutes the bulk of the film ) revolves around a femme fatale who &lt;&lt;unk&gt;&gt; a husband and commits several crimes motivated by her insane jealousy over everything concerning him . tierney received an oscar nomination as best actress . the film grossed over $ &lt;&lt;unk&gt;&gt; , fox 's highest-grossing picture of the 1940s . the film 's title is drawn from william shakespeare 's hamlet . in act i , scene v , the ghost urges hamlet not to seek vengeance against queen gertrude , but rather to " leave her to heaven , and to those thorns that in her bosom lodge to &lt;&lt;unk&gt;&gt; and sting her . "