the missing picture ( french : &lt;&lt;unk&gt;&gt; &lt;&lt;unk&gt;&gt; ) is a 2013 &lt;&lt;unk&gt;&gt; documentary film directed by rithy panh about the khmer rouge . it was screened in the un certain regard section at the 2013 cannes film festival where it won the top prize . it was also screened in the world cinema section at the 2013 &lt;&lt;unk&gt;&gt; international film festival where it won the grand jury prize . it won the lumières award for best documentary at the 21st lumières awards and was nominated for the césar award for best documentary film at the 41st césar awards . the film was the cambodian entry for the best foreign language film at the 86th academy awards , and was nominated . approximately half of the film is news and documentary footage , while the other half uses clay &lt;&lt;unk&gt;&gt; to &lt;&lt;unk&gt;&gt; what happened in cambodia when pol pot came to power .