&lt;&lt;unk&gt;&gt; ( behind the screen ) ( assamese : &lt;&lt;unk&gt;&gt; ) is an assamese film produced by the &lt;&lt;unk&gt;&gt; organization &lt;&lt;unk&gt;&gt; media foundation and directed by &lt;&lt;unk&gt;&gt; manna . it was released at the mumbai international film festival on 8 february 2007 and screened at the pune international film festival , delhi habitat film fest and the 25th munich international film festival . the film was shot in 16 mm format with a modest budget of rs &lt;&lt;unk&gt;&gt; .