summer hours ( french : &lt;&lt;unk&gt;&gt; d'été ) is a 2008 french drama film directed by olivier assayas . it is the second in a series of films produced by musée d'orsay , after flight of the red balloon . in the film , two brothers and a sister witness the disappearance of their childhood memories when they must &lt;&lt;unk&gt;&gt; the family &lt;&lt;unk&gt;&gt; to ensure their deceased mother 's succession . the film received its united states premiere on october 1 , 2008 , at the 46th new york film festival . the criterion collection released a special edition of the film on april 20 , 2010 . the film was named the ninth " best film of the 21st century so far " in 2017 by the new york times .