what remains : the life and work of sally mann is a 2005 film directed and produced by steven cantor , which documents the photography and story of photographer sally mann at her virginia farm home . the movie documents the photographer 's progression from a child to a mother , and the struggles mann faces through her public and private life . the movie garnered quite favorable reviews from publications such as the new york times .