the wayward girl is a 1957 american drama film directed by lesley selander and written by houston branch and frederick louis fox . the film stars marcia henderson , peter walker , katherine barrett , whit bissell , rita lynn and peg &lt;&lt;unk&gt;&gt; . the film was released on september 22 , 1957 , by republic pictures .