&lt;&lt;unk&gt;&gt; angels on wheels is a 1967 american biker film directed by richard rush , and starring adam &lt;&lt;unk&gt;&gt; , jack nicholson , and sabrina &lt;&lt;unk&gt;&gt; . the film tells the story of a &lt;&lt;unk&gt;&gt; attendant with a bad attitude who finds life more exciting after he is allowed to hang out with a chapter of the hell 's angels outlaw motorcycle club .