invasion of the bee girls ( uk video title : graveyard &lt;&lt;unk&gt;&gt; ) is a 1973 science fiction film . the first film venture for writer nicholas meyer , it was directed by denis sanders and stars william smith , &lt;&lt;unk&gt;&gt; ford and victoria vetri . the script was altered while meyer was visiting his parents . when he saw the new script he wanted to take his name off of the project but was convinced by his manager that he needed a credit . the film is in the public domain .