&lt;&lt;unk&gt;&gt; &lt;&lt;unk&gt;&gt; ( bengali : &lt;&lt;unk&gt;&gt; &lt;&lt;unk&gt;&gt; ) ( " &lt;&lt;unk&gt;&gt; 's jesus " ) is a 2008 indian bengali thriller film directed by sandip ray based on the story of the same name by satyajit ray . it is the third film of the new feluda franchise , as well as the sequel of &lt;&lt;unk&gt;&gt; &lt;&lt;unk&gt;&gt; ( 2007 ) .