purple butterfly ( chinese : &lt;&lt;unk&gt;&gt; ; pinyin : &lt;&lt;unk&gt;&gt; &lt;&lt;unk&gt;&gt; ) is a 2003 chinese film , directed by lou ye . it is lou 's third film after weekend lover and &lt;&lt;unk&gt;&gt; river . it stars chinese mainland actors , zhang ziyi , liu ye and li bingbing , as well as japanese actor &lt;&lt;unk&gt;&gt; nakamura . the film premiered on may 23 , 2003 , at the 2003 cannes film festival , and was given a limited release in new york city the following year on november 26 , 2004 . the film was only released in one theater in the united states ( in new york city ) for three weeks where it grossed $ &lt;&lt;unk&gt;&gt; .