what to do in case of fire ? ( german : was tun , wenn 's &lt;&lt;unk&gt;&gt; ? ) is a german film directed by gregor &lt;&lt;unk&gt;&gt; . it premiered in november 2001 at the german film festival &lt;&lt;unk&gt;&gt; &lt;&lt;unk&gt;&gt; and was released to theaters in 2002 . part comedy , part action and part drama , the movie is set in contemporary berlin and stars german action star til schweiger . the film received mixed reviews , earning 52 percent favorable ratings from critics cited on rotten tomatoes .