babu is a 1971 indian tamil film , directed by a. c. &lt;&lt;unk&gt;&gt; . the film stars sivaji ganesan , sowcar janaki and vennira aadai nirmala in lead roles . the film had musical score by m. s. viswanathan . the film was a remake of malayalam film &lt;&lt;unk&gt;&gt; ninnu , which itself was based on malayalam writer &lt;&lt;unk&gt;&gt; 's novel of the same name .