hare rama hare krishna is a 1971 indian film directed by dev anand starring himself , mumtaz and zeenat aman . the film was a hit and a &lt;&lt;unk&gt;&gt; vehicle for zeenat aman , who played a &lt;&lt;unk&gt;&gt; hippie , and won the filmfare best supporting actress award , as well as the bfja award for best actress . the movie dealt with the decadence of the hippie culture . it aimed to have an &lt;&lt;unk&gt;&gt; message and also depicts some problems associated with &lt;&lt;unk&gt;&gt; such as divorce . it is loosely based on the 1968 movie &lt;&lt;unk&gt;&gt; . the film was ghost produced by &lt;&lt;unk&gt;&gt; ahmad khan who was a prominent hippie of goa . the story for hare rama hare krishna actually came to dev anand 's mind when he saw hippies and their fallen values in kathmandu , nepal where he was on a visit after protests against his previous film prem pujari in calcutta . he was low in spirits because his film had been opposed and some had burnt prem pujari 's posters .