dead end drive-in is a 1986 australian action film about a teenage couple trapped in a drive-in theater which is really a concentration camp for societal rejects . the inmates , many of whom sport punk fashion , are fed a steady diet of junk food , new wave music , drugs , and violent films . the film was directed by brian trenchard-smith . it stars ned manning and natalie &lt;&lt;unk&gt;&gt; as the captive couple , and peter whitford as the manager of the drive-in . mad max 2 stuntman guy norris did some of the stunts . the soundtrack includes contemporary popular music performed by such bands as kids in the kitchen and hunters and collectors . the song during the rolling credits is " playing with fire " by lisa edwards .