aadi &lt;&lt;unk&gt;&gt; ( english title : a rare solution ) is a 1991 &lt;&lt;unk&gt;&gt; and hindi film directed by apurba kishore bir and starring ashok kumar , mohan gokhale , neena gupta , gloria &lt;&lt;unk&gt;&gt; , &lt;&lt;unk&gt;&gt; misra , nargis , &lt;&lt;unk&gt;&gt; rath . the film marked the directorial debut of cinematographer apurba kishore bir and went on to win the 1991 nargis dutt award for best feature film on national integration and best cinematography for a k bir .