prophet 's prey is a 2015 american documentary film directed by amy j. berg . the film is an adaptation of the 2011 book prophet 's prey : my seven-year investigation into warren jeffs and the fundamentalist church of latter-day saints . it was produced by katherine &lt;&lt;unk&gt;&gt; and sam brower , the author of the book , for showtime and imagine entertainment . it premiered at the 2015 sundance film festival and had its television premiere on october 10 , 2015 . the film 's subject matter is warren jeffs , the president of the fundamentalist church of jesus christ of latter-day saints , who is now running his religion from the confines of the texas state prison , where he is serving out a sentence of life plus twenty years for the rape of girls aged 12 and 13 . the score is written by nick cave and warren ellis .