backwards : the riddle of &lt;&lt;unk&gt;&gt; is a 1984 abc afterschool special about &lt;&lt;unk&gt;&gt; . it shows how &lt;&lt;unk&gt;&gt; is detected and treated . the film stars 13-year-old river phoenix in " one of his first major roles " as brian ellsworth . joaquin phoenix ( credited as leaf phoenix ) also stars as his younger brother robby . according to allmovie , brian ellsworth is a junior high student " who has a habit of writing his words – and the letters – backwards . brian 's friends think he 's &lt;&lt;unk&gt;&gt; , his teachers think he 's lazy , and his parents think he 's slow . in truth , brian suffers from &lt;&lt;unk&gt;&gt; . "