chicago heights ( alternate title : the last soul on a summer night ) is a 2009 film written and directed by daniel nearing . this experimental , non-linear film is an ambitious adaptation of sherwood anderson ’s short story cycle , &lt;&lt;unk&gt;&gt; , ohio . noted film critic roger ebert included chicago heights in his list of the top art films of 2010 .