x the unknown is a british science fiction horror film made by the hammer film productions company and released in 1956 . it stars dean jagger and edward chapman and was written by jimmy sangster . the film was directed by leslie norman . the film is significant in that " it &lt;&lt;unk&gt;&gt; established hammer 's transition from b-movie thrillers to &lt;&lt;unk&gt;&gt; horror/science fiction " and , with the quatermass &lt;&lt;unk&gt;&gt; ( 1955 ) and quatermass 2 ( 1957 ) , completes " an important trilogy containing relevant allegorical threads revealing cold war &lt;&lt;unk&gt;&gt; and a &lt;&lt;unk&gt;&gt; national identity resulting from britain 's decrease in status as a world power " .