the virginian is a 1929 american pre-code western film directed by victor fleming and starring gary cooper , walter huston , and richard arlen . the film was based on the 1902 novel the virginian by owen wister and adapted from the popular 1904 theatrical play wister had collaborated on with playwright kirke la &lt;&lt;unk&gt;&gt; . the virginian is about a good-natured cowboy who romances the new &lt;&lt;unk&gt;&gt; and has a crisis of conscience when he learns his best friend is involved in cattle &lt;&lt;unk&gt;&gt; . the film is well known for cooper 's line , " if you wan na call me that — smile " , in response to a &lt;&lt;unk&gt;&gt; by the antagonist .