16 acres is a 2012 documentary film directed by richard &lt;&lt;unk&gt;&gt; which provides an account of the recovery effort following the september 11 attack , specifically the reconstruction process of the world trade center site . the name of the documentary refers to the 16 acres of land that the aforementioned site is situated on . it features interviews with michael bloomberg , george &lt;&lt;unk&gt;&gt; , chris ward , larry silverstein , daniel &lt;&lt;unk&gt;&gt; , david childs , michael arad , &lt;&lt;unk&gt;&gt; &lt;&lt;unk&gt;&gt; , roland &lt;&lt;unk&gt;&gt; , &lt;&lt;unk&gt;&gt; &lt;&lt;unk&gt;&gt; , and scott &lt;&lt;unk&gt;&gt; .