over the odds is a 1961 british comedy film directed by michael &lt;&lt;unk&gt;&gt; and starring marjorie rhodes , glenn melvyn , cyril smith , &lt;&lt;unk&gt;&gt; cannon and thora hird and wilfrid lawson . the screenplay concerns a &lt;&lt;unk&gt;&gt; who struggles to cope with his two &lt;&lt;unk&gt;&gt; . it was based on a play by rex &lt;&lt;unk&gt;&gt; .