&lt;&lt;unk&gt;&gt; story is a french crime thriller released on october 1 , 1975 , based on the autobiography of the same name written by french police detective roger &lt;&lt;unk&gt;&gt; . both film and book portray &lt;&lt;unk&gt;&gt; 's &lt;&lt;unk&gt;&gt; pursuit of french gangster and murderer emile &lt;&lt;unk&gt;&gt; , who was executed on february 28 , 1956 . directed by jacques deray , the film stars alain delon and jean-louis trintignant as &lt;&lt;unk&gt;&gt; and &lt;&lt;unk&gt;&gt; respectively , supported by claudine auger and andré &lt;&lt;unk&gt;&gt; .