all the real girls is a 2003 american romantic drama film written and directed by david gordon green and is about the romance between a young , small-town womanizer and his best friend ’s sexually inexperienced younger sister . it debuted at the sundance film festival on january 19 , 2003 . while the film fared poorly at the box office , it was generally well received by critics and was nominated for several awards when it was shown at film festivals . it stars paul schneider , zooey deschanel , shea whigham and patricia clarkson .