&lt;&lt;unk&gt;&gt; mcgee is a 1948 american crime film directed by albert h. kelley and written by jerome &lt;&lt;unk&gt;&gt; and norman s. hall . the film stars don " red " barry , dale evans , tom brown , harry cheshire , james seay and murray &lt;&lt;unk&gt;&gt; . the film was released on january 15 , 1948 , by republic pictures .