i 'm so excited ! is a 2013 spanish comedy film written and directed by pedro almodóvar , and starring javier cámara , cecilia roth , lola &lt;&lt;unk&gt;&gt; and raúl &lt;&lt;unk&gt;&gt; . its original spanish title is los &lt;&lt;unk&gt;&gt; &lt;&lt;unk&gt;&gt; , which has the double meaning of " the fleeting lovers " and " the passenger lovers " . the narrative is set almost entirely on an airplane . almodóvar describes it as " a light , very light comedy " . the film received mixed reviews , but earned a worldwide gross of more than us$ 11 million .