the park is mine is a canadian-american drama television film based on the novel of the same name by stephen peters . the film focuses on vietnam war veteran , mitch ( tommy lee jones ) , who takes forceful control of central park to remember those who served and died in the vietnam war and draw attention to veterans ' issues .