shutter ( thai : &lt;&lt;unk&gt;&gt; &lt;&lt;unk&gt;&gt; ) is a 2004 thai horror film by banjong pisanthanakun and &lt;&lt;unk&gt;&gt; &lt;&lt;unk&gt;&gt; ; starring ananda everingham , &lt;&lt;unk&gt;&gt; &lt;&lt;unk&gt;&gt; , and &lt;&lt;unk&gt;&gt; &lt;&lt;unk&gt;&gt; . it focuses on mysterious images seen in developed pictures . the film was a huge box office success making it one of the best horror movies of thailand recognized worldwide . the film was remade in 2008 under the same title .