the painted veil is a 2006 american drama film directed by john curran . the screenplay by ron nyswaner is based on the 1925 novel of the same title by w. somerset maugham . edward norton , naomi watts , toby jones , anthony wong chau sang and liev schreiber appear in the leading roles . this is the third film adaptation of the maugham book , following a 1934 film starring greta garbo and herbert marshall and a 1957 version called the seventh sin with bill travers and eleanor parker .