cupid ’s mistake is a 2001 comedy film directed by young man kang , a &lt;&lt;unk&gt;&gt; filmmaker who made his u.s. directing debut with this production . the film is notable for being produced for $ &lt;&lt;unk&gt;&gt; , which was recognized by the guinness book of world records as being the least expensive feature-length motion picture to receive a theatrical film release .