a yank in &lt;&lt;unk&gt;&gt; is a 1955 british comedy film starring peter m. thompson , noelle middleton , harold lloyd jr. and diana decker , and featuring jon pertwee and sid james . it was adapted by john paddy carstairs from his own novel " solid ! said the earl " . the film includes the song " honey , you ca n't love two " , sung by decker and written by eddie pola and george wyle .