jar city ( icelandic : &lt;&lt;unk&gt;&gt; – " the &lt;&lt;unk&gt;&gt; " ) is a 2006 icelandic film directed by baltasar kormákur . it is based on &lt;&lt;unk&gt;&gt; , a novel written by &lt;&lt;unk&gt;&gt; &lt;&lt;unk&gt;&gt; and released in english as jar city . kormákur is in the midst of producing an english-language remake , also called jar city , which will be set in louisiana .