&lt;&lt;unk&gt;&gt; is a 2002 romantic comedy film . it is directed by dan ireland and stars jason isaacs , sofia &lt;&lt;unk&gt;&gt; and emmy rossum , co-starring seymour cassel and theresa russell . the story is by david &lt;&lt;unk&gt;&gt; , and the screenplay is by jim &lt;&lt;unk&gt;&gt; and steve &lt;&lt;unk&gt;&gt; . the film is set in new bedford , massachusetts , a formerly wealthy port town with a &lt;&lt;unk&gt;&gt; population of portuguese descent .