between heaven and hell is a 1956 20th century fox cinemascope color war film based on the novel the day the century ended by francis &lt;&lt;unk&gt;&gt; that the film follows closely . the story is told in flashback format detailing the life of sam gifford ( robert wagner ) from his life as a southern landowner to his war service in the philippines during world war ii . the film stars robert wagner , buddy ebsen , terry moore , and broderick crawford , was directed by richard fleischer and was partly filmed on &lt;&lt;unk&gt;&gt; . the film 's score by hugo &lt;&lt;unk&gt;&gt; that included elements of the dies &lt;&lt;unk&gt;&gt; was nominated for an academy award .