appleseed alpha ( also styled as appleseed &lt;&lt;unk&gt;&gt; ) is a computer-animated military science fiction cyberpunk film . the english version 's voice cast includes luci christian ( &lt;&lt;unk&gt;&gt; knute ) , david &lt;&lt;unk&gt;&gt; ( &lt;&lt;unk&gt;&gt; ) and &lt;&lt;unk&gt;&gt; calvert ( two horns ) . appleseed alpha had an advance digital release on july 15 , 2014 .