resolution is a 2012 american horror thriller film directed by justin benson and aaron scott moorhead , written by benson , and starring peter &lt;&lt;unk&gt;&gt; and vinny curran . &lt;&lt;unk&gt;&gt; plays a professional from the city who goes back to his hometown to save his junkie friend , played by curran .