the black secret is a 1919 american adventure film serial directed by george b. seitz . the film was recorded in both fort lee , new jersey , as well as in the nearby hudson palisades . recording took place during a time when many of the early 20th century film studios in america 's first motion picture industry were based there . the film is currently considered to be lost .