resident evil : extinction is a 2007 science fiction action horror film and the third installment in the resident evil film series based on the capcom survival horror video game series resident evil . the film follows the heroine alice , along with a group of survivors from raccoon city , as they attempt to travel across the mojave desert wilderness to alaska and escape a zombie apocalypse . the film was directed by russell mulcahy and produced by paul w. s. anderson . the film received mostly negative reviews . it was released on dvd and blu-ray in north america on january 1 , 2008 . this film was initially titled resident evil : afterlife according to the leaked script . for unknown reasons , it was renamed to resident evil : extinction . the title afterlife was used for the fourth installment of the series .