strike me pink is a 1936 american musical comedy film , starring eddie cantor and ethel merman , directed by norman taurog , and produced by samuel goldwyn . cantor plays a &lt;&lt;unk&gt;&gt; employee of an amusement park , forced to assert himself against a gang of &lt;&lt;unk&gt;&gt; &lt;&lt;unk&gt;&gt; . the climax involves a wild chase over a roller coaster and in a &lt;&lt;unk&gt;&gt; balloon , filmed at the pike in long beach , california . this was eddie cantor 's sixth of six films for goldwyn , all produced and released within seven years . the story derives from the novel dreamland by the &lt;&lt;unk&gt;&gt; writer clarence &lt;&lt;unk&gt;&gt; &lt;&lt;unk&gt;&gt; , reworked as a 1933 stage musical comedy by ray henderson for jimmy durante .