&lt;&lt;unk&gt;&gt; ( &lt;&lt;unk&gt;&gt; ) is a 2017 tamil drama film written , produced and directed by vijay milton . the film features an ensemble cast of bharath , rajakumaran , radhika &lt;&lt;unk&gt;&gt; , &lt;&lt;unk&gt;&gt; , bharath &lt;&lt;unk&gt;&gt; and a. venkatesh in the lead roles . distributed by actor suriya , the film had a theatrical release on 24 march 2017 and won positive reviews from critics .