if we shout loud enough is a 2013 documentary directed by gabriel &lt;&lt;unk&gt;&gt; and zach &lt;&lt;unk&gt;&gt; . the documentary focuses on the final tour of double dagger , a post-punk trio from baltimore , maryland . the film was released by thrill jockey with the final record by the band , &lt;&lt;unk&gt;&gt; , and had its festival premiere within maryland film festival 2013 .