ordinary decent criminal is a 2000 crime comedy film , directed by thaddeus o'sullivan , written by gerard &lt;&lt;unk&gt;&gt; , and stars kevin spacey and linda fiorentino . the film is loosely based on the story of martin cahill , a famous irish crime boss . filmed in late 1998 and originally scheduled for a fall 1999 release , the movie was put out overseas first the following year but it never got a proper theatrical release in the united states , where it was released straight to video in january 2003 , almost five years after filming began .