three live ghosts is a 1936 american comedy film directed by h. bruce humberstone and written by frederic s. isham and c. gardner sullivan . the film stars richard arlen , beryl mercer , claud allister , charles mcnaughton , cecilia parker and dudley digges . the film was released on january 10 , 1936 , by metro-goldwyn-mayer .