&lt;&lt;unk&gt;&gt; ( kannada : &lt;&lt;unk&gt;&gt; ) is a 1981 kannada movie starring suresh heblikar , mohan kumar , roopa chakravarthi and &lt;&lt;unk&gt;&gt; &lt;&lt;unk&gt;&gt; . the film is directed by mohan kumar and features musical score by &lt;&lt;unk&gt;&gt; duo . the film was a musical hit and won the karnataka state film award for best lyricist to prof. &lt;&lt;unk&gt;&gt; gowda .