toughest place to be a. . . is a bbc two television documentary which offered various working or retired professionals in the united kingdom a different and more challenging working environment in the same profession they worked in . these individuals travel to a foreign country to learn and work under the new environment for ten days . first broadcast in february 2011 , a total of fifteen episodes were produced since . in the united states the programme is aired on al jazeera america .