the witness : from the balcony of room &lt;&lt;unk&gt;&gt; is a 2008 documentary short film created to honor the 40th annual remembrance of the life and death of martin luther king jr . the film received a 2008 academy award nomination in the " documentary short subject " category at the 81st academy awards .