for one night is a 2006 film is based on the true story of &lt;&lt;unk&gt;&gt; mccrary , who made headlines in 2002 by getting taylor county high school in her hometown of butler , georgia , to integrate the prom after &lt;&lt;unk&gt;&gt; years of segregation . it stars raven-symoné as &lt;&lt;unk&gt;&gt; mccallister and aisha tyler as desiree howard . the movie was filmed in summer 2005 in louisiana just before hurricane katrina . the movie was written by dee &lt;&lt;unk&gt;&gt; . this film is the first drama role in the career of raven-symoné and &lt;&lt;unk&gt;&gt; from the disney channel .