once upon a time in &lt;&lt;unk&gt;&gt; ( turkish : bir &lt;&lt;unk&gt;&gt; &lt;&lt;unk&gt;&gt; ’ da ) is a 2011 turkish drama film , co-written and directed by nuri bilge ceylan based on the true experience of one of the film 's writers , telling the story of a group of men who search for a dead body on the &lt;&lt;unk&gt;&gt; steppe . the film , which went on nationwide general release across turkey on september 23 , 2011 , premiered at the 2011 cannes film festival where it was a &lt;&lt;unk&gt;&gt; of the grand prix .