silver on the sage is a 1939 american western film directed by lesley selander and written by maurice geraghty . the film stars william boyd , george " gabby " hayes , russell hayden , ruth rogers , stanley ridges , frederick burton and jack rockwell . the film was released on march 31 , 1939 , by paramount pictures . silver on the sage was hopalong cassidy series entry number 25 .