shoes is a 2012 international short film directed , written and produced by konstantin fam . the film is the result of a joint effort by professional team from russia , the usa , the czech republic , poland , france , belarus and ukraine . the film is the first installment of the trilogy " witnesses " dedicated to the memory of victims of the holocaust . it was the only nominee from russia for the academy awards in the short film category in 2013 .