she demons is an independently produced 1958 black-and-white science fiction film directed and co-written by richard e. cunha . made in a tongue-in-cheek style of men 's adventure magazines , &lt;&lt;unk&gt;&gt; and the island of lost souls , the film was distributed by astor pictures as a double feature with cunha 's giant from the unknown .