the final close-up is a 1919 american silent drama film directed by walter edwards and written by royal brown and julia crawford ivers . the film stars shirley mason , francis mcdonald , james gordon , betty &lt;&lt;unk&gt;&gt; , eugene burr , and mary warren . the film was released on may 18 , 1919 , by paramount pictures . it is not known whether the film currently survives .