pickpocket is a 1959 french film directed by robert bresson , generally believed to have been inspired by the novel crime and punishment by fyodor dostoevsky . it stars the young uruguayan martin lasalle , who was a &lt;&lt;unk&gt;&gt; actor at the time , in the title role , with marika green as the &lt;&lt;unk&gt;&gt; . it was the first film for which bresson wrote an original screenplay rather than " adapting it from an existing text . " pickpocket is generally considered to be one of bresson 's greatest films .