&lt;&lt;unk&gt;&gt; da &lt;&lt;unk&gt;&gt; - la &lt;&lt;unk&gt;&gt; is a 2002 italian comedy film written and directed by carlo vanzina , starring gigi &lt;&lt;unk&gt;&gt; . it is the sequel of the 1976 comedy film &lt;&lt;unk&gt;&gt; da &lt;&lt;unk&gt;&gt; . for his performance in this film , gigi &lt;&lt;unk&gt;&gt; won the nastro d'argento for best actor .