&lt;&lt;unk&gt;&gt; ( / &lt;&lt;unk&gt;&gt; / ) is a 1987 american drama film written and directed by john sayles , and starring chris cooper ( in his film debut ) , james earl jones , mary mcdonnell and will &lt;&lt;unk&gt;&gt; , with david strathairn , kevin &lt;&lt;unk&gt;&gt; and gordon clapp in supporting roles . the film dramatizes the events of the battle of &lt;&lt;unk&gt;&gt; , a coal miners ' strike in 1920 in &lt;&lt;unk&gt;&gt; , a small town in the hills of west virginia . the film was nominated for the academy award for best cinematography .