our modern maidens is a 1929 american silent drama film directed by jack conway . starring joan crawford in her last silent film role , the film also stars rod la rocque , douglas fairbanks , jr. , and anita page . our modern maidens has no audible dialog , but features a synchronized soundtrack and sound effects .