alien abduction ( also known under the working title of the morris family abduction ) is a 2014 found footage science fiction horror film and the directorial debut of matty &lt;&lt;unk&gt;&gt; . the movie was released to vod on april 4 , 2014 , and also had a limited theatrical run . the film stars riley polanski as an autistic 11-year-old boy who records his ordeal as an alien &lt;&lt;unk&gt;&gt; .