jane adams ( born april 1 , 1965 ) is an american actress . she made her broadway debut in the original production of i hate hamlet in 1991 , and won the tony award for best featured actress in a play for the 1994 revival of an inspector calls . her film roles include happiness ( 1998 ) , wonder boys ( 2000 ) , eternal sunshine of the spotless mind ( 2004 ) , and little children ( 2006 ) . she also had a recurring role on the nbc sitcom frasier ( 1999 – 2000 ) , and was nominated for the 2010 golden globe award for best supporting actress on television for the hbo series hung ( 2009 – 11 ) .