crazy bitches is a horror comedy written , directed and produced by jane clark . it tells the story of murders committed on the basis of the vanity of the victims . the world premiere took place image june 26 , 2014 during the frameline film festival . february 14 , 2015 the film was a commercial distribution in the united states .