&lt;&lt;unk&gt;&gt; is a 2005 american science fiction action horror film written and directed by nick &lt;&lt;unk&gt;&gt; and starring paul sloan , colleen &lt;&lt;unk&gt;&gt; , hayley &lt;&lt;unk&gt;&gt; , anthony john denison , robert r. shafer , katrina law , and jesse &lt;&lt;unk&gt;&gt; . the film premiered march 19 , 2005 , at the other venice film festival and was released under the title disturbance on dvd by &lt;&lt;unk&gt;&gt; home video in october 2006 .