&lt;&lt;unk&gt;&gt; ' and &lt;&lt;unk&gt;&gt; ' is a 2014 american coming of age comedy film starring wyatt &lt;&lt;unk&gt;&gt; , molly ringwald , chevy chase and annabella sciorra based on the novel &lt;&lt;unk&gt;&gt; ' and &lt;&lt;unk&gt;&gt; ' : a christmas story by wally lamb . filmed in and around norwich , connecticut , the film received a limited theatrical release at the garde arts center on november 23 , 2014 and premiered on lifetime on december 6 , 2014 .