&lt;&lt;unk&gt;&gt; ( sanskrit ; chinese : &lt;&lt;unk&gt;&gt; : &lt;&lt;unk&gt;&gt; &lt;&lt;unk&gt;&gt; &lt;&lt;unk&gt;&gt; pa ) or &lt;&lt;unk&gt;&gt; was a &lt;&lt;unk&gt;&gt; indian buddhist &lt;&lt;unk&gt;&gt; . he was based primarily in &lt;&lt;unk&gt;&gt; ( present-day gujarat ) , although he is thought to have spent some time at &lt;&lt;unk&gt;&gt; . he was renowned for his numerous and detailed commentaries on &lt;&lt;unk&gt;&gt; and &lt;&lt;unk&gt;&gt; , works by &lt;&lt;unk&gt;&gt; and others , as well as for a commentary on the &lt;&lt;unk&gt;&gt; . &lt;&lt;unk&gt;&gt; is certain that the author of the embedded commentary ( verse and prose ) to the core text ( verse ) of the &lt;&lt;unk&gt;&gt; [ &lt;&lt;unk&gt;&gt; version as per johnston ] is &lt;&lt;unk&gt;&gt; through his analysis of the &lt;&lt;unk&gt;&gt; with the &lt;&lt;unk&gt;&gt; .