&lt;&lt;unk&gt;&gt; is a 1996 british comedy drama film directed by danny boyle , and starring ewan mcgregor , ewen bremner , jonny lee miller , kevin mckidd , robert carlyle , and kelly macdonald in her acting debut . based on the novel of the same name by irvine welsh , the film was released in the united kingdom on 23 february 1996 . the academy award nominated screenplay by john hodge follows a group of heroin addicts in an economically depressed area of edinburgh and their passage through life . beyond drug addiction , other themes in the film are exploration of the urban poverty and squalor in " culturally rich " edinburgh . the film has been ranked 10th by the british film institute ( bfi ) in its list of top 100 british films of all time . in 2004 the film was voted the best scottish film of all time in a general public poll . a sequel , &lt;&lt;unk&gt;&gt; &lt;&lt;unk&gt;&gt; , was released on 27 january 2017 .