les deux &lt;&lt;unk&gt;&gt; vampires ( the two orphan vampires ) is a 1997 french fantasy &lt;&lt;unk&gt;&gt; film directed by jean rollin . the film was an adaptation of rollin 's novel of the same name . rollin was primarily known for his &lt;&lt;unk&gt;&gt; works , but les deux &lt;&lt;unk&gt;&gt; vampires was actually rollin 's first vampire film since 1979 's fascination .