neal p. mcdonough ( born february 13 , 1966 ) is an american film , television , actor and voice actor , known for his portrayal of lieutenant lynn " buck " compton in the hbo miniseries band of brothers ( 2001 ) , deputy district attorney david &lt;&lt;unk&gt;&gt; on boomtown ( 2002 – 2003 ) , sean cahill on suits , robert &lt;&lt;unk&gt;&gt; on justified , and dave williams on abc 's desperate housewives ( 2008 – 2009 ) . he also appeared in films such as minority report , walking tall , red 2 , the marine 3 : homefront , traitor , and as dum dum dugan in various marvel cinematic universe films and tv series . he appeared as damien &lt;&lt;unk&gt;&gt; on arrow , and in legends of tomorrow , as well as voicing a variety of comic superheroes and villains in a number of animated films and video games .