cruel and unusual is a 2014 canadian surrealistic thriller written by merlin &lt;&lt;unk&gt;&gt; . it is the debut feature for merlin &lt;&lt;unk&gt;&gt; , who also directed the film . starring david &lt;&lt;unk&gt;&gt; , bernadette &lt;&lt;unk&gt;&gt; , and michelle harrison , the film follows a man wrongly condemned for killing his wife , who finds himself in a mysterious institution where he is sentenced to &lt;&lt;unk&gt;&gt; her death for eternity . distributed by entertainment one in canada and candy factory films in the united states , the film was theatrically released on 24 may 2014 .