goodbye paradise is a 1983 australian film directed by carl schultz . the plot centres on queensland 's gold coast in the early 1980s , when a disgraced former cop , michael stacey ( ray barrett ) writes a book exposing police corruption , does an investigation resulting in 2 murders , exposes a religious cult and watches the army begin a military coup .