richard &lt;&lt;unk&gt;&gt; ( died &lt;&lt;unk&gt;&gt; ) was a &lt;&lt;unk&gt;&gt; cleric who served as the bishop of sodor and man in the second half of the 15th century . he was elected abbot of chester in &lt;&lt;unk&gt;&gt; and appointed bishop of sodor and man on 11 or 15 february &lt;&lt;unk&gt;&gt; , holding both posts until his death . contemporary records reveal some &lt;&lt;unk&gt;&gt; between &lt;&lt;unk&gt;&gt; and the townsfolk of chester . in &lt;&lt;unk&gt;&gt; and &lt;&lt;unk&gt;&gt; , the exchequer of chester guaranteed his safety and that of his monks , and in a later turnaround of events in &lt;&lt;unk&gt;&gt; he and twelve fellow monks were themselves bound over to keep the peace in the city . he died in office either on 13 october &lt;&lt;unk&gt;&gt; or 19 september &lt;&lt;unk&gt;&gt; and was buried at chester abbey .