the crossroads guitar festival 2004 is a concert film , released by the british rock musician eric clapton . it documents live performances and interviews by various guitar played clapton &lt;&lt;unk&gt;&gt; and is the first official crossroads guitar festival . a previous benefit project titled in concert : a benefit for the crossroads centre at antigua sometimes regarded the first festival of this standard . the video footage for the release was recorded between june 4 and 6 , 2004 in dallas , texas . the dvd hit the international market on november 9 the same year and is distributed and licensed through reprise and warner bros . records .