&lt;&lt;unk&gt;&gt; is a 1981 british science fiction thriller film written and directed by peter hyams and starring sean connery , peter boyle , and frances sternhagen . set on jupiter 's moon io , it has been described as a space western , and bears thematic resemblances to the 1952 film high noon .