hero naam yaad rakhi is punjabi romantic thriller film with story screenplay and dialogues penned by manoj jha and directed by &lt;&lt;unk&gt;&gt; singh deo . the film as known is inspired by a real incident that happened in british &lt;&lt;unk&gt;&gt; is a &lt;&lt;unk&gt;&gt; format movie . the film features jimmy shergill opposite surveen chawla in lead roles .