daisies ( czech : &lt;&lt;unk&gt;&gt; ) is a 1966 czechoslovak comedy-drama film written and directed by &lt;&lt;unk&gt;&gt; chytilová . generally regarded as a milestone of the &lt;&lt;unk&gt;&gt; &lt;&lt;unk&gt;&gt; movement , it was made with the support of a &lt;&lt;unk&gt;&gt; film studio and follows two teenage girls ( played by &lt;&lt;unk&gt;&gt; &lt;&lt;unk&gt;&gt; and ivana &lt;&lt;unk&gt;&gt; ) , both named marie , who engage in strange pranks . &lt;&lt;unk&gt;&gt; filmed , and released two years before the prague spring , the film was labeled as " depicting the wanton " by the czech authorities and banned . director chytilová was forbidden to work in her homeland until 1975 . the film received the prestigious grand prix of the belgian film critics association .