the falling is a 2014 british mystery drama film written and directed by carol morley . it stars maisie williams and florence pugh as best friends at an all-girls school . the film also stars greta scacchi , monica dolan , maxine peake , and mathew &lt;&lt;unk&gt;&gt; . production began in october 2013 . the film premiered at the bfi london film festival on 11 october 2014 and was released theatrically on 24 april 2015 in the uk . the falling earned £ &lt;&lt;unk&gt;&gt; on a £ 750,000 budget .