&lt;&lt;unk&gt;&gt; is an animated television series adaptation of the comic strip of the same name , produced by adelaide productions , &lt;&lt;unk&gt;&gt; , and united media and distributed by columbia tristar television . the first episode was broadcast on january 25 , 1999 , and was upn 's highest-rated comedy series premiere at that point in the network 's history ; it lasted two seasons with thirty episodes on upn and won a primetime emmy before its cancellation .