&lt;&lt;unk&gt;&gt; ( english : target ) is a 1980 indian bollywood film produced by m. arjuna raju , a. s. r. &lt;&lt;unk&gt;&gt; under roja movies banner , directed by k. raghavendra rao . the film stars jeetendra , poonam dhillon in the lead roles . the music was composed by laxmikant-pyarelal . the film is remake of telugu blockbuster movie &lt;&lt;unk&gt;&gt; ( 1979 ) , starring n.t.rama rao , sridevi in pivotal roles . both the movies are made by same banner & director .