&lt;&lt;unk&gt;&gt; is a 1938 british musical film produced by irving asher , directed by arthur b. woods and starring &lt;&lt;unk&gt;&gt; &lt;&lt;unk&gt;&gt; , keith &lt;&lt;unk&gt;&gt; , &lt;&lt;unk&gt;&gt; stewart , sharon lynn and amy &lt;&lt;unk&gt;&gt; . the austrian wife of a scottish aristocrat is driven away by his unfriendly family , but returns years later . the british film institute has listed this film as lost .