charley moon is a 1956 british film directed by guy hamilton . it stars max &lt;&lt;unk&gt;&gt; , dennis price and shirley eaton . the film is based on reginald &lt;&lt;unk&gt;&gt; 's backstage novel of the same name . filmed at pinewood studios and on location in upton grey and &lt;&lt;unk&gt;&gt; hampshire