live at andy 's bar is the third dvd release by the texas progressive rock band fair to midland , released in 2012 . it consists of footage of the band 's acoustic show in andy 's bar , performed on march 31 , 2012 , as well as behind-the-scenes footage and acoustic studio &lt;&lt;unk&gt;&gt; recorded for the &lt;&lt;unk&gt;&gt; sessions following the release of arrows and anchors . it is distributed exclusively through the band 's website as a &lt;&lt;unk&gt;&gt; package .