summer school is a 1987 comedy film from paramount pictures , produced by george shapiro and howard west , directed by carl reiner , that stars mark harmon as a high school gym teacher who is forced to teach a &lt;&lt;unk&gt;&gt; english class during the summer . the film co-stars kirstie alley and courtney &lt;&lt;unk&gt;&gt; . the original music score was composed by danny elfman .