third time lucky is a 1949 british crime drama film directed by gordon parry and starring glynis johns , dermot walsh and charles &lt;&lt;unk&gt;&gt; ; michael hordern appears in the small uncredited role of " 2nd doctor " . the film was made by producer mario zampi and released by general film distributors . it was shot at twickenham and southall studios .