capone is a 1975 canadian-american biographical crime film directed by steve carver , written by howard browne , and starring ben gazzara , harry &lt;&lt;unk&gt;&gt; , susan blakely , john cassavetes , and sylvester stallone in an early film appearance . the film is a biography of the infamous al capone , although much of it is supposedly fiction . the film was released on dvd in the united states for the first time on march 29 , 2011 through shout ! factory and has been available in europe for some time .