funny people is a 2009 american comedy-drama film written , produced and directed by judd apatow . it stars adam sandler , seth rogen , leslie mann , eric bana , jason schwartzman , jonah hill and aubrey plaza , and follows a famous comedian who is diagnosed with a terminal disease and tries to fix the relationships in his life . the film was released on july 31 , 2009 and was a box office bomb , grossing $ 71 million against its $ 75 million budget .