&lt;&lt;unk&gt;&gt; is a 1968 psychedelic film by first-time director joe &lt;&lt;unk&gt;&gt; that stars jane birkin , jack macgowran , and iain &lt;&lt;unk&gt;&gt; , and features richard wattis and irene handl , and a cameo by dutch collective the fool , who were also set designers for the film . the film is best remembered for its soundtrack , composed by &lt;&lt;unk&gt;&gt; george harrison .