holding hope is a 2010 nigerian drama film written by &lt;&lt;unk&gt;&gt; isong &lt;&lt;unk&gt;&gt; , produced by emem isong and uche &lt;&lt;unk&gt;&gt; , and directed by desmond elliot . it stars desmond elliot , uche &lt;&lt;unk&gt;&gt; and nadia &lt;&lt;unk&gt;&gt; , introducing &lt;&lt;unk&gt;&gt; segun williams . it was premiered in lagos on 8 august 2010 , along with &lt;&lt;unk&gt;&gt; out and was met with mixed to positive critical reviews . nadia &lt;&lt;unk&gt;&gt; and &lt;&lt;unk&gt;&gt; &lt;&lt;unk&gt;&gt; were nominated for " best actress in a supporting role in an english film " and " most promising act ( female ) " respectively at the 2012 best of nollywood awards for their roles in the film .