jimmy 's &lt;&lt;unk&gt;&gt; ' matches is an hour-long documentary which followed the success of the &lt;&lt;unk&gt;&gt; senior football team that won the 2012 &lt;&lt;unk&gt;&gt; senior football championship final under the guidance of jim mcguinness . it take its name from " jimmy 's winning matches " , the anthem of &lt;&lt;unk&gt;&gt; 's 2012 championship success . it first aired on rté one on 3 january 2013 at &lt;&lt;unk&gt;&gt; pm . coco television were responsible for putting it together . the documentary featured an exclusive interview with mcguinness filmed at his &lt;&lt;unk&gt;&gt; home , while rory gallagher , who penned the famous song , also featured , with alan foley doing the research .