apna &lt;&lt;unk&gt;&gt; is a bollywood film . it was released in 1942 . the film starred shahu modak , &lt;&lt;unk&gt;&gt; wadkar , dulari , kayam ali , sankatha prasad and shakuntala . it was directed by ramchandra thakur for national studios . the music was composed by anil biswas and lyrics written by pandit indra .