architectural animation is a short architectural movie created on a computer . a computer-generated building is created along with &lt;&lt;unk&gt;&gt; and sometimes moving people and vehicles . unlike an architectural rendering , which is a single image from a single point of view , an architectural animation is a series of hundreds or even thousands of still images . when these images are assembled and played back they produce a movie effect much like a real movie camera except all images are artificially created by computer . it is possible to add a &lt;&lt;unk&gt;&gt; environment around the building to enhance reality and to better convey its relationship to the surrounding area ; this can all be done before the project is built giving designers and &lt;&lt;unk&gt;&gt; a realistic view of the completed project . architectural &lt;&lt;unk&gt;&gt; are often used along with architectural animation .