i wish ( &lt;&lt;unk&gt;&gt; &lt;&lt;unk&gt;&gt; , lit : miracle ) is a 2011 japanese film written and directed by hirokazu koreeda . this film stars real-life brothers &lt;&lt;unk&gt;&gt; maeda and &lt;&lt;unk&gt;&gt; maeda , along with veteran actress kirin kiki and actor joe odagiri . i wish tells the story of two young brothers who live separated in different cities – one with their father , one with their mother and her parents – and dream of reuniting .