&lt;&lt;unk&gt;&gt; ( malayalam : &lt;&lt;unk&gt;&gt; , translation : capital ) is a 1969 indian malayalam film , directed by p. bhaskaran and produced by m &lt;&lt;unk&gt;&gt; . the film stars prem nazir , sathyan , sharada and jayabharathi in lead roles . the film had musical score by g. devarajan . the film is set amidst the communist movement in kerala during the 1960s .