portrait of a beauty ( hangul : &lt;&lt;unk&gt;&gt; ; rr : &lt;&lt;unk&gt;&gt; ) is a 2008 south korean film directed by jeon &lt;&lt;unk&gt;&gt; . adapted from the bestselling novel painter of the wind ( hangul : &lt;&lt;unk&gt;&gt; &lt;&lt;unk&gt;&gt; ; rr : &lt;&lt;unk&gt;&gt; &lt;&lt;unk&gt;&gt; ) by lee &lt;&lt;unk&gt;&gt; , the film portrays &lt;&lt;unk&gt;&gt; painter shin &lt;&lt;unk&gt;&gt; ( better known by his pen name , &lt;&lt;unk&gt;&gt; ) as being a woman disguised as a man . portrait of a beauty opened in south korean theaters on 13 november 2008 . it was the 8th most attended domestic film of 2008 with &lt;&lt;unk&gt;&gt; tickets sold .