chandralekha is 2014 kannada language &lt;&lt;unk&gt;&gt; film directed by om prakash rao starring &lt;&lt;unk&gt;&gt; sarja and shanvi in the lead roles , while sadhu kokila plays a supporting role in the movie . the film is remake of telugu film prema katha chitram ( 2013 ) and released with positive reviews