&lt;&lt;unk&gt;&gt; ( eternity ) is a 2003 marathi film directed by amol palekar and starring sonali bendre , anant nag and deepti naval . &lt;&lt;unk&gt;&gt; focuses on a woman ( bendre ) asserting her right to sexual fulfillment . &lt;&lt;unk&gt;&gt; , ( the eighth feature film of the actor-turned-director ) , is the second offering by palekar which examines &lt;&lt;unk&gt;&gt; issues , the first being &lt;&lt;unk&gt;&gt; . the film was inspired by surendra verma ’s hindi play surya ki &lt;&lt;unk&gt;&gt; kiran se surya ki &lt;&lt;unk&gt;&gt; kiran tak . &lt;&lt;unk&gt;&gt; was screened as the opening film of the 2003 indian panorama , an international film festival .