art is ... the permanent revolution ( 2012 ) is a documentary film by manfred kirchheimer that explores how politics and the artists of the past have affected the art and process of four artists presented in documentary . there are two strands that run in parallel through the film . the first is a stream of politically inspired images by famous artists of the past and the second strand consist of interviews with four artists as they produce their politically inspired art . the documentary was viewed positively by reviewers .