&lt;&lt;unk&gt;&gt; princess is a 1934 pre-code comedy film starring sylvia sidney , cary grant and edward arnold . the film was based on a story of the same name by clarence &lt;&lt;unk&gt;&gt; &lt;&lt;unk&gt;&gt; ( which appeared in ladies ' home journal in 1933 ) , adapted by sam hellman and edwin justus mayer , written by preston sturges and frank partos , and directed by marion gering .