the &lt;&lt;unk&gt;&gt; : praybeyt benjamin is a 2011 filipino action spoof comedy film starring vice ganda . it was written and directed by wenn v. deramas . the film is the first filipino film to break the &lt;&lt;unk&gt;&gt; million mark in the box office . it is the highest grossing filipino film in 2011 and once held the title of the highest-grossing filipino film of all time , until it was surpassed by the 2012 metro manila film fest entry , sisterakas . it is currently the 5th highest grossing filipino film of all time ; it would be # 2 ( only behind it takes a man and a woman ) if &lt;&lt;unk&gt;&gt; entries will be removed . the film made vice ganda the phenomenal box office star of 2011 , awarded by the box office entertainment awards .