&lt;&lt;unk&gt;&gt; is a 1975 indian malayalam film , directed by ab raj and produced by kp kottarakkara . the film stars madhu , sheela , adoor bhasi and jose prakash in lead roles . the film had musical score by m. k. arjunan . the film was a remake of tamil film &lt;&lt;unk&gt;&gt; which itself was remade from telugu film papa kosam .