curse of the kohinoor is an upcoming hindi swashbuckler film directed by raghav murali and produced by &lt;&lt;unk&gt;&gt; entertainment . it features rahsaan noor and &lt;&lt;unk&gt;&gt; pal in the lead roles . the principal photography commenced on 30 august 2016 . the film is scheduled for a worldwide release in the summer of 2017 .