the forbidden door ( indonesian : &lt;&lt;unk&gt;&gt; &lt;&lt;unk&gt;&gt; ) is a 2009 indonesian thriller film , directed by &lt;&lt;unk&gt;&gt; anwar . it is based on the novel &lt;&lt;unk&gt;&gt; &lt;&lt;unk&gt;&gt; , written by sekar &lt;&lt;unk&gt;&gt; &lt;&lt;unk&gt;&gt; . &lt;&lt;unk&gt;&gt; anwar won the best of puchon award at the 2009 puchon international fantastic film festival , and was nominated for the golden &lt;&lt;unk&gt;&gt; award at the 2009 bangkok international film festival .