&lt;&lt;unk&gt;&gt; ( english : bonded until death ) is a 1985 hindi film directed by prakash jha , based on the story &lt;&lt;unk&gt;&gt; by &lt;&lt;unk&gt;&gt; , a native of gaya district of &lt;&lt;unk&gt;&gt; , and annu kapoor , &lt;&lt;unk&gt;&gt; &lt;&lt;unk&gt;&gt; , manohar singh , deepti naval , ranjan kamath and pyare mohan &lt;&lt;unk&gt;&gt; in lead roles .