gringo : the dangerous life of john mcafee is a showtime documentary about the portion of john mcafee 's life spent in belize . mcafee became a millionaire after creating a prominent &lt;&lt;unk&gt;&gt; software , but went into hiding when his neighbor was murdered . the film was directed by nanette burstein and is set to premiere on september 24 , 2016 . mcafee described the documentary as fiction .