&lt;&lt;unk&gt;&gt; ( english : wasp ) is a telugu &lt;&lt;unk&gt;&gt; film directed by santosh srinivas and produced by bellamkonda suresh under sri sai ganesh productions and released on 12 august 2011 . the film features ram and hansika motwani in the lead roles . &lt;&lt;unk&gt;&gt; &lt;&lt;unk&gt;&gt; played another lead &lt;&lt;unk&gt;&gt; film 's music was scored by s. thaman . the film received positive reviews from critics and audience and was a box-office success . it was remade in bengali as paglu 2 starring dev and koel mallick directed by sujit mondal , and is remade into hindi as main tera hero , directed by david dhawan , starring varun dhawan , ileana d'cruz and nargis fakhri . it is also dubbed in hindi as dangerous khiladi 4 by goldmine telefilms pvt. ltd .