the glad eye is a 1920 british silent comedy film directed by james reardon and kenelm foss and starring james reardon , dorothy &lt;&lt;unk&gt;&gt; and hayford hobbs . it is an adaptation of the play le &lt;&lt;unk&gt;&gt; by paul armont and nicolas &lt;&lt;unk&gt;&gt; . it was remade as a film of the same name in 1927 .