&lt;&lt;unk&gt;&gt; rocks ! is a 2013 independent rockumentary film about &lt;&lt;unk&gt;&gt; , a 1980s rock band with " a &lt;&lt;unk&gt;&gt; lack of musical talent . " the film is directed by clay &lt;&lt;unk&gt;&gt; , a veteran documentary filmmaker , and features the living members of &lt;&lt;unk&gt;&gt; along with various celebrities commenting on the band . the film is dedicated to jerry mann , a former bassist for &lt;&lt;unk&gt;&gt; who died in 2011 .