company man is a 2000 comedy film written and directed by peter askin and douglas mcgrath . the film stars mcgrath , sigourney weaver , john turturro , ryan phillippe , alan cumming , anthony lapaglia , woody allen , and denis leary as " officer fry " . bill murray had a cameo appearance in the film that was cut before the film 's release .